=== 10:43 RUN 12_tipping_point
Mensagens de aviso:
1: pacote 'ggplot2' foi compilado no R vers~ao 4.4.3 
2: pacote 'data.table' foi compilado no R vers~ao 4.4.3 
[10:44:05] origins with a scheduled t+1: 9,207,925 (unmatched: 1,205,797)
[10:44:06]   imputation model, college = 0
[10:50:09]   imputation model, college = 1
[10:51:22]   imputed 1,205,797 unmatched outcomes
[10:51:22] loading cached tipping-point search from tipping_point.csv
[10:51:22] tipping delta =    NA  (unmatched graduates' exit rate 0.0399 ->    NA)
[10:51:22] wrote tab_tipping.tex
[10:51:22] 12_tipping_point.R done.
=== 10:51 OK 12_tipping_point
=== 10:51 RUN 09_paper_numbers
Mensagens de aviso:
1: pacote 'ggplot2' foi compilado no R vers~ao 4.4.3 
2: pacote 'data.table' foi compilado no R vers~ao 4.4.3 
Erro: macro 'OverlapMidGap' resolved to nothing -- check the file it reads from
Execuc~ao interrompida
=== FAILED 09_paper_numbers
Rc files read:
  NONE
Latexmk: This is Latexmk, John Collins, 31 Jan. 2024. Version 4.83.
Latexmk: applying rule 'bibtex paper'...
Rule 'bibtex paper':  Reasons for rerun
Category 'no_dest':
  bibtex paper

------------
Run number 1 of rule 'bibtex paper'
------------
------------
Running 'bibtex  "paper.aux"'
------------
This is BibTeX, Version 0.99d (TeX Live 2024)
The top-level auxiliary file: paper.aux
The style file: elsarticle-harv.bst
Database file #1: refs.bib
Latexmk: applying rule 'pdflatex'...
Rule 'pdflatex':  Reasons for rerun
Changed files or newly in use/created:
  ../analysis/output/tables/tab_tipping.tex
  paper.bbl
Category 'changed_user':
  ../analysis/output/tables/tab_tipping.tex

------------
Run number 1 of rule 'pdflatex'
------------
------------
Running 'pdflatex  -interaction=nonstopmode -recorder  "paper.tex"'
------------
This is pdfTeX, Version 3.141592653-2.6-1.40.26 (TeX Live 2024) (preloaded format=pdflatex)
 restricted \write18 enabled.
entering extended mode
(./paper.tex
LaTeX2e <2023-11-01> patch level 1
L3 programming layer <2024-02-20>
(/usr/local/texlive/2024/texmf-dist/tex/latex/elsarticle/elsarticle.cls
Document Class: elsarticle 2020/11/20, 3.3: Elsevier Ltd
(/usr/local/texlive/2024/texmf-dist/tex/latex/l3kernel/expl3.sty
(/usr/local/texlive/2024/texmf-dist/tex/latex/l3backend/l3backend-pdftex.def))
(/usr/local/texlive/2024/texmf-dist/tex/latex/l3packages/xparse/xparse.sty)
(/usr/local/texlive/2024/texmf-dist/tex/latex/etoolbox/etoolbox.sty)
(/usr/local/texlive/2024/texmf-dist/tex/latex/base/article.cls
Document Class: article 2023/05/17 v1.4n Standard LaTeX document class
(/usr/local/texlive/2024/texmf-dist/tex/latex/base/size10.clo))
(/usr/local/texlive/2024/texmf-dist/tex/latex/graphics/graphicx.sty
(/usr/local/texlive/2024/texmf-dist/tex/latex/graphics/keyval.sty)
(/usr/local/texlive/2024/texmf-dist/tex/latex/graphics/graphics.sty
(/usr/local/texlive/2024/texmf-dist/tex/latex/graphics/trig.sty)
(/usr/local/texlive/2024/texmf-dist/tex/latex/graphics-cfg/graphics.cfg)
(/usr/local/texlive/2024/texmf-dist/tex/latex/graphics-def/pdftex.def)))
(./paper.spl) (/usr/local/texlive/2024/texmf-dist/tex/latex/natbib/natbib.sty)
(/usr/local/texlive/2024/texmf-dist/tex/latex/geometry/geometry.sty
(/usr/local/texlive/2024/texmf-dist/tex/generic/iftex/ifvtex.sty
(/usr/local/texlive/2024/texmf-dist/tex/generic/iftex/iftex.sty))))
(/usr/local/texlive/2024/texmf-dist/tex/latex/base/fontenc.sty)
(/usr/local/texlive/2024/texmf-dist/tex/latex/base/inputenc.sty)
(/usr/local/texlive/2024/texmf-dist/tex/latex/lm/lmodern.sty)
(/usr/local/texlive/2024/texmf-dist/tex/latex/microtype/microtype.sty
(/usr/local/texlive/2024/texmf-dist/tex/latex/microtype/microtype-pdftex.def)
(/usr/local/texlive/2024/texmf-dist/tex/latex/microtype/microtype.cfg))
(/usr/local/texlive/2024/texmf-dist/tex/latex/amsmath/amsmath.sty
For additional information on amsmath, use the `?' option.
(/usr/local/texlive/2024/texmf-dist/tex/latex/amsmath/amstext.sty
(/usr/local/texlive/2024/texmf-dist/tex/latex/amsmath/amsgen.sty))
(/usr/local/texlive/2024/texmf-dist/tex/latex/amsmath/amsbsy.sty)
(/usr/local/texlive/2024/texmf-dist/tex/latex/amsmath/amsopn.sty))
(/usr/local/texlive/2024/texmf-dist/tex/latex/amsfonts/amssymb.sty
(/usr/local/texlive/2024/texmf-dist/tex/latex/amsfonts/amsfonts.sty))
(/usr/local/texlive/2024/texmf-dist/tex/latex/booktabs/booktabs.sty)
(/usr/local/texlive/2024/texmf-dist/tex/latex/threeparttable/threeparttable.sty
) (/usr/local/texlive/2024/texmf-dist/tex/latex/float/float.sty)
(/usr/local/texlive/2024/texmf-dist/tex/latex/xcolor/xcolor.sty
(/usr/local/texlive/2024/texmf-dist/tex/latex/graphics-cfg/color.cfg)
(/usr/local/texlive/2024/texmf-dist/tex/latex/graphics/mathcolor.ltx))
(/usr/local/texlive/2024/texmf-dist/tex/latex/hyperref/hyperref.sty
(/usr/local/texlive/2024/texmf-dist/tex/latex/kvsetkeys/kvsetkeys.sty)
(/usr/local/texlive/2024/texmf-dist/tex/generic/kvdefinekeys/kvdefinekeys.sty)
(/usr/local/texlive/2024/texmf-dist/tex/generic/pdfescape/pdfescape.sty
(/usr/local/texlive/2024/texmf-dist/tex/generic/ltxcmds/ltxcmds.sty)
(/usr/local/texlive/2024/texmf-dist/tex/generic/pdftexcmds/pdftexcmds.sty
(/usr/local/texlive/2024/texmf-dist/tex/generic/infwarerr/infwarerr.sty)))
(/usr/local/texlive/2024/texmf-dist/tex/latex/hycolor/hycolor.sty)
(/usr/local/texlive/2024/texmf-dist/tex/latex/auxhook/auxhook.sty)
(/usr/local/texlive/2024/texmf-dist/tex/latex/hyperref/nameref.sty
(/usr/local/texlive/2024/texmf-dist/tex/latex/refcount/refcount.sty)
(/usr/local/texlive/2024/texmf-dist/tex/generic/gettitlestring/gettitlestring.s
ty (/usr/local/texlive/2024/texmf-dist/tex/latex/kvoptions/kvoptions.sty)))
(/usr/local/texlive/2024/texmf-dist/tex/latex/hyperref/pd1enc.def)
(/usr/local/texlive/2024/texmf-dist/tex/generic/intcalc/intcalc.sty)
(/usr/local/texlive/2024/texmf-dist/tex/latex/hyperref/puenc.def)
(/usr/local/texlive/2024/texmf-dist/tex/latex/url/url.sty)
(/usr/local/texlive/2024/texmf-dist/tex/generic/bitset/bitset.sty
(/usr/local/texlive/2024/texmf-dist/tex/generic/bigintcalc/bigintcalc.sty))
(/usr/local/texlive/2024/texmf-dist/tex/latex/base/atbegshi-ltx.sty))
(/usr/local/texlive/2024/texmf-dist/tex/latex/hyperref/hpdftex.def
(/usr/local/texlive/2024/texmf-dist/tex/latex/base/atveryend-ltx.sty)
(/usr/local/texlive/2024/texmf-dist/tex/latex/rerunfilecheck/rerunfilecheck.sty

(/usr/local/texlive/2024/texmf-dist/tex/generic/uniquecounter/uniquecounter.sty
))) (../analysis/output/tables/numbers.tex)
(/usr/local/texlive/2024/texmf-dist/tex/latex/lm/t1lmr.fd) (./paper.aux)
(/usr/local/texlive/2024/texmf-dist/tex/context/base/mkii/supp-pdf.mkii
[Loading MPS to PDF converter (version 2006.09.02).]
) (/usr/local/texlive/2024/texmf-dist/tex/latex/epstopdf-pkg/epstopdf-base.sty
(/usr/local/texlive/2024/texmf-dist/tex/latex/latexconfig/epstopdf-sys.cfg))
*geometry* driver: auto-detecting
*geometry* detected driver: pdftex
(/usr/local/texlive/2024/texmf-dist/tex/latex/microtype/mt-cmr.cfg)
(./paper.out) (./paper.out)
(/usr/local/texlive/2024/texmf-dist/tex/latex/lm/ot1lmr.fd)
(/usr/local/texlive/2024/texmf-dist/tex/latex/lm/omllmm.fd)
(/usr/local/texlive/2024/texmf-dist/tex/latex/lm/omslmsy.fd)
(/usr/local/texlive/2024/texmf-dist/tex/latex/lm/omxlmex.fd)
(/usr/local/texlive/2024/texmf-dist/tex/latex/amsfonts/umsa.fd)
(/usr/local/texlive/2024/texmf-dist/tex/latex/microtype/mt-msa.cfg)
(/usr/local/texlive/2024/texmf-dist/tex/latex/amsfonts/umsb.fd)
(/usr/local/texlive/2024/texmf-dist/tex/latex/microtype/mt-msb.cfg)
(/usr/local/texlive/2024/texmf-dist/tex/latex/lm/t1lmtt.fd)

Package hyperref Warning: Token not allowed in a PDF string (Unicode):
(hyperref)                removing `\<def>-command' on input line 131.


Package hyperref Warning: Token not allowed in a PDF string (Unicode):
(hyperref)                removing `\cnotenum' on input line 131.


Package hyperref Warning: Token not allowed in a PDF string (Unicode):
(hyperref)                removing `\<def>-command' on input line 131.


Package hyperref Warning: Token not allowed in a PDF string (Unicode):
(hyperref)                removing `\@corref' on input line 131.

[1{/usr/local/texlive/2024/texmf-var/fonts/map/pdftex/updmap/pdftex.map}{/usr/l
ocal/texlive/2024/texmf-dist/fonts/enc/dvips/lm/lm-ec.enc}{/usr/local/texlive/2
024/texmf-dist/fonts/enc/dvips/lm/lm-mathsy.enc}]

Package natbib Warning: Citation `Pew2020' on page 2 undefined on input line 14
4.


Package natbib Warning: Citation `Montenovo2022' on page 2 undefined on input l
ine 144.


Package natbib Warning: Citation `Cajner2020' on page 2 undefined on input line
 144.


Package natbib Warning: Citation `Prassl2020' on page 2 undefined on input line
 145.


Package natbib Warning: Citation `Albanesi2021' on page 2 undefined on input li
ne 145.


Package natbib Warning: Citation `Aum2021' on page 2 undefined on input line 14
5.


Package natbib Warning: Citation `Forsythe2020' on page 2 undefined on input li
ne 147.


Package natbib Warning: Citation `Chetty2024' on page 2 undefined on input line
 148.


Package natbib Warning: Citation `BenPorath1967' on page 2 undefined on input l
ine 151.


Package natbib Warning: Citation `Mincer1974' on page 2 undefined on input line
 151.


Package natbib Warning: Citation `Lise2020' on page 2 undefined on input line 1
51.


Package natbib Warning: Citation `Farber2005' on page 2 undefined on input line
 153.


Package natbib Warning: Citation `Hoynes2012' on page 2 undefined on input line
 153.


Package natbib Warning: Citation `Davis1987' on page 2 undefined on input line 
154.


Package natbib Warning: Citation `Brainard1993' on page 2 undefined on input li
ne 154.


Package natbib Warning: Citation `Autor2003' on page 2 undefined on input line 
155.


Package natbib Warning: Citation `Dingel2020' on page 2 undefined on input line
 155.


Package natbib Warning: Citation `Barrero2023' on page 2 undefined on input lin
e 155.


Package natbib Warning: Citation `Beuermann2024' on page 2 undefined on input l
ine 156.


Package natbib Warning: Citation `LaPorta2014' on page 2 undefined on input lin
e 166.


Package natbib Warning: Citation `Meghir2015' on page 2 undefined on input line
 166.


Package natbib Warning: Citation `Ulyssea2018' on page 2 undefined on input lin
e 166.


Package natbib Warning: Citation `DixCarneiro2026' on page 2 undefined on input
 line 166.


Package natbib Warning: Citation `Arruda2022' on page 2 undefined on input line
 171.


Package natbib Warning: Citation `Neri2020' on page 2 undefined on input line 1
71.


Package natbib Warning: Citation `Lopez2023' on page 2 undefined on input line 
171.


Package natbib Warning: Citation `MTE2020' on page 2 undefined on input line 17
4.


Package natbib Warning: Citation `Ulyssea2018' on page 2 undefined on input lin
e 175.


Package natbib Warning: Citation `Ulyssea2020' on page 2 undefined on input lin
e 175.


Package natbib Warning: Citation `Parente2024' on page 2 undefined on input lin
e 175.


Package natbib Warning: Citation `Maurizio2023' on page 2 undefined on input li
ne 180.


Package natbib Warning: Citation `Bottan2020' on page 2 undefined on input line
 184.


Package natbib Warning: Citation `Arruda2022' on page 2 undefined on input line
 187.


Package natbib Warning: Citation `Lopez2023' on page 2 undefined on input line 
187.


Package natbib Warning: Citation `Andrade2025' on page 2 undefined on input lin
e 187.

[2] [3]

Package natbib Warning: Citation `Arruda2022' on page 4 undefined on input line
 271.


Package natbib Warning: Citation `Neri2020' on page 4 undefined on input line 2
71.


Package natbib Warning: Citation `Salto2021' on page 4 undefined on input line 
271.


Package natbib Warning: Citation `Lopez2023' on page 4 undefined on input line 
274.


Package natbib Warning: Citation `MTE2020' on page 4 undefined on input line 28
1.


Package natbib Warning: Citation `Giupponi2023' on page 4 undefined on input li
ne 283.


Package natbib Warning: Citation `Ulyssea2020' on page 4 undefined on input lin
e 291.


Package natbib Warning: Citation `GerardGonzaga2021' on page 4 undefined on inp
ut line 291.


Package natbib Warning: Citation `Ribas2008' on page 4 undefined on input line 
308.

[4]

Package natbib Warning: Citation `Maurizio2023' on page 5 undefined on input li
ne 360.

[5{/usr/local/texlive/2024/texmf-dist/fonts/enc/dvips/lm/lm-mathit.enc}{/usr/lo
cal/texlive/2024/texmf-dist/fonts/enc/dvips/lm/lm-rm.enc}]
(../analysis/output/tables/tab_descriptives.tex) [6] [7] [8{/usr/local/texlive/
2024/texmf-dist/fonts/enc/dvips/lm/lm-mathex.enc}]

Package natbib Warning: Citation `Cameron2011' on page 9 undefined on input lin
e 470.


Package natbib Warning: Citation `Abadie2023' on page 9 undefined on input line
 471.


Package natbib Warning: Citation `MontielOlea2019' on page 9 undefined on input
 line 488.


Package natbib Warning: Citation `Cameron2008' on page 9 undefined on input lin
e 496.


Package natbib Warning: Citation `Roodman2019' on page 9 undefined on input lin
e 496.


Package natbib Warning: Citation `Kitagawa1955' on page 9 undefined on input li
ne 503.


Package natbib Warning: Citation `Oaxaca1973' on page 9 undefined on input line
 504.


Package natbib Warning: Citation `Blinder1973' on page 9 undefined on input lin
e 504.


Package natbib Warning: Citation `Fortin2011' on page 9 undefined on input line
 505.

[9]

pdfTeX warning: pdflatex (file ../analysis/output/figures/fig_levels.pdf): PDF 
inclusion: found PDF version <1.7>, but at most version <1.5> allowed
[10]

pdfTeX warning: pdflatex (file ../analysis/output/figures/fig_gap.pdf): PDF inc
lusion: found PDF version <1.7>, but at most version <1.5> allowed
[11 <../analysis/output/figures/fig_levels.pdf>]
(../analysis/output/tables/tab_main_margins.tex) [12 <../analysis/output/figure
s/fig_gap.pdf>]

Package natbib Warning: Citation `Cameron2008' on page 13 undefined on input li
ne 575.


Package natbib Warning: Citation `Roodman2019' on page 13 undefined on input li
ne 575.

[13] [14] (../analysis/output/tables/tab_spec_ladder.tex) [15]

pdfTeX warning: pdflatex (file ../analysis/output/figures/fig_formal_informal.p
df): PDF inclusion: found PDF version <1.7>, but at most version <1.5> allowed
[16] (../analysis/output/tables/tab_heterogeneity.tex) [17 <../analysis/output/
figures/fig_formal_informal.pdf>] [18]
(../analysis/output/tables/tab_decomposition.tex) [19] [20] [21]

pdfTeX warning: pdflatex (file ../analysis/output/figures/fig_retention.pdf): P
DF inclusion: found PDF version <1.7>, but at most version <1.5> allowed
[22 <../analysis/output/figures/fig_retention.pdf>]
(../analysis/output/tables/tab_attrition.tex) [23] [24]
! Undefined control sequence.
l.831 ...Pushing $\delta$ down to \TippingDeltaMin
                                                  , which drives the imputed...

! Undefined control sequence.
l.834 \BaseMidGapFour{} to \TippingFloor
                                        {} --- it does not approach zero, le...

[25] (../analysis/output/tables/tab_overlap.tex)
(../analysis/output/tables/tab_robustness.tex) [26]

Package natbib Warning: Citation `Dingel2020' on page 27 undefined on input lin
e 899.


Package natbib Warning: Citation `Alon2020' on page 27 undefined on input line 
900.


Package natbib Warning: Citation `Ganong2020' on page 27 undefined on input lin
e 903.


Package natbib Warning: Citation `Marinescu2021' on page 27 undefined on input 
line 903.

[27] [28] (./paper.bbl [29] [30]
Underfull \hbox (badness 7486) in paragraph at lines 387--395
[]\T1/lmr/m/n/8 (+20) Parente, R.M., 2024.  Min-i-mum Wages, In-equal-ity, and 
the In-for-mal Sec-tor.  IMF Work-ing Pa-per

Underfull \hbox (badness 4967) in paragraph at lines 387--395
\T1/lmr/m/n/8 (+20) 2024/159. In-ter-na-tional Mon-e-tary Fund.  URL: [][]$\T1/
lmtt/m/n/8 https : / / www . imf . org / en / Publications / WP / Issues / 2024
 / 07 / 19 /
)

Package natbib Warning: Citation `Ribas2008' on page 31 undefined on input line
 1007.

[31] (../analysis/output/tables/tab_matching.tex
pdfTeX warning (ext4): destination with the same identifier (name{table.1}) has
 been already used, duplicate ignored
<to be read again> 
                   \relax 
l.3 ...rmance of the stage-3 panel identification}
                                                  ) [32]
(../analysis/output/tables/tab_vcov_sensitivity.tex
pdfTeX warning (ext4): destination with the same identifier (name{table.1}) has
 been already used, duplicate ignored
<to be read again> 
                   \relax 
l.3 ... the college gap to the variance estimator}
                                                  ) [33]
(../analysis/output/tables/tab_placebo.tex
pdfTeX warning (ext4): destination with the same identifier (name{table.2}) has
 been already used, duplicate ignored
<to be read again> 
                   \relax 
l.3 ...against placebo windows of the same length}
                                                  ) [34]

pdfTeX warning: pdflatex (file ../analysis/output/figures/fig_decomposition.pdf
): PDF inclusion: found PDF version <1.7>, but at most version <1.5> allowed

pdfTeX warning (ext4): destination with the same identifier (name{figure.1}) ha
s been already used, duplicate ignored
<to be read again> 
                   \relax 
l.1109   occupation.}
                     
pdfTeX warning (ext4): destination with the same identifier (name{figure.1}) ha
s been already used, duplicate ignored
<to be read again> 
                   \relax 
l.1109   occupation.}
                      [35] (../analysis/output/tables/tab_decomp_variants.tex
pdfTeX warning (ext4): destination with the same identifier (name{table.3}) has
 been already used, duplicate ignored
<to be read again> 
                   \relax 
l.3 ...ternative references and on common support}
                                                  ) [36 <../analysis/output/fig
ures/fig_decomposition.pdf>]

pdfTeX warning: pdflatex (file ../analysis/output/figures/fig_by_position.pdf):
 PDF inclusion: found PDF version <1.7>, but at most version <1.5> allowed

pdfTeX warning (ext4): destination with the same identifier (name{figure.2}) ha
s been already used, duplicate ignored
<to be read again> 
                   \relax 
l.1126   different vertical scales.}
                                    
pdfTeX warning (ext4): destination with the same identifier (name{figure.2}) ha
s been already used, duplicate ignored
<to be read again> 
                   \relax 
l.1126   different vertical scales.}
                                     [37]

pdfTeX warning: pdflatex (file ../analysis/output/figures/fig_by_demographics.p
df): PDF inclusion: found PDF version <1.7>, but at most version <1.5> allowed

pdfTeX warning (ext4): destination with the same identifier (name{figure.3}) ha
s been already used, duplicate ignored
<to be read again> 
                   \relax 
l.1135 ...ds. Note the different vertical scales.}
                                                  
pdfTeX warning (ext4): destination with the same identifier (name{figure.3}) ha
s been already used, duplicate ignored
<to be read again> 
                   \relax 
l.1135 ...ds. Note the different vertical scales.}
                                                   [38 <../analysis/output/figu
res/fig_by_position.pdf>] (../analysis/output/tables/tab_ipw.tex
pdfTeX warning (ext4): destination with the same identifier (name{table.4}) has
 been already used, duplicate ignored
<to be read again> 
                   \relax 
l.3 ...er inverse-retention-probability weighting}
                                                  ) [39 <../analysis/output/fig
ures/fig_by_demographics.pdf>]

pdfTeX warning: pdflatex (file ../analysis/output/figures/fig_attrition_frontie
r.pdf): PDF inclusion: found PDF version <1.7>, but at most version <1.5> allow
ed

pdfTeX warning (ext4): destination with the same identifier (name{figure.4}) ha
s been already used, duplicate ignored
<to be read again> 
                   \relax 
l.1157   their own education group.}
                                    
pdfTeX warning (ext4): destination with the same identifier (name{figure.4}) ha
s been already used, duplicate ignored
<to be read again> 
                   \relax 
l.1157   their own education group.}
                                     [40]
(../analysis/output/tables/tab_tipping.tex
pdfTeX warning (ext4): destination with the same identifier (name{table.5}) has
 been already used, duplicate ignored
<to be read again> 
                   \relax 
l.3 ...ould have to depart from missing-at-random}
                                                  ) [41 <../analysis/output/fig
ures/fig_attrition_frontier.pdf>]
(../analysis/output/tables/tab_sample_by_quarter.tex
pdfTeX warning (ext4): destination with the same identifier (name{table.6}) has
 been already used, duplicate ignored
<to be read again> 
                   \relax 
l.3 \caption{Sample composition by quarter}
                                           ) [42]

Package natbib Warning: There were undefined citations.

[43] (./paper.aux

Package natbib Warning: Citation(s) may have changed.
(natbib)                Rerun to get citations correct.

)

LaTeX Warning: Label(s) may have changed. Rerun to get cross-references right.

 )
(see the transcript file for additional information)</usr/local/texlive/2024/te
xmf-dist/fonts/type1/public/lm/lmbx10.pfb></usr/local/texlive/2024/texmf-dist/f
onts/type1/public/lm/lmbx8.pfb></usr/local/texlive/2024/texmf-dist/fonts/type1/
public/lm/lmex10.pfb></usr/local/texlive/2024/texmf-dist/fonts/type1/public/lm/
lmmi10.pfb></usr/local/texlive/2024/texmf-dist/fonts/type1/public/lm/lmmi6.pfb>
</usr/local/texlive/2024/texmf-dist/fonts/type1/public/lm/lmmi7.pfb></usr/local
/texlive/2024/texmf-dist/fonts/type1/public/lm/lmmi8.pfb></usr/local/texlive/20
24/texmf-dist/fonts/type1/public/lm/lmmi9.pfb></usr/local/texlive/2024/texmf-di
st/fonts/type1/public/lm/lmr10.pfb></usr/local/texlive/2024/texmf-dist/fonts/ty
pe1/public/lm/lmr12.pfb></usr/local/texlive/2024/texmf-dist/fonts/type1/public/
lm/lmr6.pfb></usr/local/texlive/2024/texmf-dist/fonts/type1/public/lm/lmr7.pfb>
</usr/local/texlive/2024/texmf-dist/fonts/type1/public/lm/lmr8.pfb></usr/local/
texlive/2024/texmf-dist/fonts/type1/public/lm/lmr9.pfb></usr/local/texlive/2024
/texmf-dist/fonts/type1/public/lm/lmri10.pfb></usr/local/texlive/2024/texmf-dis
t/fonts/type1/public/lm/lmri7.pfb></usr/local/texlive/2024/texmf-dist/fonts/typ
e1/public/lm/lmri8.pfb></usr/local/texlive/2024/texmf-dist/fonts/type1/public/l
m/lmri9.pfb></usr/local/texlive/2024/texmf-dist/fonts/type1/public/lm/lmsy10.pf
b></usr/local/texlive/2024/texmf-dist/fonts/type1/public/lm/lmsy5.pfb></usr/loc
al/texlive/2024/texmf-dist/fonts/type1/public/lm/lmsy6.pfb></usr/local/texlive/
2024/texmf-dist/fonts/type1/public/lm/lmsy7.pfb></usr/local/texlive/2024/texmf-
dist/fonts/type1/public/lm/lmsy8.pfb></usr/local/texlive/2024/texmf-dist/fonts/
type1/public/lm/lmsy9.pfb></usr/local/texlive/2024/texmf-dist/fonts/type1/publi
c/lm/lmtt10.pfb></usr/local/texlive/2024/texmf-dist/fonts/type1/public/lm/lmtt8
.pfb></usr/local/texlive/2024/texmf-dist/fonts/type1/public/amsfonts/symbols/ms
bm10.pfb>
Output written on paper.pdf (43 pages, 683606 bytes).
Transcript written on paper.log.
Latexmk: Getting log file 'paper.log'
Latexmk: Examining 'paper.fls'
Latexmk: Examining 'paper.log'
Latexmk: Found input bbl file 'paper.bbl'
Latexmk: References changed.
Latexmk: References changed.
Latexmk: Log file says output to 'paper.pdf'
Latexmk: ====Undefined refs and citations with line #s in .tex file:
  Citation `Pew2020' on page 2 undefined on input line 144
  Citation `Montenovo2022' on page 2 undefined on input line 144
  Citation `Cajner2020' on page 2 undefined on input line 144
  Citation `Prassl2020' on page 2 undefined on input line 145
  Citation `Albanesi2021' on page 2 undefined on input line 145
  Citation `Aum2021' on page 2 undefined on input line 145
  Citation `Forsythe2020' on page 2 undefined on input line 147
 And 54 more --- see log file 'paper.log'
Latexmk: Sometimes, the -f option can be used to get latexmk
  to try to force complete processing.
  But normally, you will need to correct the file(s) that caused the
  error, and then rerun latexmk.
  In some cases, it is best to clean out generated files before rerunning
  latexmk after you've corrected the files.
Latexmk: Found bibliography file(s):
  ./refs.bib
Latexmk: Summary of warnings from last run of *latex:
  Latex failed to resolve 61 citation(s)
Latexmk: Errors, so I did not complete making targets
Collected error summary (may duplicate other messages):
  pdflatex: Command for 'pdflatex' gave return code 1
      Refer to 'paper.log' and/or above output for details

=== 10:51 compiled: 1
