Mensagens de aviso:
1: pacote 'ggplot2' foi compilado no R vers~ao 4.4.3 
2: pacote 'data.table' foi compilado no R vers~ao 4.4.3 
[15:44:41] RUN 08_robustness.R
[15:44:48]   cached: baseline
[15:44:48]   cached: prime_age
[15:44:48]   cached: to_informal
[15:44:48] wrote tab_robustness.tex
[15:44:48] validating margins against marginaleffects ...
Variance contained negative values in the diagonal and was 'fixed' (a la Cameron, Gelbach & Miller 2011).
Maximum absolute discrepancy between the closed-form margins and marginaleffects::avg_predictions() over 52 quarters:
  no college: 3.671e-15
  college   : 3.636e-15 
[15:45:59] 08_robustness.R done.
[15:45:59] OK  08_robustness.R
[15:45:59] RUN 09_paper_numbers.R
[15:46:07] wrote numbers.tex
[15:46:07] 09_paper_numbers.R done (125 macros).
[15:46:07] OK  /Users/fredie/Documents/GitHub/Monografia/analysis/output/estimates/adjusted_margins_periods_exit_to_nonpart.csv
Mensagen de aviso:
In setFixest_nthreads(max(1L, parallel::detectCores(...:
 OpenMP not detected: cannot use 6 threads, single-threaded mode instead. 
Rc files read:
  NONE
Latexmk: This is Latexmk, John Collins, 31 Jan. 2024. Version 4.83.
No existing .aux file, so I'll make a simple one, and require run of *latex.
Latexmk: applying rule 'pdflatex'...
Rule 'pdflatex':  Reasons for rerun
Category 'other':
  Rerun of 'pdflatex' forced or previously required:
    Reason or flag: 'Initial setup'

------------
Run number 1 of rule 'pdflatex'
------------
------------
Running 'pdflatex  -interaction=nonstopmode -recorder  "paper.tex"'
------------
This is pdfTeX, Version 3.141592653-2.6-1.40.26 (TeX Live 2024) (preloaded format=pdflatex)
 restricted \write18 enabled.
entering extended mode
(./paper.tex
LaTeX2e <2023-11-01> patch level 1
L3 programming layer <2024-02-20>
(/usr/local/texlive/2024/texmf-dist/tex/latex/elsarticle/elsarticle.cls
Document Class: elsarticle 2020/11/20, 3.3: Elsevier Ltd
(/usr/local/texlive/2024/texmf-dist/tex/latex/l3kernel/expl3.sty
(/usr/local/texlive/2024/texmf-dist/tex/latex/l3backend/l3backend-pdftex.def))
(/usr/local/texlive/2024/texmf-dist/tex/latex/l3packages/xparse/xparse.sty)
(/usr/local/texlive/2024/texmf-dist/tex/latex/etoolbox/etoolbox.sty)
(/usr/local/texlive/2024/texmf-dist/tex/latex/base/article.cls
Document Class: article 2023/05/17 v1.4n Standard LaTeX document class
(/usr/local/texlive/2024/texmf-dist/tex/latex/base/size10.clo))
(/usr/local/texlive/2024/texmf-dist/tex/latex/graphics/graphicx.sty
(/usr/local/texlive/2024/texmf-dist/tex/latex/graphics/keyval.sty)
(/usr/local/texlive/2024/texmf-dist/tex/latex/graphics/graphics.sty
(/usr/local/texlive/2024/texmf-dist/tex/latex/graphics/trig.sty)
(/usr/local/texlive/2024/texmf-dist/tex/latex/graphics-cfg/graphics.cfg)
(/usr/local/texlive/2024/texmf-dist/tex/latex/graphics-def/pdftex.def)))
(/usr/local/texlive/2024/texmf-dist/tex/latex/natbib/natbib.sty)
(/usr/local/texlive/2024/texmf-dist/tex/latex/geometry/geometry.sty
(/usr/local/texlive/2024/texmf-dist/tex/generic/iftex/ifvtex.sty
(/usr/local/texlive/2024/texmf-dist/tex/generic/iftex/iftex.sty))))
(/usr/local/texlive/2024/texmf-dist/tex/latex/base/fontenc.sty)
(/usr/local/texlive/2024/texmf-dist/tex/latex/base/inputenc.sty)
(/usr/local/texlive/2024/texmf-dist/tex/latex/lm/lmodern.sty)
(/usr/local/texlive/2024/texmf-dist/tex/latex/microtype/microtype.sty
(/usr/local/texlive/2024/texmf-dist/tex/latex/microtype/microtype-pdftex.def)
(/usr/local/texlive/2024/texmf-dist/tex/latex/microtype/microtype.cfg))
(/usr/local/texlive/2024/texmf-dist/tex/latex/amsmath/amsmath.sty
For additional information on amsmath, use the `?' option.
(/usr/local/texlive/2024/texmf-dist/tex/latex/amsmath/amstext.sty
(/usr/local/texlive/2024/texmf-dist/tex/latex/amsmath/amsgen.sty))
(/usr/local/texlive/2024/texmf-dist/tex/latex/amsmath/amsbsy.sty)
(/usr/local/texlive/2024/texmf-dist/tex/latex/amsmath/amsopn.sty))
(/usr/local/texlive/2024/texmf-dist/tex/latex/amsfonts/amssymb.sty
(/usr/local/texlive/2024/texmf-dist/tex/latex/amsfonts/amsfonts.sty))
(/usr/local/texlive/2024/texmf-dist/tex/latex/booktabs/booktabs.sty)
(/usr/local/texlive/2024/texmf-dist/tex/latex/threeparttable/threeparttable.sty
) (/usr/local/texlive/2024/texmf-dist/tex/latex/float/float.sty)
(/usr/local/texlive/2024/texmf-dist/tex/latex/xcolor/xcolor.sty
(/usr/local/texlive/2024/texmf-dist/tex/latex/graphics-cfg/color.cfg)
(/usr/local/texlive/2024/texmf-dist/tex/latex/graphics/mathcolor.ltx))
(/usr/local/texlive/2024/texmf-dist/tex/latex/hyperref/hyperref.sty
(/usr/local/texlive/2024/texmf-dist/tex/latex/kvsetkeys/kvsetkeys.sty)
(/usr/local/texlive/2024/texmf-dist/tex/generic/kvdefinekeys/kvdefinekeys.sty)
(/usr/local/texlive/2024/texmf-dist/tex/generic/pdfescape/pdfescape.sty
(/usr/local/texlive/2024/texmf-dist/tex/generic/ltxcmds/ltxcmds.sty)
(/usr/local/texlive/2024/texmf-dist/tex/generic/pdftexcmds/pdftexcmds.sty
(/usr/local/texlive/2024/texmf-dist/tex/generic/infwarerr/infwarerr.sty)))
(/usr/local/texlive/2024/texmf-dist/tex/latex/hycolor/hycolor.sty)
(/usr/local/texlive/2024/texmf-dist/tex/latex/auxhook/auxhook.sty)
(/usr/local/texlive/2024/texmf-dist/tex/latex/hyperref/nameref.sty
(/usr/local/texlive/2024/texmf-dist/tex/latex/refcount/refcount.sty)
(/usr/local/texlive/2024/texmf-dist/tex/generic/gettitlestring/gettitlestring.s
ty (/usr/local/texlive/2024/texmf-dist/tex/latex/kvoptions/kvoptions.sty)))
(/usr/local/texlive/2024/texmf-dist/tex/latex/hyperref/pd1enc.def)
(/usr/local/texlive/2024/texmf-dist/tex/generic/intcalc/intcalc.sty)
(/usr/local/texlive/2024/texmf-dist/tex/latex/hyperref/puenc.def)
(/usr/local/texlive/2024/texmf-dist/tex/latex/url/url.sty)
(/usr/local/texlive/2024/texmf-dist/tex/generic/bitset/bitset.sty
(/usr/local/texlive/2024/texmf-dist/tex/generic/bigintcalc/bigintcalc.sty))
(/usr/local/texlive/2024/texmf-dist/tex/latex/base/atbegshi-ltx.sty))
(/usr/local/texlive/2024/texmf-dist/tex/latex/hyperref/hpdftex.def
(/usr/local/texlive/2024/texmf-dist/tex/latex/base/atveryend-ltx.sty)
(/usr/local/texlive/2024/texmf-dist/tex/latex/rerunfilecheck/rerunfilecheck.sty

(/usr/local/texlive/2024/texmf-dist/tex/generic/uniquecounter/uniquecounter.sty
))) (../analysis/output/tables/numbers.tex)
(/usr/local/texlive/2024/texmf-dist/tex/latex/lm/t1lmr.fd) (./paper.aux)
(/usr/local/texlive/2024/texmf-dist/tex/context/base/mkii/supp-pdf.mkii
[Loading MPS to PDF converter (version 2006.09.02).]
) (/usr/local/texlive/2024/texmf-dist/tex/latex/epstopdf-pkg/epstopdf-base.sty
(/usr/local/texlive/2024/texmf-dist/tex/latex/latexconfig/epstopdf-sys.cfg))
*geometry* driver: auto-detecting
*geometry* detected driver: pdftex
(/usr/local/texlive/2024/texmf-dist/tex/latex/microtype/mt-cmr.cfg)
(/usr/local/texlive/2024/texmf-dist/tex/latex/lm/ot1lmr.fd)
(/usr/local/texlive/2024/texmf-dist/tex/latex/lm/omllmm.fd)
(/usr/local/texlive/2024/texmf-dist/tex/latex/lm/omslmsy.fd)
(/usr/local/texlive/2024/texmf-dist/tex/latex/lm/omxlmex.fd)
(/usr/local/texlive/2024/texmf-dist/tex/latex/amsfonts/umsa.fd)
(/usr/local/texlive/2024/texmf-dist/tex/latex/microtype/mt-msa.cfg)
(/usr/local/texlive/2024/texmf-dist/tex/latex/amsfonts/umsb.fd)
(/usr/local/texlive/2024/texmf-dist/tex/latex/microtype/mt-msb.cfg)

Package natbib Warning: Citation `Pew2020' on page 1 undefined on input line 10
8.


Package natbib Warning: Citation `Montenovo2022' on page 1 undefined on input l
ine 108.


Package natbib Warning: Citation `Cajner2020' on page 1 undefined on input line
 108.


Package natbib Warning: Citation `Prassl2020' on page 1 undefined on input line
 109.


Package natbib Warning: Citation `Albanesi2021' on page 1 undefined on input li
ne 109.


Package natbib Warning: Citation `Aum2021' on page 1 undefined on input line 10
9.


Overfull \hbox (2.22221pt too wide) has occurred while \output is active
[] 

Package hyperref Warning: Token not allowed in a PDF string (Unicode):
(hyperref)                removing `\<def>-command' on input line 110.


Package hyperref Warning: Token not allowed in a PDF string (Unicode):
(hyperref)                removing `\cnotenum' on input line 110.


Package hyperref Warning: Token not allowed in a PDF string (Unicode):
(hyperref)                removing `\<def>-command' on input line 110.


Package hyperref Warning: Token not allowed in a PDF string (Unicode):
(hyperref)                removing `\@corref' on input line 110.

[1{/usr/local/texlive/2024/texmf-var/fonts/map/pdftex/updmap/pdftex.map}{/usr/l
ocal/texlive/2024/texmf-dist/fonts/enc/dvips/lm/lm-ec.enc}{/usr/local/texlive/2
024/texmf-dist/fonts/enc/dvips/lm/lm-mathsy.enc}]

Package natbib Warning: Citation `BenPorath1967' on page 2 undefined on input l
ine 112.


Package natbib Warning: Citation `Mincer1974' on page 2 undefined on input line
 112.


Package natbib Warning: Citation `Lise2020' on page 2 undefined on input line 1
12.


Package natbib Warning: Citation `Farber2005' on page 2 undefined on input line
 114.


Package natbib Warning: Citation `Hoynes2012' on page 2 undefined on input line
 114.


Package natbib Warning: Citation `Davis1987' on page 2 undefined on input line 
115.


Package natbib Warning: Citation `Brainard1993' on page 2 undefined on input li
ne 115.


Package natbib Warning: Citation `Autor2003' on page 2 undefined on input line 
116.


Package natbib Warning: Citation `Dingel2020' on page 2 undefined on input line
 116.


Package natbib Warning: Citation `Barrero2023' on page 2 undefined on input lin
e 116.


Package natbib Warning: Citation `Beuermann2024' on page 2 undefined on input l
ine 117.


Package natbib Warning: Citation `Arruda2022' on page 2 undefined on input line
 128.


Package natbib Warning: Citation `Neri2020' on page 2 undefined on input line 1
28.


Package natbib Warning: Citation `Lopez2023' on page 2 undefined on input line 
128.


Package natbib Warning: Citation `MTE2020' on page 2 undefined on input line 13
1.


Package natbib Warning: Citation `Ulyssea2020' on page 2 undefined on input lin
e 132.


Package natbib Warning: Citation `Parente2024' on page 2 undefined on input lin
e 132.


Package natbib Warning: Citation `Maurizio2023' on page 2 undefined on input li
ne 137.


Package natbib Warning: Citation `Bottan2020' on page 2 undefined on input line
 141.


Package natbib Warning: Citation `Arruda2022' on page 2 undefined on input line
 144.


Package natbib Warning: Citation `Lopez2023' on page 2 undefined on input line 
144.


Package natbib Warning: Citation `Andrade2021' on page 2 undefined on input lin
e 144.

[2]

LaTeX Warning: Reference `sec:institutional' on page 3 undefined on input line 
197.


LaTeX Warning: Reference `sec:data' on page 3 undefined on input line 198.


LaTeX Warning: Reference `sec:empirical' on page 3 undefined on input line 199.



LaTeX Warning: Reference `sec:results' on page 3 undefined on input line 200.


LaTeX Warning: Reference `sec:attrition' on page 3 undefined on input line 201.



LaTeX Warning: Reference `sec:robustness' on page 3 undefined on input line 202
.


LaTeX Warning: Reference `sec:discussion' on page 3 undefined on input line 203
.


LaTeX Warning: Reference `sec:conclusion' on page 3 undefined on input line 204
.


Package natbib Warning: Citation `Arruda2022' on page 3 undefined on input line
 220.


Package natbib Warning: Citation `Neri2020' on page 3 undefined on input line 2
20.


Package natbib Warning: Citation `Salto2021' on page 3 undefined on input line 
220.


Package natbib Warning: Citation `Lopez2023' on page 3 undefined on input line 
223.

[3{/usr/local/texlive/2024/texmf-dist/fonts/enc/dvips/lm/lm-mathit.enc}{/usr/lo
cal/texlive/2024/texmf-dist/fonts/enc/dvips/lm/lm-rm.enc}]

Package natbib Warning: Citation `MTE2020' on page 4 undefined on input line 23
0.


Package natbib Warning: Citation `Giupponi2023' on page 4 undefined on input li
ne 232.


Package natbib Warning: Citation `Ulyssea2020' on page 4 undefined on input lin
e 240.


Package natbib Warning: Citation `GerardGonzaga2021' on page 4 undefined on inp
ut line 240.


Package natbib Warning: Citation `Ribas2008' on page 4 undefined on input line 
257.

(/usr/local/texlive/2024/texmf-dist/tex/latex/lm/t1lmtt.fd)

LaTeX Warning: Reference `sec:inference' on page 4 undefined on input line 276.



LaTeX Warning: Reference `sec:attrition' on page 4 undefined on input line 277.


[4]

Package natbib Warning: Citation `Maurizio2023' on page 5 undefined on input li
ne 288.


LaTeX Warning: Reference `eq:outcomes' on page 5 undefined on input line 301.


LaTeX Warning: Reference `tab:main_margins' on page 5 undefined on input line 3
02.


Package natbib Warning: Citation `Maurizio2023' on page 5 undefined on input li
ne 308.


LaTeX Warning: Reference `tab:robustness' on page 5 undefined on input line 311
.


LaTeX Warning: Reference `app:data' on page 5 undefined on input line 321.


LaTeX Warning: Reference `sec:attrition' on page 5 undefined on input line 328.



LaTeX Warning: Reference `tab:descriptives' on page 5 undefined on input line 3
29.

[5] (../analysis/output/tables/tab_descriptives.tex)

LaTeX Warning: Reference `eq:es' on page 6 undefined on input line 368.


LaTeX Warning: Reference `eq:margins' on page 6 undefined on input line 382.


LaTeX Warning: Reference `app:additional' on page 6 undefined on input line 393
.


Package natbib Warning: Citation `Cameron2011' on page 6 undefined on input lin
e 402.


LaTeX Warning: Reference `tab:vcov' on page 6 undefined on input line 402.

[6{/usr/local/texlive/2024/texmf-dist/fonts/enc/dvips/lm/lm-mathex.enc}]
[7]

Package natbib Warning: Citation `MontielOlea2019' on page 8 undefined on input
 line 409.


LaTeX Warning: Reference `fig:gap' on page 8 undefined on input line 411.


Package natbib Warning: Citation `Cameron2008' on page 8 undefined on input lin
e 417.


Package natbib Warning: Citation `Roodman2019' on page 8 undefined on input lin
e 417.


Package natbib Warning: Citation `Oaxaca1973' on page 8 undefined on input line
 424.


Package natbib Warning: Citation `Blinder1973' on page 8 undefined on input lin
e 424.


LaTeX Warning: Reference `fig:levels' on page 8 undefined on input line 442.


LaTeX Warning: Reference `fig:gap' on page 8 undefined on input line 443.


LaTeX Warning: Reference `tab:main_margins' on page 8 undefined on input line 4
45.



pdfTeX warning: pdflatex (file ../analysis/output/figures/fig_levels.pdf): PDF 
inclusion: found PDF version <1.7>, but at most version <1.5> allowed

LaTeX Warning: Reference `eq:es' on page 8 undefined on input line 454.


LaTeX Warning: Reference `eq:es' on page 8 undefined on input line 454.

[8]

LaTeX Warning: Reference `tab:vcov' on page 9 undefined on input line 467.


Package natbib Warning: Citation `Cameron2008' on page 9 undefined on input lin
e 470.


Package natbib Warning: Citation `Roodman2019' on page 9 undefined on input lin
e 470.


LaTeX Warning: Reference `tab:spec_ladder' on page 9 undefined on input line 47
2.

(../analysis/output/tables/tab_main_margins.tex

LaTeX Warning: Reference `eq:es' on page 9 undefined on input line 48.


LaTeX Warning: Float too large for page by 37.39725pt on input line 51.

) [9 <../analysis/output/figures/fig_levels.pdf>] [10]

pdfTeX warning: pdflatex (file ../analysis/output/figures/fig_gap.pdf): PDF inc
lusion: found PDF version <1.7>, but at most version <1.5> allowed

LaTeX Warning: Reference `tab:spec_ladder' on page 11 undefined on input line 5
00.


LaTeX Warning: Reference `sec:results' on page 11 undefined on input line 507.

(../analysis/output/tables/tab_spec_ladder.tex)

LaTeX Warning: Reference `fig:formal' on page 11 undefined on input line 516.



pdfTeX warning: pdflatex (file ../analysis/output/figures/fig_formal_informal.p
df): PDF inclusion: found PDF version <1.7>, but at most version <1.5> allowed
[11 <../analysis/output/figures/fig_gap.pdf>] [12]

LaTeX Warning: Reference `fig:position' on page 13 undefined on input line 537.



LaTeX Warning: Reference `tab:heterogeneity' on page 13 undefined on input line
 538.



pdfTeX warning: pdflatex (file ../analysis/output/figures/fig_by_position.pdf):
 PDF inclusion: found PDF version <1.7>, but at most version <1.5> allowed

LaTeX Warning: Reference `tab:heterogeneity' on page 13 undefined on input line
 546.


LaTeX Warning: Reference `tab:heterogeneity' on page 13 undefined on input line
 546.

[13 <../analysis/output/figures/fig_formal_informal.pdf>]
(../analysis/output/tables/tab_heterogeneity.tex

LaTeX Warning: Reference `eq:es' on page 14 undefined on input line 41.

)

LaTeX Warning: Reference `eq:decomp' on page 14 undefined on input line 562.


LaTeX Warning: Reference `fig:decomp' on page 14 undefined on input line 563.


LaTeX Warning: Reference `tab:decomposition' on page 14 undefined on input line
 564.



pdfTeX warning: pdflatex (file ../analysis/output/figures/fig_decomposition.pdf
): PDF inclusion: found PDF version <1.7>, but at most version <1.5> allowed
[14 <../analysis/output/figures/fig_by_position.pdf>] [15]

LaTeX Warning: Reference `fig:gap' on page 16 undefined on input line 590.


LaTeX Warning: Reference `eq:es' on page 16 undefined on input line 593.

[16 <../analysis/output/figures/fig_decomposition.pdf>]
(../analysis/output/tables/tab_decomposition.tex)

LaTeX Warning: Reference `tab:heterogeneity' on page 17 undefined on input line
 604.


LaTeX Warning: Reference `fig:demographics' on page 17 undefined on input line 
604.



pdfTeX warning: pdflatex (file ../analysis/output/figures/fig_by_demographics.p
df): PDF inclusion: found PDF version <1.7>, but at most version <1.5> allowed
[17] [18]

LaTeX Warning: Reference `fig:retention' on page 19 undefined on input line 642
.


LaTeX Warning: Reference `tab:attrition' on page 19 undefined on input line 643
.

[19 <../analysis/output/figures/fig_by_demographics.pdf>]

pdfTeX warning: pdflatex (file ../analysis/output/figures/fig_retention.pdf): P
DF inclusion: found PDF version <1.7>, but at most version <1.5> allowed

LaTeX Warning: Reference `tab:attrition' on page 20 undefined on input line 661
.

(../analysis/output/tables/tab_attrition.tex [20 <../analysis/output/figures/fi
g_retention.pdf>])

LaTeX Warning: Reference `eq:es' on page 21 undefined on input line 679.


LaTeX Warning: Reference `tab:ipw' on page 21 undefined on input line 681.

(../analysis/output/tables/tab_ipw.tex)

LaTeX Warning: Reference `tab:matching' on page 21 undefined on input line 687.


[21] [22]

LaTeX Warning: Reference `tab:robustness' on page 23 undefined on input line 70
0.


LaTeX Warning: Reference `tab:vcov' on page 23 undefined on input line 709.

(../analysis/output/tables/tab_robustness.tex

LaTeX Warning: Reference `eq:es' on page 23 undefined on input line 25.

) [23]

Package natbib Warning: Citation `Dingel2020' on page 24 undefined on input lin
e 741.


Package natbib Warning: Citation `Alon2020' on page 24 undefined on input line 
742.


Package natbib Warning: Citation `Ganong2020' on page 24 undefined on input lin
e 745.


Package natbib Warning: Citation `Marinescu2021' on page 24 undefined on input 
line 745.

[24]

LaTeX Warning: Reference `app:data' on page 25 undefined on input line 817.

No file paper.bbl.
[25]

Package natbib Warning: Citation `Ribas2008' on page 26 undefined on input line
 845.


LaTeX Warning: Reference `sec:data' on page 26 undefined on input line 848.


LaTeX Warning: Reference `tab:matching' on page 26 undefined on input line 850.


(../analysis/output/tables/tab_matching.tex) [26]

Package natbib Warning: Citation `Rcore2024' on page 27 undefined on input line
 907.


Package natbib Warning: Citation `Berge2018' on page 27 undefined on input line
 908.

(../analysis/output/tables/tab_vcov_sensitivity.tex

LaTeX Warning: Reference `tab:spec_ladder' on page 27 undefined on input line 2
6.


LaTeX Warning: Reference `tab:spec_ladder' on page 27 undefined on input line 2
6.

) (../analysis/output/tables/tab_sample_by_quarter.tex

LaTeX Warning: Float too large for page by 73.26099pt on input line 69.

)

Package natbib Warning: There were undefined citations.

[27] [28] [29] (./paper.aux)

LaTeX Warning: There were undefined references.


LaTeX Warning: Label(s) may have changed. Rerun to get cross-references right.


Package rerunfilecheck Warning: File `paper.out' has changed.
(rerunfilecheck)                Rerun to get outlines right
(rerunfilecheck)                or use package `bookmark'.

 )
(see the transcript file for additional information)</usr/local/texlive/2024/te
xmf-dist/fonts/type1/public/lm/lmbx10.pfb></usr/local/texlive/2024/texmf-dist/f
onts/type1/public/lm/lmbx8.pfb></usr/local/texlive/2024/texmf-dist/fonts/type1/
public/lm/lmex10.pfb></usr/local/texlive/2024/texmf-dist/fonts/type1/public/lm/
lmmi10.pfb></usr/local/texlive/2024/texmf-dist/fonts/type1/public/lm/lmmi7.pfb>
</usr/local/texlive/2024/texmf-dist/fonts/type1/public/lm/lmmi8.pfb></usr/local
/texlive/2024/texmf-dist/fonts/type1/public/lm/lmmi9.pfb></usr/local/texlive/20
24/texmf-dist/fonts/type1/public/lm/lmr10.pfb></usr/local/texlive/2024/texmf-di
st/fonts/type1/public/lm/lmr12.pfb></usr/local/texlive/2024/texmf-dist/fonts/ty
pe1/public/lm/lmr6.pfb></usr/local/texlive/2024/texmf-dist/fonts/type1/public/l
m/lmr7.pfb></usr/local/texlive/2024/texmf-dist/fonts/type1/public/lm/lmr8.pfb><
/usr/local/texlive/2024/texmf-dist/fonts/type1/public/lm/lmr9.pfb></usr/local/t
exlive/2024/texmf-dist/fonts/type1/public/lm/lmri10.pfb></usr/local/texlive/202
4/texmf-dist/fonts/type1/public/lm/lmri7.pfb></usr/local/texlive/2024/texmf-dis
t/fonts/type1/public/lm/lmri8.pfb></usr/local/texlive/2024/texmf-dist/fonts/typ
e1/public/lm/lmri9.pfb></usr/local/texlive/2024/texmf-dist/fonts/type1/public/l
m/lmsy10.pfb></usr/local/texlive/2024/texmf-dist/fonts/type1/public/lm/lmsy6.pf
b></usr/local/texlive/2024/texmf-dist/fonts/type1/public/lm/lmsy7.pfb></usr/loc
al/texlive/2024/texmf-dist/fonts/type1/public/lm/lmsy8.pfb></usr/local/texlive/
2024/texmf-dist/fonts/type1/public/lm/lmsy9.pfb></usr/local/texlive/2024/texmf-
dist/fonts/type1/public/lm/lmtt10.pfb></usr/local/texlive/2024/texmf-dist/fonts
/type1/public/lm/lmtt8.pfb></usr/local/texlive/2024/texmf-dist/fonts/type1/publ
ic/amsfonts/symbols/msbm10.pfb>
Output written on paper.pdf (29 pages, 602405 bytes).
Transcript written on paper.log.
Latexmk: Missing bbl file 'paper.bbl' in following:
 No file paper.bbl.
Latexmk: Getting log file 'paper.log'
Latexmk: Examining 'paper.fls'
Latexmk: Examining 'paper.log'
Latexmk: References changed.
Latexmk: References changed.
Latexmk: Log file says output to 'paper.pdf'
Latexmk: Found bibliography file(s):
  ./refs.bib
Latexmk: applying rule 'bibtex paper'...
Rule 'bibtex paper':  Reasons for rerun
Category 'other':
  Rerun of 'bibtex paper' forced or previously required:
    Reason or flag: 'Initial set up of rule'

------------
Run number 1 of rule 'bibtex paper'
------------
------------
Running 'bibtex  "paper.aux"'
------------
This is BibTeX, Version 0.99d (TeX Live 2024)
The top-level auxiliary file: paper.aux
The style file: elsarticle-harv.bst
Database file #1: refs.bib
Latexmk: applying rule 'pdflatex'...
Rule 'pdflatex':  Reasons for rerun
Changed files or newly in use/created:
  paper.aux
  paper.bbl
  paper.out

------------
Run number 2 of rule 'pdflatex'
------------
------------
Running 'pdflatex  -interaction=nonstopmode -recorder  "paper.tex"'
------------
This is pdfTeX, Version 3.141592653-2.6-1.40.26 (TeX Live 2024) (preloaded format=pdflatex)
 restricted \write18 enabled.
entering extended mode
(./paper.tex
LaTeX2e <2023-11-01> patch level 1
L3 programming layer <2024-02-20>
(/usr/local/texlive/2024/texmf-dist/tex/latex/elsarticle/elsarticle.cls
Document Class: elsarticle 2020/11/20, 3.3: Elsevier Ltd
(/usr/local/texlive/2024/texmf-dist/tex/latex/l3kernel/expl3.sty
(/usr/local/texlive/2024/texmf-dist/tex/latex/l3backend/l3backend-pdftex.def))
(/usr/local/texlive/2024/texmf-dist/tex/latex/l3packages/xparse/xparse.sty)
(/usr/local/texlive/2024/texmf-dist/tex/latex/etoolbox/etoolbox.sty)
(/usr/local/texlive/2024/texmf-dist/tex/latex/base/article.cls
Document Class: article 2023/05/17 v1.4n Standard LaTeX document class
(/usr/local/texlive/2024/texmf-dist/tex/latex/base/size10.clo))
(/usr/local/texlive/2024/texmf-dist/tex/latex/graphics/graphicx.sty
(/usr/local/texlive/2024/texmf-dist/tex/latex/graphics/keyval.sty)
(/usr/local/texlive/2024/texmf-dist/tex/latex/graphics/graphics.sty
(/usr/local/texlive/2024/texmf-dist/tex/latex/graphics/trig.sty)
(/usr/local/texlive/2024/texmf-dist/tex/latex/graphics-cfg/graphics.cfg)
(/usr/local/texlive/2024/texmf-dist/tex/latex/graphics-def/pdftex.def)))
(./paper.spl) (/usr/local/texlive/2024/texmf-dist/tex/latex/natbib/natbib.sty)
(/usr/local/texlive/2024/texmf-dist/tex/latex/geometry/geometry.sty
(/usr/local/texlive/2024/texmf-dist/tex/generic/iftex/ifvtex.sty
(/usr/local/texlive/2024/texmf-dist/tex/generic/iftex/iftex.sty))))
(/usr/local/texlive/2024/texmf-dist/tex/latex/base/fontenc.sty)
(/usr/local/texlive/2024/texmf-dist/tex/latex/base/inputenc.sty)
(/usr/local/texlive/2024/texmf-dist/tex/latex/lm/lmodern.sty)
(/usr/local/texlive/2024/texmf-dist/tex/latex/microtype/microtype.sty
(/usr/local/texlive/2024/texmf-dist/tex/latex/microtype/microtype-pdftex.def)
(/usr/local/texlive/2024/texmf-dist/tex/latex/microtype/microtype.cfg))
(/usr/local/texlive/2024/texmf-dist/tex/latex/amsmath/amsmath.sty
For additional information on amsmath, use the `?' option.
(/usr/local/texlive/2024/texmf-dist/tex/latex/amsmath/amstext.sty
(/usr/local/texlive/2024/texmf-dist/tex/latex/amsmath/amsgen.sty))
(/usr/local/texlive/2024/texmf-dist/tex/latex/amsmath/amsbsy.sty)
(/usr/local/texlive/2024/texmf-dist/tex/latex/amsmath/amsopn.sty))
(/usr/local/texlive/2024/texmf-dist/tex/latex/amsfonts/amssymb.sty
(/usr/local/texlive/2024/texmf-dist/tex/latex/amsfonts/amsfonts.sty))
(/usr/local/texlive/2024/texmf-dist/tex/latex/booktabs/booktabs.sty)
(/usr/local/texlive/2024/texmf-dist/tex/latex/threeparttable/threeparttable.sty
) (/usr/local/texlive/2024/texmf-dist/tex/latex/float/float.sty)
(/usr/local/texlive/2024/texmf-dist/tex/latex/xcolor/xcolor.sty
(/usr/local/texlive/2024/texmf-dist/tex/latex/graphics-cfg/color.cfg)
(/usr/local/texlive/2024/texmf-dist/tex/latex/graphics/mathcolor.ltx))
(/usr/local/texlive/2024/texmf-dist/tex/latex/hyperref/hyperref.sty
(/usr/local/texlive/2024/texmf-dist/tex/latex/kvsetkeys/kvsetkeys.sty)
(/usr/local/texlive/2024/texmf-dist/tex/generic/kvdefinekeys/kvdefinekeys.sty)
(/usr/local/texlive/2024/texmf-dist/tex/generic/pdfescape/pdfescape.sty
(/usr/local/texlive/2024/texmf-dist/tex/generic/ltxcmds/ltxcmds.sty)
(/usr/local/texlive/2024/texmf-dist/tex/generic/pdftexcmds/pdftexcmds.sty
(/usr/local/texlive/2024/texmf-dist/tex/generic/infwarerr/infwarerr.sty)))
(/usr/local/texlive/2024/texmf-dist/tex/latex/hycolor/hycolor.sty)
(/usr/local/texlive/2024/texmf-dist/tex/latex/auxhook/auxhook.sty)
(/usr/local/texlive/2024/texmf-dist/tex/latex/hyperref/nameref.sty
(/usr/local/texlive/2024/texmf-dist/tex/latex/refcount/refcount.sty)
(/usr/local/texlive/2024/texmf-dist/tex/generic/gettitlestring/gettitlestring.s
ty (/usr/local/texlive/2024/texmf-dist/tex/latex/kvoptions/kvoptions.sty)))
(/usr/local/texlive/2024/texmf-dist/tex/latex/hyperref/pd1enc.def)
(/usr/local/texlive/2024/texmf-dist/tex/generic/intcalc/intcalc.sty)
(/usr/local/texlive/2024/texmf-dist/tex/latex/hyperref/puenc.def)
(/usr/local/texlive/2024/texmf-dist/tex/latex/url/url.sty)
(/usr/local/texlive/2024/texmf-dist/tex/generic/bitset/bitset.sty
(/usr/local/texlive/2024/texmf-dist/tex/generic/bigintcalc/bigintcalc.sty))
(/usr/local/texlive/2024/texmf-dist/tex/latex/base/atbegshi-ltx.sty))
(/usr/local/texlive/2024/texmf-dist/tex/latex/hyperref/hpdftex.def
(/usr/local/texlive/2024/texmf-dist/tex/latex/base/atveryend-ltx.sty)
(/usr/local/texlive/2024/texmf-dist/tex/latex/rerunfilecheck/rerunfilecheck.sty

(/usr/local/texlive/2024/texmf-dist/tex/generic/uniquecounter/uniquecounter.sty
))) (../analysis/output/tables/numbers.tex)
(/usr/local/texlive/2024/texmf-dist/tex/latex/lm/t1lmr.fd) (./paper.aux)
(/usr/local/texlive/2024/texmf-dist/tex/context/base/mkii/supp-pdf.mkii
[Loading MPS to PDF converter (version 2006.09.02).]
) (/usr/local/texlive/2024/texmf-dist/tex/latex/epstopdf-pkg/epstopdf-base.sty
(/usr/local/texlive/2024/texmf-dist/tex/latex/latexconfig/epstopdf-sys.cfg))
*geometry* driver: auto-detecting
*geometry* detected driver: pdftex
(/usr/local/texlive/2024/texmf-dist/tex/latex/microtype/mt-cmr.cfg)
(./paper.out) (./paper.out)
(/usr/local/texlive/2024/texmf-dist/tex/latex/lm/ot1lmr.fd)
(/usr/local/texlive/2024/texmf-dist/tex/latex/lm/omllmm.fd)
(/usr/local/texlive/2024/texmf-dist/tex/latex/lm/omslmsy.fd)
(/usr/local/texlive/2024/texmf-dist/tex/latex/lm/omxlmex.fd)
(/usr/local/texlive/2024/texmf-dist/tex/latex/amsfonts/umsa.fd)
(/usr/local/texlive/2024/texmf-dist/tex/latex/microtype/mt-msa.cfg)
(/usr/local/texlive/2024/texmf-dist/tex/latex/amsfonts/umsb.fd)
(/usr/local/texlive/2024/texmf-dist/tex/latex/microtype/mt-msb.cfg)
(/usr/local/texlive/2024/texmf-dist/tex/latex/lm/t1lmtt.fd)

Package natbib Warning: Citation `Pew2020' on page 1 undefined on input line 10
8.


Package natbib Warning: Citation `Montenovo2022' on page 1 undefined on input l
ine 108.


Package natbib Warning: Citation `Cajner2020' on page 1 undefined on input line
 108.


Package natbib Warning: Citation `Prassl2020' on page 1 undefined on input line
 109.


Package natbib Warning: Citation `Albanesi2021' on page 1 undefined on input li
ne 109.


Package natbib Warning: Citation `Aum2021' on page 1 undefined on input line 10
9.


Overfull \hbox (2.22221pt too wide) has occurred while \output is active
[] 

Package hyperref Warning: Token not allowed in a PDF string (Unicode):
(hyperref)                removing `\<def>-command' on input line 110.


Package hyperref Warning: Token not allowed in a PDF string (Unicode):
(hyperref)                removing `\cnotenum' on input line 110.


Package hyperref Warning: Token not allowed in a PDF string (Unicode):
(hyperref)                removing `\<def>-command' on input line 110.


Package hyperref Warning: Token not allowed in a PDF string (Unicode):
(hyperref)                removing `\@corref' on input line 110.

[1{/usr/local/texlive/2024/texmf-var/fonts/map/pdftex/updmap/pdftex.map}{/usr/l
ocal/texlive/2024/texmf-dist/fonts/enc/dvips/lm/lm-ec.enc}{/usr/local/texlive/2
024/texmf-dist/fonts/enc/dvips/lm/lm-mathsy.enc}]

Package natbib Warning: Citation `BenPorath1967' on page 2 undefined on input l
ine 112.


Package natbib Warning: Citation `Mincer1974' on page 2 undefined on input line
 112.


Package natbib Warning: Citation `Lise2020' on page 2 undefined on input line 1
12.


Package natbib Warning: Citation `Farber2005' on page 2 undefined on input line
 114.


Package natbib Warning: Citation `Hoynes2012' on page 2 undefined on input line
 114.


Package natbib Warning: Citation `Davis1987' on page 2 undefined on input line 
115.


Package natbib Warning: Citation `Brainard1993' on page 2 undefined on input li
ne 115.


Package natbib Warning: Citation `Autor2003' on page 2 undefined on input line 
116.


Package natbib Warning: Citation `Dingel2020' on page 2 undefined on input line
 116.


Package natbib Warning: Citation `Barrero2023' on page 2 undefined on input lin
e 116.


Package natbib Warning: Citation `Beuermann2024' on page 2 undefined on input l
ine 117.


Package natbib Warning: Citation `Arruda2022' on page 2 undefined on input line
 128.


Package natbib Warning: Citation `Neri2020' on page 2 undefined on input line 1
28.


Package natbib Warning: Citation `Lopez2023' on page 2 undefined on input line 
128.


Package natbib Warning: Citation `MTE2020' on page 2 undefined on input line 13
1.


Package natbib Warning: Citation `Ulyssea2020' on page 2 undefined on input lin
e 132.


Package natbib Warning: Citation `Parente2024' on page 2 undefined on input lin
e 132.


Package natbib Warning: Citation `Maurizio2023' on page 2 undefined on input li
ne 137.


Package natbib Warning: Citation `Bottan2020' on page 2 undefined on input line
 141.


Package natbib Warning: Citation `Arruda2022' on page 2 undefined on input line
 144.


Package natbib Warning: Citation `Lopez2023' on page 2 undefined on input line 
144.


Package natbib Warning: Citation `Andrade2021' on page 2 undefined on input lin
e 144.

[2]

Package natbib Warning: Citation `Arruda2022' on page 3 undefined on input line
 220.


Package natbib Warning: Citation `Neri2020' on page 3 undefined on input line 2
20.


Package natbib Warning: Citation `Salto2021' on page 3 undefined on input line 
220.


Package natbib Warning: Citation `Lopez2023' on page 3 undefined on input line 
223.

[3{/usr/local/texlive/2024/texmf-dist/fonts/enc/dvips/lm/lm-mathit.enc}{/usr/lo
cal/texlive/2024/texmf-dist/fonts/enc/dvips/lm/lm-rm.enc}]

Package natbib Warning: Citation `MTE2020' on page 4 undefined on input line 23
0.


Package natbib Warning: Citation `Giupponi2023' on page 4 undefined on input li
ne 232.


Package natbib Warning: Citation `Ulyssea2020' on page 4 undefined on input lin
e 240.


Package natbib Warning: Citation `GerardGonzaga2021' on page 4 undefined on inp
ut line 240.


Package natbib Warning: Citation `Ribas2008' on page 4 undefined on input line 
257.

[4]

Package natbib Warning: Citation `Maurizio2023' on page 5 undefined on input li
ne 288.


Package natbib Warning: Citation `Maurizio2023' on page 5 undefined on input li
ne 308.

[5] (../analysis/output/tables/tab_descriptives.tex)

Package natbib Warning: Citation `Cameron2011' on page 6 undefined on input lin
e 402.

[6{/usr/local/texlive/2024/texmf-dist/fonts/enc/dvips/lm/lm-mathex.enc}]
[7]

Package natbib Warning: Citation `MontielOlea2019' on page 8 undefined on input
 line 409.


Package natbib Warning: Citation `Cameron2008' on page 8 undefined on input lin
e 417.


Package natbib Warning: Citation `Roodman2019' on page 8 undefined on input lin
e 417.


Package natbib Warning: Citation `Oaxaca1973' on page 8 undefined on input line
 424.


Package natbib Warning: Citation `Blinder1973' on page 8 undefined on input lin
e 424.



pdfTeX warning: pdflatex (file ../analysis/output/figures/fig_levels.pdf): PDF 
inclusion: found PDF version <1.7>, but at most version <1.5> allowed
[8]

Package natbib Warning: Citation `Cameron2008' on page 9 undefined on input lin
e 470.


Package natbib Warning: Citation `Roodman2019' on page 9 undefined on input lin
e 470.

(../analysis/output/tables/tab_main_margins.tex

LaTeX Warning: Float too large for page by 37.39725pt on input line 51.

) [9 <../analysis/output/figures/fig_levels.pdf>] [10]

pdfTeX warning: pdflatex (file ../analysis/output/figures/fig_gap.pdf): PDF inc
lusion: found PDF version <1.7>, but at most version <1.5> allowed
(../analysis/output/tables/tab_spec_ladder.tex)

pdfTeX warning: pdflatex (file ../analysis/output/figures/fig_formal_informal.p
df): PDF inclusion: found PDF version <1.7>, but at most version <1.5> allowed
[11 <../analysis/output/figures/fig_gap.pdf>] [12]

pdfTeX warning: pdflatex (file ../analysis/output/figures/fig_by_position.pdf):
 PDF inclusion: found PDF version <1.7>, but at most version <1.5> allowed
[13 <../analysis/output/figures/fig_formal_informal.pdf>]
(../analysis/output/tables/tab_heterogeneity.tex)

pdfTeX warning: pdflatex (file ../analysis/output/figures/fig_decomposition.pdf
): PDF inclusion: found PDF version <1.7>, but at most version <1.5> allowed
[14 <../analysis/output/figures/fig_by_position.pdf>] [15] [16 <../analysis/out
put/figures/fig_decomposition.pdf>]
(../analysis/output/tables/tab_decomposition.tex)

pdfTeX warning: pdflatex (file ../analysis/output/figures/fig_by_demographics.p
df): PDF inclusion: found PDF version <1.7>, but at most version <1.5> allowed
[17] [18] [19 <../analysis/output/figures/fig_by_demographics.pdf>]

pdfTeX warning: pdflatex (file ../analysis/output/figures/fig_retention.pdf): P
DF inclusion: found PDF version <1.7>, but at most version <1.5> allowed
(../analysis/output/tables/tab_attrition.tex [20 <../analysis/output/figures/fi
g_retention.pdf>]) (../analysis/output/tables/tab_ipw.tex) [21] [22]
(../analysis/output/tables/tab_robustness.tex)

Package natbib Warning: Citation `Dingel2020' on page 23 undefined on input lin
e 741.


Package natbib Warning: Citation `Alon2020' on page 23 undefined on input line 
742.


Package natbib Warning: Citation `Ganong2020' on page 23 undefined on input lin
e 745.


Package natbib Warning: Citation `Marinescu2021' on page 23 undefined on input 
line 745.

[23] [24] (./paper.bbl [25] [26]
Underfull \hbox (badness 7486) in paragraph at lines 319--327
[]\T1/lmr/m/n/8 (+20) Parente, R.M., 2024.  Min-i-mum Wages, In-equal-ity, and 
the In-for-mal Sec-tor.  IMF Work-ing Pa-per

Underfull \hbox (badness 4967) in paragraph at lines 319--327
\T1/lmr/m/n/8 (+20) 2024/159. In-ter-na-tional Mon-e-tary Fund.  URL: [][]$\T1/
lmtt/m/n/8 https : / / www . imf . org / en / Publications / WP / Issues / 2024
 / 07 / 19 /
) [27]

Package natbib Warning: Citation `Ribas2008' on page 28 undefined on input line
 845.

(../analysis/output/tables/tab_matching.tex) [28]

Package natbib Warning: Citation `Rcore2024' on page 29 undefined on input line
 907.


Package natbib Warning: Citation `Berge2018' on page 29 undefined on input line
 908.

(../analysis/output/tables/tab_vcov_sensitivity.tex)
(../analysis/output/tables/tab_sample_by_quarter.tex

LaTeX Warning: Float too large for page by 73.26099pt on input line 69.

)

Package natbib Warning: There were undefined citations.

[29] [30] [31] (./paper.aux

Package natbib Warning: Citation(s) may have changed.
(natbib)                Rerun to get citations correct.

)

LaTeX Warning: Label(s) may have changed. Rerun to get cross-references right.

 )
(see the transcript file for additional information)</usr/local/texlive/2024/te
xmf-dist/fonts/type1/public/lm/lmbx10.pfb></usr/local/texlive/2024/texmf-dist/f
onts/type1/public/lm/lmex10.pfb></usr/local/texlive/2024/texmf-dist/fonts/type1
/public/lm/lmmi10.pfb></usr/local/texlive/2024/texmf-dist/fonts/type1/public/lm
/lmmi7.pfb></usr/local/texlive/2024/texmf-dist/fonts/type1/public/lm/lmmi8.pfb>
</usr/local/texlive/2024/texmf-dist/fonts/type1/public/lm/lmmi9.pfb></usr/local
/texlive/2024/texmf-dist/fonts/type1/public/lm/lmr10.pfb></usr/local/texlive/20
24/texmf-dist/fonts/type1/public/lm/lmr12.pfb></usr/local/texlive/2024/texmf-di
st/fonts/type1/public/lm/lmr6.pfb></usr/local/texlive/2024/texmf-dist/fonts/typ
e1/public/lm/lmr7.pfb></usr/local/texlive/2024/texmf-dist/fonts/type1/public/lm
/lmr8.pfb></usr/local/texlive/2024/texmf-dist/fonts/type1/public/lm/lmr9.pfb></
usr/local/texlive/2024/texmf-dist/fonts/type1/public/lm/lmri10.pfb></usr/local/
texlive/2024/texmf-dist/fonts/type1/public/lm/lmri7.pfb></usr/local/texlive/202
4/texmf-dist/fonts/type1/public/lm/lmri8.pfb></usr/local/texlive/2024/texmf-dis
t/fonts/type1/public/lm/lmri9.pfb></usr/local/texlive/2024/texmf-dist/fonts/typ
e1/public/lm/lmsy10.pfb></usr/local/texlive/2024/texmf-dist/fonts/type1/public/
lm/lmsy6.pfb></usr/local/texlive/2024/texmf-dist/fonts/type1/public/lm/lmsy7.pf
b></usr/local/texlive/2024/texmf-dist/fonts/type1/public/lm/lmsy8.pfb></usr/loc
al/texlive/2024/texmf-dist/fonts/type1/public/lm/lmsy9.pfb></usr/local/texlive/
2024/texmf-dist/fonts/type1/public/lm/lmtt10.pfb></usr/local/texlive/2024/texmf
-dist/fonts/type1/public/lm/lmtt8.pfb></usr/local/texlive/2024/texmf-dist/fonts
/type1/public/amsfonts/symbols/msbm10.pfb>
Output written on paper.pdf (31 pages, 609442 bytes).
Transcript written on paper.log.
Latexmk: Getting log file 'paper.log'
Latexmk: Examining 'paper.fls'
Latexmk: Examining 'paper.log'
Latexmk: Found input bbl file 'paper.bbl'
Latexmk: References changed.
Latexmk: References changed.
Latexmk: Log file says output to 'paper.pdf'
Latexmk: Found bibliography file(s):
  ./refs.bib
Latexmk: applying rule 'bibtex paper'...
Rule 'bibtex paper':  Reasons for rerun
Changed files or newly in use/created:
  paper.aux

------------
Run number 2 of rule 'bibtex paper'
------------
------------
Running 'bibtex  "paper.aux"'
------------
This is BibTeX, Version 0.99d (TeX Live 2024)
The top-level auxiliary file: paper.aux
The style file: elsarticle-harv.bst
Database file #1: refs.bib
Latexmk: applying rule 'pdflatex'...
Rule 'pdflatex':  Reasons for rerun
Changed files or newly in use/created:
  paper.aux
  paper.spl

------------
Run number 3 of rule 'pdflatex'
------------
------------
Running 'pdflatex  -interaction=nonstopmode -recorder  "paper.tex"'
------------
This is pdfTeX, Version 3.141592653-2.6-1.40.26 (TeX Live 2024) (preloaded format=pdflatex)
 restricted \write18 enabled.
entering extended mode
(./paper.tex
LaTeX2e <2023-11-01> patch level 1
L3 programming layer <2024-02-20>
(/usr/local/texlive/2024/texmf-dist/tex/latex/elsarticle/elsarticle.cls
Document Class: elsarticle 2020/11/20, 3.3: Elsevier Ltd
(/usr/local/texlive/2024/texmf-dist/tex/latex/l3kernel/expl3.sty
(/usr/local/texlive/2024/texmf-dist/tex/latex/l3backend/l3backend-pdftex.def))
(/usr/local/texlive/2024/texmf-dist/tex/latex/l3packages/xparse/xparse.sty)
(/usr/local/texlive/2024/texmf-dist/tex/latex/etoolbox/etoolbox.sty)
(/usr/local/texlive/2024/texmf-dist/tex/latex/base/article.cls
Document Class: article 2023/05/17 v1.4n Standard LaTeX document class
(/usr/local/texlive/2024/texmf-dist/tex/latex/base/size10.clo))
(/usr/local/texlive/2024/texmf-dist/tex/latex/graphics/graphicx.sty
(/usr/local/texlive/2024/texmf-dist/tex/latex/graphics/keyval.sty)
(/usr/local/texlive/2024/texmf-dist/tex/latex/graphics/graphics.sty
(/usr/local/texlive/2024/texmf-dist/tex/latex/graphics/trig.sty)
(/usr/local/texlive/2024/texmf-dist/tex/latex/graphics-cfg/graphics.cfg)
(/usr/local/texlive/2024/texmf-dist/tex/latex/graphics-def/pdftex.def)))
(./paper.spl) (/usr/local/texlive/2024/texmf-dist/tex/latex/natbib/natbib.sty)
(/usr/local/texlive/2024/texmf-dist/tex/latex/geometry/geometry.sty
(/usr/local/texlive/2024/texmf-dist/tex/generic/iftex/ifvtex.sty
(/usr/local/texlive/2024/texmf-dist/tex/generic/iftex/iftex.sty))))
(/usr/local/texlive/2024/texmf-dist/tex/latex/base/fontenc.sty)
(/usr/local/texlive/2024/texmf-dist/tex/latex/base/inputenc.sty)
(/usr/local/texlive/2024/texmf-dist/tex/latex/lm/lmodern.sty)
(/usr/local/texlive/2024/texmf-dist/tex/latex/microtype/microtype.sty
(/usr/local/texlive/2024/texmf-dist/tex/latex/microtype/microtype-pdftex.def)
(/usr/local/texlive/2024/texmf-dist/tex/latex/microtype/microtype.cfg))
(/usr/local/texlive/2024/texmf-dist/tex/latex/amsmath/amsmath.sty
For additional information on amsmath, use the `?' option.
(/usr/local/texlive/2024/texmf-dist/tex/latex/amsmath/amstext.sty
(/usr/local/texlive/2024/texmf-dist/tex/latex/amsmath/amsgen.sty))
(/usr/local/texlive/2024/texmf-dist/tex/latex/amsmath/amsbsy.sty)
(/usr/local/texlive/2024/texmf-dist/tex/latex/amsmath/amsopn.sty))
(/usr/local/texlive/2024/texmf-dist/tex/latex/amsfonts/amssymb.sty
(/usr/local/texlive/2024/texmf-dist/tex/latex/amsfonts/amsfonts.sty))
(/usr/local/texlive/2024/texmf-dist/tex/latex/booktabs/booktabs.sty)
(/usr/local/texlive/2024/texmf-dist/tex/latex/threeparttable/threeparttable.sty
) (/usr/local/texlive/2024/texmf-dist/tex/latex/float/float.sty)
(/usr/local/texlive/2024/texmf-dist/tex/latex/xcolor/xcolor.sty
(/usr/local/texlive/2024/texmf-dist/tex/latex/graphics-cfg/color.cfg)
(/usr/local/texlive/2024/texmf-dist/tex/latex/graphics/mathcolor.ltx))
(/usr/local/texlive/2024/texmf-dist/tex/latex/hyperref/hyperref.sty
(/usr/local/texlive/2024/texmf-dist/tex/latex/kvsetkeys/kvsetkeys.sty)
(/usr/local/texlive/2024/texmf-dist/tex/generic/kvdefinekeys/kvdefinekeys.sty)
(/usr/local/texlive/2024/texmf-dist/tex/generic/pdfescape/pdfescape.sty
(/usr/local/texlive/2024/texmf-dist/tex/generic/ltxcmds/ltxcmds.sty)
(/usr/local/texlive/2024/texmf-dist/tex/generic/pdftexcmds/pdftexcmds.sty
(/usr/local/texlive/2024/texmf-dist/tex/generic/infwarerr/infwarerr.sty)))
(/usr/local/texlive/2024/texmf-dist/tex/latex/hycolor/hycolor.sty)
(/usr/local/texlive/2024/texmf-dist/tex/latex/auxhook/auxhook.sty)
(/usr/local/texlive/2024/texmf-dist/tex/latex/hyperref/nameref.sty
(/usr/local/texlive/2024/texmf-dist/tex/latex/refcount/refcount.sty)
(/usr/local/texlive/2024/texmf-dist/tex/generic/gettitlestring/gettitlestring.s
ty (/usr/local/texlive/2024/texmf-dist/tex/latex/kvoptions/kvoptions.sty)))
(/usr/local/texlive/2024/texmf-dist/tex/latex/hyperref/pd1enc.def)
(/usr/local/texlive/2024/texmf-dist/tex/generic/intcalc/intcalc.sty)
(/usr/local/texlive/2024/texmf-dist/tex/latex/hyperref/puenc.def)
(/usr/local/texlive/2024/texmf-dist/tex/latex/url/url.sty)
(/usr/local/texlive/2024/texmf-dist/tex/generic/bitset/bitset.sty
(/usr/local/texlive/2024/texmf-dist/tex/generic/bigintcalc/bigintcalc.sty))
(/usr/local/texlive/2024/texmf-dist/tex/latex/base/atbegshi-ltx.sty))
(/usr/local/texlive/2024/texmf-dist/tex/latex/hyperref/hpdftex.def
(/usr/local/texlive/2024/texmf-dist/tex/latex/base/atveryend-ltx.sty)
(/usr/local/texlive/2024/texmf-dist/tex/latex/rerunfilecheck/rerunfilecheck.sty

(/usr/local/texlive/2024/texmf-dist/tex/generic/uniquecounter/uniquecounter.sty
))) (../analysis/output/tables/numbers.tex)
(/usr/local/texlive/2024/texmf-dist/tex/latex/lm/t1lmr.fd) (./paper.aux)
(/usr/local/texlive/2024/texmf-dist/tex/context/base/mkii/supp-pdf.mkii
[Loading MPS to PDF converter (version 2006.09.02).]
) (/usr/local/texlive/2024/texmf-dist/tex/latex/epstopdf-pkg/epstopdf-base.sty
(/usr/local/texlive/2024/texmf-dist/tex/latex/latexconfig/epstopdf-sys.cfg))
*geometry* driver: auto-detecting
*geometry* detected driver: pdftex
(/usr/local/texlive/2024/texmf-dist/tex/latex/microtype/mt-cmr.cfg)
(./paper.out) (./paper.out)
(/usr/local/texlive/2024/texmf-dist/tex/latex/lm/ot1lmr.fd)
(/usr/local/texlive/2024/texmf-dist/tex/latex/lm/omllmm.fd)
(/usr/local/texlive/2024/texmf-dist/tex/latex/lm/omslmsy.fd)
(/usr/local/texlive/2024/texmf-dist/tex/latex/lm/omxlmex.fd)
(/usr/local/texlive/2024/texmf-dist/tex/latex/amsfonts/umsa.fd)
(/usr/local/texlive/2024/texmf-dist/tex/latex/microtype/mt-msa.cfg)
(/usr/local/texlive/2024/texmf-dist/tex/latex/amsfonts/umsb.fd)
(/usr/local/texlive/2024/texmf-dist/tex/latex/microtype/mt-msb.cfg)
(/usr/local/texlive/2024/texmf-dist/tex/latex/lm/t1lmtt.fd)
Overfull \hbox (2.22221pt too wide) has occurred while \output is active
[] 

Package hyperref Warning: Token not allowed in a PDF string (Unicode):
(hyperref)                removing `\<def>-command' on input line 110.


Package hyperref Warning: Token not allowed in a PDF string (Unicode):
(hyperref)                removing `\cnotenum' on input line 110.


Package hyperref Warning: Token not allowed in a PDF string (Unicode):
(hyperref)                removing `\<def>-command' on input line 110.


Package hyperref Warning: Token not allowed in a PDF string (Unicode):
(hyperref)                removing `\@corref' on input line 110.

[1{/usr/local/texlive/2024/texmf-var/fonts/map/pdftex/updmap/pdftex.map}{/usr/l
ocal/texlive/2024/texmf-dist/fonts/enc/dvips/lm/lm-ec.enc}{/usr/local/texlive/2
024/texmf-dist/fonts/enc/dvips/lm/lm-mathsy.enc}] [2] [3{/usr/local/texlive/202
4/texmf-dist/fonts/enc/dvips/lm/lm-mathit.enc}{/usr/local/texlive/2024/texmf-di
st/fonts/enc/dvips/lm/lm-rm.enc}] [4] [5]
(../analysis/output/tables/tab_descriptives.tex) [6{/usr/local/texlive/2024/tex
mf-dist/fonts/enc/dvips/lm/lm-mathex.enc}] [7] [8]

pdfTeX warning: pdflatex (file ../analysis/output/figures/fig_levels.pdf): PDF 
inclusion: found PDF version <1.7>, but at most version <1.5> allowed
[9 <../analysis/output/figures/fig_levels.pdf>]
(../analysis/output/tables/tab_main_margins.tex

LaTeX Warning: Float too large for page by 37.39725pt on input line 51.

)

pdfTeX warning: pdflatex (file ../analysis/output/figures/fig_gap.pdf): PDF inc
lusion: found PDF version <1.7>, but at most version <1.5> allowed
[10] [11] (../analysis/output/tables/tab_spec_ladder.tex)

pdfTeX warning: pdflatex (file ../analysis/output/figures/fig_formal_informal.p
df): PDF inclusion: found PDF version <1.7>, but at most version <1.5> allowed
[12 <../analysis/output/figures/fig_gap.pdf>] [13]

pdfTeX warning: pdflatex (file ../analysis/output/figures/fig_by_position.pdf):
 PDF inclusion: found PDF version <1.7>, but at most version <1.5> allowed
[14 <../analysis/output/figures/fig_formal_informal.pdf>]
(../analysis/output/tables/tab_heterogeneity.tex)

pdfTeX warning: pdflatex (file ../analysis/output/figures/fig_decomposition.pdf
): PDF inclusion: found PDF version <1.7>, but at most version <1.5> allowed
[15 <../analysis/output/figures/fig_by_position.pdf>] [16] [17 <../analysis/out
put/figures/fig_decomposition.pdf>]
(../analysis/output/tables/tab_decomposition.tex)

pdfTeX warning: pdflatex (file ../analysis/output/figures/fig_by_demographics.p
df): PDF inclusion: found PDF version <1.7>, but at most version <1.5> allowed
[18] [19] [20 <../analysis/output/figures/fig_by_demographics.pdf>]

pdfTeX warning: pdflatex (file ../analysis/output/figures/fig_retention.pdf): P
DF inclusion: found PDF version <1.7>, but at most version <1.5> allowed
(../analysis/output/tables/tab_attrition.tex [21 <../analysis/output/figures/fi
g_retention.pdf>]) (../analysis/output/tables/tab_ipw.tex) [22] [23]
(../analysis/output/tables/tab_robustness.tex) [24] [25] (./paper.bbl [26]
[27]
Underfull \hbox (badness 7486) in paragraph at lines 319--327
[]\T1/lmr/m/n/8 (+20) Parente, R.M., 2024.  Min-i-mum Wages, In-equal-ity, and 
the In-for-mal Sec-tor.  IMF Work-ing Pa-per

Underfull \hbox (badness 4967) in paragraph at lines 319--327
\T1/lmr/m/n/8 (+20) 2024/159. In-ter-na-tional Mon-e-tary Fund.  URL: [][]$\T1/
lmtt/m/n/8 https : / / www . imf . org / en / Publications / WP / Issues / 2024
 / 07 / 19 /
) [28] (../analysis/output/tables/tab_matching.tex) [29]
(../analysis/output/tables/tab_vcov_sensitivity.tex)
(../analysis/output/tables/tab_sample_by_quarter.tex

LaTeX Warning: Float too large for page by 73.26099pt on input line 69.

) [30] [31] [32] (./paper.aux)

LaTeX Warning: Label(s) may have changed. Rerun to get cross-references right.

 )
(see the transcript file for additional information)</usr/local/texlive/2024/te
xmf-dist/fonts/type1/public/lm/lmbx10.pfb></usr/local/texlive/2024/texmf-dist/f
onts/type1/public/lm/lmex10.pfb></usr/local/texlive/2024/texmf-dist/fonts/type1
/public/lm/lmmi10.pfb></usr/local/texlive/2024/texmf-dist/fonts/type1/public/lm
/lmmi7.pfb></usr/local/texlive/2024/texmf-dist/fonts/type1/public/lm/lmmi8.pfb>
</usr/local/texlive/2024/texmf-dist/fonts/type1/public/lm/lmmi9.pfb></usr/local
/texlive/2024/texmf-dist/fonts/type1/public/lm/lmr10.pfb></usr/local/texlive/20
24/texmf-dist/fonts/type1/public/lm/lmr12.pfb></usr/local/texlive/2024/texmf-di
st/fonts/type1/public/lm/lmr6.pfb></usr/local/texlive/2024/texmf-dist/fonts/typ
e1/public/lm/lmr7.pfb></usr/local/texlive/2024/texmf-dist/fonts/type1/public/lm
/lmr8.pfb></usr/local/texlive/2024/texmf-dist/fonts/type1/public/lm/lmr9.pfb></
usr/local/texlive/2024/texmf-dist/fonts/type1/public/lm/lmri10.pfb></usr/local/
texlive/2024/texmf-dist/fonts/type1/public/lm/lmri7.pfb></usr/local/texlive/202
4/texmf-dist/fonts/type1/public/lm/lmri8.pfb></usr/local/texlive/2024/texmf-dis
t/fonts/type1/public/lm/lmri9.pfb></usr/local/texlive/2024/texmf-dist/fonts/typ
e1/public/lm/lmsy10.pfb></usr/local/texlive/2024/texmf-dist/fonts/type1/public/
lm/lmsy6.pfb></usr/local/texlive/2024/texmf-dist/fonts/type1/public/lm/lmsy7.pf
b></usr/local/texlive/2024/texmf-dist/fonts/type1/public/lm/lmsy8.pfb></usr/loc
al/texlive/2024/texmf-dist/fonts/type1/public/lm/lmsy9.pfb></usr/local/texlive/
2024/texmf-dist/fonts/type1/public/lm/lmtt10.pfb></usr/local/texlive/2024/texmf
-dist/fonts/type1/public/lm/lmtt8.pfb></usr/local/texlive/2024/texmf-dist/fonts
/type1/public/amsfonts/symbols/msbm10.pfb>
Output written on paper.pdf (32 pages, 614980 bytes).
Transcript written on paper.log.
Latexmk: Getting log file 'paper.log'
Latexmk: Examining 'paper.fls'
Latexmk: Examining 'paper.log'
Latexmk: Found input bbl file 'paper.bbl'
Latexmk: References changed.
Latexmk: Log file says output to 'paper.pdf'
Latexmk: Found bibliography file(s):
  ./refs.bib
Latexmk: applying rule 'bibtex paper'...
Rule 'bibtex paper':  Reasons for rerun
Changed files or newly in use/created:
  paper.aux

------------
Run number 3 of rule 'bibtex paper'
------------
------------
Running 'bibtex  "paper.aux"'
------------
This is BibTeX, Version 0.99d (TeX Live 2024)
The top-level auxiliary file: paper.aux
The style file: elsarticle-harv.bst
Database file #1: refs.bib
Latexmk: applying rule 'pdflatex'...
Rule 'pdflatex':  Reasons for rerun
Changed files or newly in use/created:
  paper.aux

------------
Run number 4 of rule 'pdflatex'
------------
------------
Running 'pdflatex  -interaction=nonstopmode -recorder  "paper.tex"'
------------
This is pdfTeX, Version 3.141592653-2.6-1.40.26 (TeX Live 2024) (preloaded format=pdflatex)
 restricted \write18 enabled.
entering extended mode
(./paper.tex
LaTeX2e <2023-11-01> patch level 1
L3 programming layer <2024-02-20>
(/usr/local/texlive/2024/texmf-dist/tex/latex/elsarticle/elsarticle.cls
Document Class: elsarticle 2020/11/20, 3.3: Elsevier Ltd
(/usr/local/texlive/2024/texmf-dist/tex/latex/l3kernel/expl3.sty
(/usr/local/texlive/2024/texmf-dist/tex/latex/l3backend/l3backend-pdftex.def))
(/usr/local/texlive/2024/texmf-dist/tex/latex/l3packages/xparse/xparse.sty)
(/usr/local/texlive/2024/texmf-dist/tex/latex/etoolbox/etoolbox.sty)
(/usr/local/texlive/2024/texmf-dist/tex/latex/base/article.cls
Document Class: article 2023/05/17 v1.4n Standard LaTeX document class
(/usr/local/texlive/2024/texmf-dist/tex/latex/base/size10.clo))
(/usr/local/texlive/2024/texmf-dist/tex/latex/graphics/graphicx.sty
(/usr/local/texlive/2024/texmf-dist/tex/latex/graphics/keyval.sty)
(/usr/local/texlive/2024/texmf-dist/tex/latex/graphics/graphics.sty
(/usr/local/texlive/2024/texmf-dist/tex/latex/graphics/trig.sty)
(/usr/local/texlive/2024/texmf-dist/tex/latex/graphics-cfg/graphics.cfg)
(/usr/local/texlive/2024/texmf-dist/tex/latex/graphics-def/pdftex.def)))
(./paper.spl) (/usr/local/texlive/2024/texmf-dist/tex/latex/natbib/natbib.sty)
(/usr/local/texlive/2024/texmf-dist/tex/latex/geometry/geometry.sty
(/usr/local/texlive/2024/texmf-dist/tex/generic/iftex/ifvtex.sty
(/usr/local/texlive/2024/texmf-dist/tex/generic/iftex/iftex.sty))))
(/usr/local/texlive/2024/texmf-dist/tex/latex/base/fontenc.sty)
(/usr/local/texlive/2024/texmf-dist/tex/latex/base/inputenc.sty)
(/usr/local/texlive/2024/texmf-dist/tex/latex/lm/lmodern.sty)
(/usr/local/texlive/2024/texmf-dist/tex/latex/microtype/microtype.sty
(/usr/local/texlive/2024/texmf-dist/tex/latex/microtype/microtype-pdftex.def)
(/usr/local/texlive/2024/texmf-dist/tex/latex/microtype/microtype.cfg))
(/usr/local/texlive/2024/texmf-dist/tex/latex/amsmath/amsmath.sty
For additional information on amsmath, use the `?' option.
(/usr/local/texlive/2024/texmf-dist/tex/latex/amsmath/amstext.sty
(/usr/local/texlive/2024/texmf-dist/tex/latex/amsmath/amsgen.sty))
(/usr/local/texlive/2024/texmf-dist/tex/latex/amsmath/amsbsy.sty)
(/usr/local/texlive/2024/texmf-dist/tex/latex/amsmath/amsopn.sty))
(/usr/local/texlive/2024/texmf-dist/tex/latex/amsfonts/amssymb.sty
(/usr/local/texlive/2024/texmf-dist/tex/latex/amsfonts/amsfonts.sty))
(/usr/local/texlive/2024/texmf-dist/tex/latex/booktabs/booktabs.sty)
(/usr/local/texlive/2024/texmf-dist/tex/latex/threeparttable/threeparttable.sty
) (/usr/local/texlive/2024/texmf-dist/tex/latex/float/float.sty)
(/usr/local/texlive/2024/texmf-dist/tex/latex/xcolor/xcolor.sty
(/usr/local/texlive/2024/texmf-dist/tex/latex/graphics-cfg/color.cfg)
(/usr/local/texlive/2024/texmf-dist/tex/latex/graphics/mathcolor.ltx))
(/usr/local/texlive/2024/texmf-dist/tex/latex/hyperref/hyperref.sty
(/usr/local/texlive/2024/texmf-dist/tex/latex/kvsetkeys/kvsetkeys.sty)
(/usr/local/texlive/2024/texmf-dist/tex/generic/kvdefinekeys/kvdefinekeys.sty)
(/usr/local/texlive/2024/texmf-dist/tex/generic/pdfescape/pdfescape.sty
(/usr/local/texlive/2024/texmf-dist/tex/generic/ltxcmds/ltxcmds.sty)
(/usr/local/texlive/2024/texmf-dist/tex/generic/pdftexcmds/pdftexcmds.sty
(/usr/local/texlive/2024/texmf-dist/tex/generic/infwarerr/infwarerr.sty)))
(/usr/local/texlive/2024/texmf-dist/tex/latex/hycolor/hycolor.sty)
(/usr/local/texlive/2024/texmf-dist/tex/latex/auxhook/auxhook.sty)
(/usr/local/texlive/2024/texmf-dist/tex/latex/hyperref/nameref.sty
(/usr/local/texlive/2024/texmf-dist/tex/latex/refcount/refcount.sty)
(/usr/local/texlive/2024/texmf-dist/tex/generic/gettitlestring/gettitlestring.s
ty (/usr/local/texlive/2024/texmf-dist/tex/latex/kvoptions/kvoptions.sty)))
(/usr/local/texlive/2024/texmf-dist/tex/latex/hyperref/pd1enc.def)
(/usr/local/texlive/2024/texmf-dist/tex/generic/intcalc/intcalc.sty)
(/usr/local/texlive/2024/texmf-dist/tex/latex/hyperref/puenc.def)
(/usr/local/texlive/2024/texmf-dist/tex/latex/url/url.sty)
(/usr/local/texlive/2024/texmf-dist/tex/generic/bitset/bitset.sty
(/usr/local/texlive/2024/texmf-dist/tex/generic/bigintcalc/bigintcalc.sty))
(/usr/local/texlive/2024/texmf-dist/tex/latex/base/atbegshi-ltx.sty))
(/usr/local/texlive/2024/texmf-dist/tex/latex/hyperref/hpdftex.def
(/usr/local/texlive/2024/texmf-dist/tex/latex/base/atveryend-ltx.sty)
(/usr/local/texlive/2024/texmf-dist/tex/latex/rerunfilecheck/rerunfilecheck.sty

(/usr/local/texlive/2024/texmf-dist/tex/generic/uniquecounter/uniquecounter.sty
))) (../analysis/output/tables/numbers.tex)
(/usr/local/texlive/2024/texmf-dist/tex/latex/lm/t1lmr.fd) (./paper.aux)
(/usr/local/texlive/2024/texmf-dist/tex/context/base/mkii/supp-pdf.mkii
[Loading MPS to PDF converter (version 2006.09.02).]
) (/usr/local/texlive/2024/texmf-dist/tex/latex/epstopdf-pkg/epstopdf-base.sty
(/usr/local/texlive/2024/texmf-dist/tex/latex/latexconfig/epstopdf-sys.cfg))
*geometry* driver: auto-detecting
*geometry* detected driver: pdftex
(/usr/local/texlive/2024/texmf-dist/tex/latex/microtype/mt-cmr.cfg)
(./paper.out) (./paper.out)
(/usr/local/texlive/2024/texmf-dist/tex/latex/lm/ot1lmr.fd)
(/usr/local/texlive/2024/texmf-dist/tex/latex/lm/omllmm.fd)
(/usr/local/texlive/2024/texmf-dist/tex/latex/lm/omslmsy.fd)
(/usr/local/texlive/2024/texmf-dist/tex/latex/lm/omxlmex.fd)
(/usr/local/texlive/2024/texmf-dist/tex/latex/amsfonts/umsa.fd)
(/usr/local/texlive/2024/texmf-dist/tex/latex/microtype/mt-msa.cfg)
(/usr/local/texlive/2024/texmf-dist/tex/latex/amsfonts/umsb.fd)
(/usr/local/texlive/2024/texmf-dist/tex/latex/microtype/mt-msb.cfg)
(/usr/local/texlive/2024/texmf-dist/tex/latex/lm/t1lmtt.fd)
Overfull \hbox (2.22221pt too wide) has occurred while \output is active
[] 

Package hyperref Warning: Token not allowed in a PDF string (Unicode):
(hyperref)                removing `\<def>-command' on input line 110.


Package hyperref Warning: Token not allowed in a PDF string (Unicode):
(hyperref)                removing `\cnotenum' on input line 110.


Package hyperref Warning: Token not allowed in a PDF string (Unicode):
(hyperref)                removing `\<def>-command' on input line 110.


Package hyperref Warning: Token not allowed in a PDF string (Unicode):
(hyperref)                removing `\@corref' on input line 110.

[1{/usr/local/texlive/2024/texmf-var/fonts/map/pdftex/updmap/pdftex.map}{/usr/l
ocal/texlive/2024/texmf-dist/fonts/enc/dvips/lm/lm-ec.enc}{/usr/local/texlive/2
024/texmf-dist/fonts/enc/dvips/lm/lm-mathsy.enc}] [2] [3{/usr/local/texlive/202
4/texmf-dist/fonts/enc/dvips/lm/lm-mathit.enc}{/usr/local/texlive/2024/texmf-di
st/fonts/enc/dvips/lm/lm-rm.enc}] [4] [5]
(../analysis/output/tables/tab_descriptives.tex) [6{/usr/local/texlive/2024/tex
mf-dist/fonts/enc/dvips/lm/lm-mathex.enc}] [7] [8]

pdfTeX warning: pdflatex (file ../analysis/output/figures/fig_levels.pdf): PDF 
inclusion: found PDF version <1.7>, but at most version <1.5> allowed
[9 <../analysis/output/figures/fig_levels.pdf>]
(../analysis/output/tables/tab_main_margins.tex

LaTeX Warning: Float too large for page by 37.39725pt on input line 51.

)

pdfTeX warning: pdflatex (file ../analysis/output/figures/fig_gap.pdf): PDF inc
lusion: found PDF version <1.7>, but at most version <1.5> allowed
[10] [11] (../analysis/output/tables/tab_spec_ladder.tex)

pdfTeX warning: pdflatex (file ../analysis/output/figures/fig_formal_informal.p
df): PDF inclusion: found PDF version <1.7>, but at most version <1.5> allowed
[12 <../analysis/output/figures/fig_gap.pdf>] [13]

pdfTeX warning: pdflatex (file ../analysis/output/figures/fig_by_position.pdf):
 PDF inclusion: found PDF version <1.7>, but at most version <1.5> allowed
[14 <../analysis/output/figures/fig_formal_informal.pdf>]
(../analysis/output/tables/tab_heterogeneity.tex)

pdfTeX warning: pdflatex (file ../analysis/output/figures/fig_decomposition.pdf
): PDF inclusion: found PDF version <1.7>, but at most version <1.5> allowed
[15 <../analysis/output/figures/fig_by_position.pdf>] [16] [17 <../analysis/out
put/figures/fig_decomposition.pdf>]
(../analysis/output/tables/tab_decomposition.tex)

pdfTeX warning: pdflatex (file ../analysis/output/figures/fig_by_demographics.p
df): PDF inclusion: found PDF version <1.7>, but at most version <1.5> allowed
[18] [19] [20 <../analysis/output/figures/fig_by_demographics.pdf>]

pdfTeX warning: pdflatex (file ../analysis/output/figures/fig_retention.pdf): P
DF inclusion: found PDF version <1.7>, but at most version <1.5> allowed
(../analysis/output/tables/tab_attrition.tex [21 <../analysis/output/figures/fi
g_retention.pdf>]) (../analysis/output/tables/tab_ipw.tex) [22] [23]
(../analysis/output/tables/tab_robustness.tex) [24] [25] (./paper.bbl [26]
[27]
Underfull \hbox (badness 7486) in paragraph at lines 319--327
[]\T1/lmr/m/n/8 (+20) Parente, R.M., 2024.  Min-i-mum Wages, In-equal-ity, and 
the In-for-mal Sec-tor.  IMF Work-ing Pa-per

Underfull \hbox (badness 4967) in paragraph at lines 319--327
\T1/lmr/m/n/8 (+20) 2024/159. In-ter-na-tional Mon-e-tary Fund.  URL: [][]$\T1/
lmtt/m/n/8 https : / / www . imf . org / en / Publications / WP / Issues / 2024
 / 07 / 19 /
) [28] (../analysis/output/tables/tab_matching.tex) [29]
(../analysis/output/tables/tab_vcov_sensitivity.tex)
(../analysis/output/tables/tab_sample_by_quarter.tex

LaTeX Warning: Float too large for page by 73.26099pt on input line 69.

) [30] [31] [32] (./paper.aux) )
(see the transcript file for additional information)</usr/local/texlive/2024/te
xmf-dist/fonts/type1/public/lm/lmbx10.pfb></usr/local/texlive/2024/texmf-dist/f
onts/type1/public/lm/lmex10.pfb></usr/local/texlive/2024/texmf-dist/fonts/type1
/public/lm/lmmi10.pfb></usr/local/texlive/2024/texmf-dist/fonts/type1/public/lm
/lmmi7.pfb></usr/local/texlive/2024/texmf-dist/fonts/type1/public/lm/lmmi8.pfb>
</usr/local/texlive/2024/texmf-dist/fonts/type1/public/lm/lmmi9.pfb></usr/local
/texlive/2024/texmf-dist/fonts/type1/public/lm/lmr10.pfb></usr/local/texlive/20
24/texmf-dist/fonts/type1/public/lm/lmr12.pfb></usr/local/texlive/2024/texmf-di
st/fonts/type1/public/lm/lmr6.pfb></usr/local/texlive/2024/texmf-dist/fonts/typ
e1/public/lm/lmr7.pfb></usr/local/texlive/2024/texmf-dist/fonts/type1/public/lm
/lmr8.pfb></usr/local/texlive/2024/texmf-dist/fonts/type1/public/lm/lmr9.pfb></
usr/local/texlive/2024/texmf-dist/fonts/type1/public/lm/lmri10.pfb></usr/local/
texlive/2024/texmf-dist/fonts/type1/public/lm/lmri7.pfb></usr/local/texlive/202
4/texmf-dist/fonts/type1/public/lm/lmri8.pfb></usr/local/texlive/2024/texmf-dis
t/fonts/type1/public/lm/lmri9.pfb></usr/local/texlive/2024/texmf-dist/fonts/typ
e1/public/lm/lmsy10.pfb></usr/local/texlive/2024/texmf-dist/fonts/type1/public/
lm/lmsy6.pfb></usr/local/texlive/2024/texmf-dist/fonts/type1/public/lm/lmsy7.pf
b></usr/local/texlive/2024/texmf-dist/fonts/type1/public/lm/lmsy8.pfb></usr/loc
al/texlive/2024/texmf-dist/fonts/type1/public/lm/lmsy9.pfb></usr/local/texlive/
2024/texmf-dist/fonts/type1/public/lm/lmtt10.pfb></usr/local/texlive/2024/texmf
-dist/fonts/type1/public/lm/lmtt8.pfb></usr/local/texlive/2024/texmf-dist/fonts
/type1/public/amsfonts/symbols/msbm10.pfb>
Output written on paper.pdf (32 pages, 614980 bytes).
Transcript written on paper.log.
Latexmk: Getting log file 'paper.log'
Latexmk: Examining 'paper.fls'
Latexmk: Examining 'paper.log'
Latexmk: Found input bbl file 'paper.bbl'
Latexmk: Log file says output to 'paper.pdf'
Latexmk: Found bibliography file(s):
  ./refs.bib
Latexmk: All targets (paper.pdf) are up-to-date

=== DONE exit=0 ===
Wed Jul 29 15:46:13 -03 2026
