=== 18:33 RUN 06_decomposition
Mensagens de aviso:
1: pacote 'ggplot2' foi compilado no R vers~ao 4.4.3 
2: pacote 'data.table' foi compilado no R vers~ao 4.4.3 
[18:34:05] decomposition over cells: formal x sector x occupation
[18:34:14]   5,496,521 PSU-quarter-education-cell totals; 100 distinct cells
[18:34:15]   weight in cells observed for one education group only: 0.16%
[18:34:15]   two-way bootstrap (2000 replications, PSU x quarter) ...
[18:47:11]   done in 12.9 min
[18:47:11] decomposition over cells: formal x position_grp x sector x occupation
[18:47:23]   6,096,137 PSU-quarter-education-cell totals; 382 distinct cells
[18:47:23]   weight in cells observed for one education group only: 0.64%
[18:47:23]   two-way bootstrap (2000 replications, PSU x quarter) ...
[19:01:50]   done in 14.4 min
[19:01:51] wrote fig_decomposition.pdf/.png
[19:01:51] wrote tab_decomposition.tex
[19:02:02] reallocation index  R_college = 0.00349   R_noncollege = 0.00047
[19:02:02] wrote tab_decomp_variants.tex
[19:02:02] 06_decomposition.R done.
=== 19:02 OK 06_decomposition
=== 19:02 RUN 07_attrition
Mensagens de aviso:
1: pacote 'ggplot2' foi compilado no R vers~ao 4.4.3 
2: pacote 'data.table' foi compilado no R vers~ao 4.4.3 
[19:02:13] origins by interview number:
   interview       n matched
       <int>   <int>   <num>
1:         1 2290380  0.8592
2:         2 2308574  0.8694
3:         3 2307370  0.8734
4:         4 2301601  0.8742
5:         5 2283629  0.0000
[19:02:30] retention sample: 9,207,925 origins in interviews 1-4
[19:02:30] overall t -> t+1 match rate: 0.8679
[19:02:48] fitting retention model, one logit per quarter ...
[19:04:48]   done in 2 min over 52 quarters
[19:04:48] retention propensity: min 0.421 median 0.876 max 0.991
[19:04:50] event study on the retention subsample ...
Variance contained negative values in the diagonal and was 'fixed' (a la Cameron, Gelbach & Miller 2011).
[19:12:44] event study with inverse-retention weights ...
Variance contained negative values in the diagonal and was 'fixed' (a la Cameron, Gelbach & Miller 2011).
[19:21:02] wrote fig_attrition_frontier.pdf/.png
[19:21:02] wrote tab_attrition.tex
[19:21:02] wrote tab_ipw.tex
[19:21:04] wrote fig_retention.pdf/.png
[19:21:04] 07_attrition.R done.
Mensagen de aviso:
In setFixest_nthreads(max(1L, parallel::detectCores(...:
 OpenMP not detected: cannot use 6 threads, single-threaded mode instead. 
=== 19:21 OK 07_attrition
=== 19:21 RUN 08_robustness
Mensagens de aviso:
1: pacote 'ggplot2' foi compilado no R vers~ao 4.4.3 
2: pacote 'data.table' foi compilado no R vers~ao 4.4.3 
[19:21:13]   fitting baseline (8,002,128 obs) ...
Variance contained negative values in the diagonal and was 'fixed' (a la Cameron, Gelbach & Miller 2011).
[19:29:09]     done in 7.9 min
[19:29:09]   fitting prime_age (5,570,238 obs) ...
Variance contained negative values in the diagonal and was 'fixed' (a la Cameron, Gelbach & Miller 2011).
[19:34:17]     done in 5.1 min
[19:34:17]   fitting unweighted ...
Variance contained negative values in the diagonal and was 'fixed' (a la Cameron, Gelbach & Miller 2011).
[19:42:14]   fitting with 2019Q1 as the base quarter ...
Variance contained negative values in the diagonal and was 'fixed' (a la Cameron, Gelbach & Miller 2011).
[19:49:44]   fitting to_informal (8,002,128 obs) ...
Variance contained negative values in the diagonal and was 'fixed' (a la Cameron, Gelbach & Miller 2011).
[19:57:20]     done in 7.6 min
[19:57:20] wrote tab_robustness.tex
[19:57:20] validating margins against marginaleffects ...
Variance contained negative values in the diagonal and was 'fixed' (a la Cameron, Gelbach & Miller 2011).
Maximum absolute discrepancy between the closed-form margins and marginaleffects::avg_predictions() over 52 quarters:
  no college: 3.587e-15
  college   : 3.678e-15 
[19:58:25] 08_robustness.R done.
Mensagen de aviso:
In setFixest_nthreads(max(1L, parallel::detectCores(...:
 OpenMP not detected: cannot use 6 threads, single-threaded mode instead. 
=== 19:58 OK 08_robustness
=== 19:58 RUN 11_overlap_weights
Mensagens de aviso:
1: pacote 'ggplot2' foi compilado no R vers~ao 4.4.3 
2: pacote 'data.table' foi compilado no R vers~ao 4.4.3 
[19:58:33] overlap weights on 8,002,128 observations
[19:59:33]   2014Q2
[20:00:38]   2016Q4
[20:01:38]   2019Q2
[20:02:17]   2021Q4
[20:03:06]   2024Q2
[20:03:16]   no propensity score (separation or missing covariate): 9
          period       n off_support ess_survey ess_overlap ess_ratio
          <char>   <int>       <num>      <num>       <num>     <num>
1:  Pre-pandemic 5436521   0.3628204 2801557.90    685152.8 0.2445613
2:         Onset  126921   0.1766223   50918.33     15108.7 0.2967241
3:  Mid-pandemic  570014   0.1737703  200188.03     62896.4 0.3141866
4: Post-pandemic 1868663   0.1794841  961429.95    319947.0 0.3327825
[20:03:19] re-estimating the event study under overlap weights ...
Variance contained negative values in the diagonal and was 'fixed' (a la Cameron, Gelbach & Miller 2011).
Variance contained negative values in the diagonal and was 'fixed' (a la Cameron, Gelbach & Miller 2011).
          period     gap_base     se_base       gap_ov        se_ov         shift
          <char>        <num>       <num>        <num>        <num>         <num>
1:  Pre-pandemic -0.007777528 0.001446394 -0.009481090 0.0009726175 -0.0017035624
2:         Onset -0.034338902 0.001340849 -0.017493932 0.0011317497  0.0168449702
3:  Mid-pandemic  0.018591250 0.001381456 -0.005147560 0.0008389396 -0.0237388097
4: Post-pandemic -0.009363053 0.001321660 -0.009726314 0.0006416305 -0.0003632604
[20:17:31] wrote tab_overlap.tex
[20:17:31] 11_overlap_weights.R done.
=== 20:17 OK 11_overlap_weights
=== 20:17 RUN 12_tipping_point
Mensagens de aviso:
1: pacote 'ggplot2' foi compilado no R vers~ao 4.4.3 
2: pacote 'data.table' foi compilado no R vers~ao 4.4.3 
[20:17:41] origins with a scheduled t+1: 9,207,925 (unmatched: 1,205,797)
[20:17:42]   imputation model, college = 0
[20:23:21]   imputation model, college = 1
[20:24:30]   imputed 1,205,797 unmatched outcomes
Error in `[.data.table`(z, matched_next == 0L, `:=`(exit, expit(logit(p[matched_next ==  : 
  Fornecidos 9207925 itens a serem atribu'idos a 1205797 itens da coluna 'exit'. Se voc^e deseja "reciclar" o lado direito (RHS), use rep() para deixar essa intenc~ao clara para os leitores do seu c'odigo.
Calls: source ... eval -> eval -> record -> gap_at -> [ -> [.data.table
Al'em disso: Mensagen de aviso:
In logit(p[matched_next == 0L]) + delta * (college == 1L) :
  comprimento do objeto maior n~ao 'e m'ultiplo do comprimento do objeto menor
Execuc~ao interrompida
=== FAILED 12_tipping_point
=== 20:24 resume chain done
