=== STEP 4b: analysis from 07 ===
Wed Jul 29 12:10:22 -03 2026
Mensagens de aviso:
1: pacote 'ggplot2' foi compilado no R vers~ao 4.4.3 
2: pacote 'data.table' foi compilado no R vers~ao 4.4.3 
[12:10:23] ======================================================================
[12:10:23] RUN  07_attrition.R
[12:10:32] origins by interview number:
   interview       n matched
       <int>   <int>   <num>
1:         1 2290380  0.8592
2:         2 2308574  0.8694
3:         3 2307370  0.8734
4:         4 2301601  0.8742
5:         5 2283629  0.0000
[12:10:50] retention sample: 9,207,925 origins in interviews 1-4
[12:10:50] overall t -> t+1 match rate: 0.8679
[12:11:10] fitting retention model, one logit per quarter ...
[12:13:13]   done in 2.1 min over 52 quarters
[12:13:13] retention propensity: min 0.421 median 0.876 max 0.991
[12:13:14] event study on the retention subsample ...
Variance contained negative values in the diagonal and was 'fixed' (a la Cameron, Gelbach & Miller 2011).
[12:21:04] event study with inverse-retention weights ...
Variance contained negative values in the diagonal and was 'fixed' (a la Cameron, Gelbach & Miller 2011).
[12:29:00] wrote tab_attrition.tex
[12:29:00] wrote tab_ipw.tex
[12:29:02] wrote fig_retention.pdf/.png
[12:29:02] 07_attrition.R done.
[12:29:02] OK   07_attrition.R  (17.9 min)
[12:29:02] ======================================================================
[12:29:02] RUN  08_robustness.R
[12:29:06]   fitting baseline (8,002,128 obs) ...
Variance contained negative values in the diagonal and was 'fixed' (a la Cameron, Gelbach & Miller 2011).
[12:37:20]     done in 8.2 min
[12:37:20]   fitting prime_age (5,570,238 obs) ...
Variance contained negative values in the diagonal and was 'fixed' (a la Cameron, Gelbach & Miller 2011).
[12:42:17]     done in 5 min
[12:42:17]   fitting unweighted ...
Variance contained negative values in the diagonal and was 'fixed' (a la Cameron, Gelbach & Miller 2011).
[12:50:12]   fitting with 2019Q1 as the base quarter ...
Variance contained negative values in the diagonal and was 'fixed' (a la Cameron, Gelbach & Miller 2011).
[12:57:43]   fitting to_informal (8,002,128 obs) ...
Variance contained negative values in the diagonal and was 'fixed' (a la Cameron, Gelbach & Miller 2011).
[13:05:27]     done in 7.7 min
[13:05:27] wrote tab_robustness.tex
[13:05:27] validating margins against marginaleffects ...
Variance contained negative values in the diagonal and was 'fixed' (a la Cameron, Gelbach & Miller 2011).
Maximum absolute discrepancy between the closed-form margins and marginaleffects::avg_predictions() over 52 quarters:
  no college: 4.538e-15
  college   : 4.580e-15 
[13:06:43] 08_robustness.R done.
[13:06:43] OK   08_robustness.R  (37.7 min)
[13:06:43] ======================================================================
[13:06:43] RUN  09_paper_numbers.R
[13:06:51] wrote numbers.tex
[13:06:51] 09_paper_numbers.R done (119 macros).
[13:06:51] OK   09_paper_numbers.R  (0.1 min)
[13:06:51] ======================================================================
[13:06:51] RUN  99_session_info.R
Software environment
====================

R version : R version 4.4.2 (2024-10-31)
Platform  : aarch64-apple-darwin20
Running   : macOS 26.5.2
BLAS      : /Library/Frameworks/R.framework/Versions/4.4-arm64/Resources/lib/libRblas.0.dylib
fixest threads: 1

Package versions
----------------
  data.table         1.18.2.1
  arrow              21.0.0
  readstata13        0.11.0
  fixest             0.12.1
  marginaleffects    0.24.0
  fwildclusterboot   0.14.3
  ggplot2            4.0.2
  scales             1.4.0
  haven              2.5.5
  sandwich           3.1.1

Random number generation
------------------------
  RNG kind         : Mersenne-Twister, Inversion, Rejection
  Global seed      : 20260615
  Wild bootstrap   : 9999 replications
  sup-t multiplier : 10000 draws
  Decomposition    : 500 replications

Generated: 2026-07-29 13:06:51 -03 
[13:06:51] 99_session_info.R done.
[13:06:51] OK   99_session_info.R  (0 min)
Mensagens de aviso:
1: In setFixest_nthreads(max(1L, parallel::detectCores(...:
 OpenMP not detected: cannot use 6 threads, single-threaded mode instead. 
2: In setFixest_nthreads(max(1L, parallel::detectCores(...:
 OpenMP not detected: cannot use 6 threads, single-threaded mode instead. 
=== STEP 5: compile ===
Wed Jul 29 13:06:52 -03 2026
Rc files read:
  NONE
Latexmk: This is Latexmk, John Collins, 31 Jan. 2024. Version 4.83.
No existing .aux file, so I'll make a simple one, and require run of *latex.
Latexmk: applying rule 'pdflatex'...
Rule 'pdflatex':  Reasons for rerun
Category 'other':
  Rerun of 'pdflatex' forced or previously required:
    Reason or flag: 'Initial setup'

------------
Run number 1 of rule 'pdflatex'
------------
------------
Running 'pdflatex  -interaction=nonstopmode -recorder  "paper.tex"'
------------
This is pdfTeX, Version 3.141592653-2.6-1.40.26 (TeX Live 2024) (preloaded format=pdflatex)
 restricted \write18 enabled.
entering extended mode
(./paper.tex
LaTeX2e <2023-11-01> patch level 1
L3 programming layer <2024-02-20>
(/usr/local/texlive/2024/texmf-dist/tex/latex/elsarticle/elsarticle.cls
Document Class: elsarticle 2020/11/20, 3.3: Elsevier Ltd
(/usr/local/texlive/2024/texmf-dist/tex/latex/l3kernel/expl3.sty
(/usr/local/texlive/2024/texmf-dist/tex/latex/l3backend/l3backend-pdftex.def))
(/usr/local/texlive/2024/texmf-dist/tex/latex/l3packages/xparse/xparse.sty)
(/usr/local/texlive/2024/texmf-dist/tex/latex/etoolbox/etoolbox.sty)
(/usr/local/texlive/2024/texmf-dist/tex/latex/base/article.cls
Document Class: article 2023/05/17 v1.4n Standard LaTeX document class
(/usr/local/texlive/2024/texmf-dist/tex/latex/base/size10.clo))
(/usr/local/texlive/2024/texmf-dist/tex/latex/graphics/graphicx.sty
(/usr/local/texlive/2024/texmf-dist/tex/latex/graphics/keyval.sty)
(/usr/local/texlive/2024/texmf-dist/tex/latex/graphics/graphics.sty
(/usr/local/texlive/2024/texmf-dist/tex/latex/graphics/trig.sty)
(/usr/local/texlive/2024/texmf-dist/tex/latex/graphics-cfg/graphics.cfg)
(/usr/local/texlive/2024/texmf-dist/tex/latex/graphics-def/pdftex.def)))
(/usr/local/texlive/2024/texmf-dist/tex/latex/natbib/natbib.sty)
(/usr/local/texlive/2024/texmf-dist/tex/latex/geometry/geometry.sty
(/usr/local/texlive/2024/texmf-dist/tex/generic/iftex/ifvtex.sty
(/usr/local/texlive/2024/texmf-dist/tex/generic/iftex/iftex.sty))))
(/usr/local/texlive/2024/texmf-dist/tex/latex/base/fontenc.sty)
(/usr/local/texlive/2024/texmf-dist/tex/latex/base/inputenc.sty)
(/usr/local/texlive/2024/texmf-dist/tex/latex/lm/lmodern.sty)
(/usr/local/texlive/2024/texmf-dist/tex/latex/microtype/microtype.sty
(/usr/local/texlive/2024/texmf-dist/tex/latex/microtype/microtype-pdftex.def)
(/usr/local/texlive/2024/texmf-dist/tex/latex/microtype/microtype.cfg))
(/usr/local/texlive/2024/texmf-dist/tex/latex/amsmath/amsmath.sty
For additional information on amsmath, use the `?' option.
(/usr/local/texlive/2024/texmf-dist/tex/latex/amsmath/amstext.sty
(/usr/local/texlive/2024/texmf-dist/tex/latex/amsmath/amsgen.sty))
(/usr/local/texlive/2024/texmf-dist/tex/latex/amsmath/amsbsy.sty)
(/usr/local/texlive/2024/texmf-dist/tex/latex/amsmath/amsopn.sty))
(/usr/local/texlive/2024/texmf-dist/tex/latex/amsfonts/amssymb.sty
(/usr/local/texlive/2024/texmf-dist/tex/latex/amsfonts/amsfonts.sty))
(/usr/local/texlive/2024/texmf-dist/tex/latex/booktabs/booktabs.sty)
(/usr/local/texlive/2024/texmf-dist/tex/latex/threeparttable/threeparttable.sty
) (/usr/local/texlive/2024/texmf-dist/tex/latex/float/float.sty)
(/usr/local/texlive/2024/texmf-dist/tex/latex/hyperref/hyperref.sty
(/usr/local/texlive/2024/texmf-dist/tex/latex/kvsetkeys/kvsetkeys.sty)
(/usr/local/texlive/2024/texmf-dist/tex/generic/kvdefinekeys/kvdefinekeys.sty)
(/usr/local/texlive/2024/texmf-dist/tex/generic/pdfescape/pdfescape.sty
(/usr/local/texlive/2024/texmf-dist/tex/generic/ltxcmds/ltxcmds.sty)
(/usr/local/texlive/2024/texmf-dist/tex/generic/pdftexcmds/pdftexcmds.sty
(/usr/local/texlive/2024/texmf-dist/tex/generic/infwarerr/infwarerr.sty)))
(/usr/local/texlive/2024/texmf-dist/tex/latex/hycolor/hycolor.sty)
(/usr/local/texlive/2024/texmf-dist/tex/latex/auxhook/auxhook.sty)
(/usr/local/texlive/2024/texmf-dist/tex/latex/hyperref/nameref.sty
(/usr/local/texlive/2024/texmf-dist/tex/latex/refcount/refcount.sty)
(/usr/local/texlive/2024/texmf-dist/tex/generic/gettitlestring/gettitlestring.s
ty (/usr/local/texlive/2024/texmf-dist/tex/latex/kvoptions/kvoptions.sty)))
(/usr/local/texlive/2024/texmf-dist/tex/latex/hyperref/pd1enc.def)
(/usr/local/texlive/2024/texmf-dist/tex/generic/intcalc/intcalc.sty)
(/usr/local/texlive/2024/texmf-dist/tex/latex/hyperref/puenc.def)
(/usr/local/texlive/2024/texmf-dist/tex/latex/url/url.sty)
(/usr/local/texlive/2024/texmf-dist/tex/generic/bitset/bitset.sty
(/usr/local/texlive/2024/texmf-dist/tex/generic/bigintcalc/bigintcalc.sty))
(/usr/local/texlive/2024/texmf-dist/tex/latex/base/atbegshi-ltx.sty))
(/usr/local/texlive/2024/texmf-dist/tex/latex/hyperref/hpdftex.def
(/usr/local/texlive/2024/texmf-dist/tex/latex/base/atveryend-ltx.sty)
(/usr/local/texlive/2024/texmf-dist/tex/latex/rerunfilecheck/rerunfilecheck.sty

(/usr/local/texlive/2024/texmf-dist/tex/generic/uniquecounter/uniquecounter.sty
))) (../analysis/output/tables/numbers.tex)
(/usr/local/texlive/2024/texmf-dist/tex/latex/lm/t1lmr.fd) (./paper.aux)
(/usr/local/texlive/2024/texmf-dist/tex/context/base/mkii/supp-pdf.mkii
[Loading MPS to PDF converter (version 2006.09.02).]
) (/usr/local/texlive/2024/texmf-dist/tex/latex/epstopdf-pkg/epstopdf-base.sty
(/usr/local/texlive/2024/texmf-dist/tex/latex/latexconfig/epstopdf-sys.cfg))
*geometry* driver: auto-detecting
*geometry* detected driver: pdftex
(/usr/local/texlive/2024/texmf-dist/tex/latex/microtype/mt-cmr.cfg)
(/usr/local/texlive/2024/texmf-dist/tex/latex/lm/ot1lmr.fd)
(/usr/local/texlive/2024/texmf-dist/tex/latex/lm/omllmm.fd)
(/usr/local/texlive/2024/texmf-dist/tex/latex/lm/omslmsy.fd)
(/usr/local/texlive/2024/texmf-dist/tex/latex/lm/omxlmex.fd)
(/usr/local/texlive/2024/texmf-dist/tex/latex/amsfonts/umsa.fd)
(/usr/local/texlive/2024/texmf-dist/tex/latex/microtype/mt-msa.cfg)
(/usr/local/texlive/2024/texmf-dist/tex/latex/amsfonts/umsb.fd)
(/usr/local/texlive/2024/texmf-dist/tex/latex/microtype/mt-msb.cfg)

Package natbib Warning: Citation `Pew2020' on page 1 undefined on input line 10
3.


Package natbib Warning: Citation `Montenovo2022' on page 1 undefined on input l
ine 103.


Package natbib Warning: Citation `Cajner2020' on page 1 undefined on input line
 103.


Package natbib Warning: Citation `Prassl2020' on page 1 undefined on input line
 104.


Package natbib Warning: Citation `Albanesi2021' on page 1 undefined on input li
ne 104.


Package natbib Warning: Citation `Aum2021' on page 1 undefined on input line 10
4.


Overfull \hbox (2.22221pt too wide) has occurred while \output is active
[] 

Package hyperref Warning: Token not allowed in a PDF string (Unicode):
(hyperref)                removing `\<def>-command' on input line 105.


Package hyperref Warning: Token not allowed in a PDF string (Unicode):
(hyperref)                removing `\cnotenum' on input line 105.


Package hyperref Warning: Token not allowed in a PDF string (Unicode):
(hyperref)                removing `\<def>-command' on input line 105.


Package hyperref Warning: Token not allowed in a PDF string (Unicode):
(hyperref)                removing `\@corref' on input line 105.

[1{/usr/local/texlive/2024/texmf-var/fonts/map/pdftex/updmap/pdftex.map}{/usr/l
ocal/texlive/2024/texmf-dist/fonts/enc/dvips/lm/lm-ec.enc}{/usr/local/texlive/2
024/texmf-dist/fonts/enc/dvips/lm/lm-mathsy.enc}]

Package natbib Warning: Citation `BenPorath1967' on page 2 undefined on input l
ine 107.


Package natbib Warning: Citation `Mincer1974' on page 2 undefined on input line
 107.


Package natbib Warning: Citation `Lise2020' on page 2 undefined on input line 1
07.


Package natbib Warning: Citation `Farber2005' on page 2 undefined on input line
 109.


Package natbib Warning: Citation `Hoynes2012' on page 2 undefined on input line
 109.


Package natbib Warning: Citation `Davis1987' on page 2 undefined on input line 
110.


Package natbib Warning: Citation `Brainard1993' on page 2 undefined on input li
ne 110.


Package natbib Warning: Citation `Autor2003' on page 2 undefined on input line 
111.


Package natbib Warning: Citation `Dingel2020' on page 2 undefined on input line
 111.


Package natbib Warning: Citation `Barrero2023' on page 2 undefined on input lin
e 111.


Package natbib Warning: Citation `Beuermann2024' on page 2 undefined on input l
ine 112.


Package natbib Warning: Citation `Arruda2022' on page 2 undefined on input line
 123.


Package natbib Warning: Citation `Neri2020' on page 2 undefined on input line 1
23.


Package natbib Warning: Citation `Lopez2023' on page 2 undefined on input line 
123.


Package natbib Warning: Citation `MTE2020' on page 2 undefined on input line 12
6.


Package natbib Warning: Citation `Ulyssea2020' on page 2 undefined on input lin
e 127.


Package natbib Warning: Citation `Parente2024' on page 2 undefined on input lin
e 127.


Package natbib Warning: Citation `Maurizio2023' on page 2 undefined on input li
ne 132.


Package natbib Warning: Citation `Bottan2020' on page 2 undefined on input line
 136.


Package natbib Warning: Citation `Arruda2022' on page 2 undefined on input line
 139.


Package natbib Warning: Citation `Lopez2023' on page 2 undefined on input line 
139.


Package natbib Warning: Citation `Andrade2021' on page 2 undefined on input lin
e 139.

[2]

LaTeX Warning: Reference `sec:institutional' on page 3 undefined on input line 
192.


LaTeX Warning: Reference `sec:data' on page 3 undefined on input line 193.


LaTeX Warning: Reference `sec:empirical' on page 3 undefined on input line 194.



LaTeX Warning: Reference `sec:results' on page 3 undefined on input line 195.


LaTeX Warning: Reference `sec:attrition' on page 3 undefined on input line 196.



LaTeX Warning: Reference `sec:robustness' on page 3 undefined on input line 197
.


LaTeX Warning: Reference `sec:discussion' on page 3 undefined on input line 198
.


LaTeX Warning: Reference `sec:conclusion' on page 3 undefined on input line 199
.


Package natbib Warning: Citation `Arruda2022' on page 3 undefined on input line
 215.


Package natbib Warning: Citation `Neri2020' on page 3 undefined on input line 2
15.


Package natbib Warning: Citation `Salto2021' on page 3 undefined on input line 
215.


Package natbib Warning: Citation `Lopez2023' on page 3 undefined on input line 
218.

[3{/usr/local/texlive/2024/texmf-dist/fonts/enc/dvips/lm/lm-mathit.enc}{/usr/lo
cal/texlive/2024/texmf-dist/fonts/enc/dvips/lm/lm-rm.enc}]

Package natbib Warning: Citation `MTE2020' on page 4 undefined on input line 22
5.


Package natbib Warning: Citation `Giupponi2023' on page 4 undefined on input li
ne 227.


Package natbib Warning: Citation `Ulyssea2020' on page 4 undefined on input lin
e 235.


Package natbib Warning: Citation `GerardGonzaga2021' on page 4 undefined on inp
ut line 235.


Package natbib Warning: Citation `Ribas2008' on page 4 undefined on input line 
252.

(/usr/local/texlive/2024/texmf-dist/tex/latex/lm/t1lmtt.fd)

LaTeX Warning: Reference `sec:inference' on page 4 undefined on input line 271.



LaTeX Warning: Reference `sec:attrition' on page 4 undefined on input line 272.


[4]

Package natbib Warning: Citation `Maurizio2023' on page 5 undefined on input li
ne 283.


LaTeX Warning: Reference `tab:main_margins' on page 5 undefined on input line 2
97.


Package natbib Warning: Citation `Maurizio2023' on page 5 undefined on input li
ne 300.


LaTeX Warning: Reference `tab:robustness' on page 5 undefined on input line 303
.


LaTeX Warning: Reference `app:data' on page 5 undefined on input line 313.


LaTeX Warning: Reference `sec:attrition' on page 5 undefined on input line 320.



LaTeX Warning: Reference `tab:descriptives' on page 5 undefined on input line 3
21.

[5] (../analysis/output/tables/tab_descriptives.tex)

LaTeX Warning: Reference `eq:es' on page 6 undefined on input line 360.


LaTeX Warning: Reference `app:additional' on page 6 undefined on input line 385
.


Package natbib Warning: Citation `Cameron2011' on page 6 undefined on input lin
e 394.


LaTeX Warning: Reference `tab:vcov' on page 6 undefined on input line 394.

[6{/usr/local/texlive/2024/texmf-dist/fonts/enc/dvips/lm/lm-mathex.enc}]
[7]

Package natbib Warning: Citation `MontielOlea2019' on page 8 undefined on input
 line 401.


LaTeX Warning: Reference `fig:gap' on page 8 undefined on input line 403.


Package natbib Warning: Citation `Cameron2008' on page 8 undefined on input lin
e 409.


Package natbib Warning: Citation `Roodman2019' on page 8 undefined on input lin
e 409.


Package natbib Warning: Citation `Oaxaca1973' on page 8 undefined on input line
 416.


Package natbib Warning: Citation `Blinder1973' on page 8 undefined on input lin
e 416.


LaTeX Warning: Reference `fig:levels' on page 8 undefined on input line 434.


LaTeX Warning: Reference `fig:gap' on page 8 undefined on input line 435.


LaTeX Warning: Reference `tab:main_margins' on page 8 undefined on input line 4
37.



pdfTeX warning: pdflatex (file ../analysis/output/figures/fig_levels.pdf): PDF 
inclusion: found PDF version <1.7>, but at most version <1.5> allowed

LaTeX Warning: Reference `eq:es' on page 8 undefined on input line 446.


LaTeX Warning: Reference `eq:es' on page 8 undefined on input line 446.

[8]

LaTeX Warning: Reference `tab:vcov' on page 9 undefined on input line 459.


Package natbib Warning: Citation `Cameron2008' on page 9 undefined on input lin
e 462.


Package natbib Warning: Citation `Roodman2019' on page 9 undefined on input lin
e 462.


LaTeX Warning: Reference `tab:spec_ladder' on page 9 undefined on input line 46
4.

(../analysis/output/tables/tab_main_margins.tex

LaTeX Warning: Reference `eq:es' on page 9 undefined on input line 46.


Overfull \hbox (66.66667pt too wide) in paragraph at lines 6--49
 [] 

LaTeX Warning: Float too large for page by 53.8977pt on input line 49.

) [9 <../analysis/output/figures/fig_levels.pdf>] [10]

pdfTeX warning: pdflatex (file ../analysis/output/figures/fig_gap.pdf): PDF inc
lusion: found PDF version <1.7>, but at most version <1.5> allowed

LaTeX Warning: Reference `tab:spec_ladder' on page 11 undefined on input line 4
92.


LaTeX Warning: Reference `sec:results' on page 11 undefined on input line 499.

(../analysis/output/tables/tab_spec_ladder.tex
Overfull \hbox (62.82114pt too wide) in paragraph at lines 6--43
 [] 
)

LaTeX Warning: Reference `fig:formal' on page 11 undefined on input line 508.



pdfTeX warning: pdflatex (file ../analysis/output/figures/fig_formal_informal.p
df): PDF inclusion: found PDF version <1.7>, but at most version <1.5> allowed
[11 <../analysis/output/figures/fig_gap.pdf>] [12]

LaTeX Warning: Reference `fig:position' on page 13 undefined on input line 529.



LaTeX Warning: Reference `tab:heterogeneity' on page 13 undefined on input line
 530.



pdfTeX warning: pdflatex (file ../analysis/output/figures/fig_by_position.pdf):
 PDF inclusion: found PDF version <1.7>, but at most version <1.5> allowed

LaTeX Warning: Reference `tab:heterogeneity' on page 13 undefined on input line
 539.


LaTeX Warning: Reference `tab:heterogeneity' on page 13 undefined on input line
 539.

[13 <../analysis/output/figures/fig_formal_informal.pdf>]
(../analysis/output/tables/tab_heterogeneity.tex

LaTeX Warning: Reference `eq:es' on page 14 undefined on input line 40.


Overfull \hbox (19.07037pt too wide) in paragraph at lines 6--43
 [] 
)

LaTeX Warning: Reference `eq:decomp' on page 14 undefined on input line 555.


LaTeX Warning: Reference `fig:decomp' on page 14 undefined on input line 556.


LaTeX Warning: Reference `tab:decomposition' on page 14 undefined on input line
 557.



pdfTeX warning: pdflatex (file ../analysis/output/figures/fig_decomposition.pdf
): PDF inclusion: found PDF version <1.7>, but at most version <1.5> allowed
[14 <../analysis/output/figures/fig_by_position.pdf>] [15]

LaTeX Warning: Reference `fig:gap' on page 16 undefined on input line 583.


LaTeX Warning: Reference `eq:es' on page 16 undefined on input line 586.

[16 <../analysis/output/figures/fig_decomposition.pdf>]
(../analysis/output/tables/tab_decomposition.tex)

LaTeX Warning: Reference `tab:heterogeneity' on page 17 undefined on input line
 597.


LaTeX Warning: Reference `fig:demographics' on page 17 undefined on input line 
597.

[17]

pdfTeX warning: pdflatex (file ../analysis/output/figures/fig_by_demographics.p
df): PDF inclusion: found PDF version <1.7>, but at most version <1.5> allowed
[18] [19 <../analysis/output/figures/fig_by_demographics.pdf>]

LaTeX Warning: Reference `fig:retention' on page 20 undefined on input line 646
.


LaTeX Warning: Reference `tab:attrition' on page 20 undefined on input line 647
.



pdfTeX warning: pdflatex (file ../analysis/output/figures/fig_retention.pdf): P
DF inclusion: found PDF version <1.7>, but at most version <1.5> allowed

LaTeX Warning: Reference `tab:attrition' on page 20 undefined on input line 665
.

[20 <../analysis/output/figures/fig_retention.pdf>]
(../analysis/output/tables/tab_attrition.tex)

LaTeX Warning: Reference `eq:es' on page 21 undefined on input line 676.


LaTeX Warning: Reference `tab:ipw' on page 21 undefined on input line 678.

[21] (../analysis/output/tables/tab_ipw.tex)

LaTeX Warning: Reference `tab:matching' on page 22 undefined on input line 684.



LaTeX Warning: Reference `tab:robustness' on page 22 undefined on input line 69
7.


LaTeX Warning: Reference `tab:vcov' on page 22 undefined on input line 706.

[22] (../analysis/output/tables/tab_robustness.tex

LaTeX Warning: Reference `eq:es' on page 23 undefined on input line 24.


Overfull \hbox (70.43097pt too wide) in paragraph at lines 6--27
 [] 
)

Package natbib Warning: Citation `Dingel2020' on page 23 undefined on input lin
e 737.


Package natbib Warning: Citation `Alon2020' on page 23 undefined on input line 
738.


Package natbib Warning: Citation `Ganong2020' on page 23 undefined on input lin
e 741.


Package natbib Warning: Citation `Marinescu2021' on page 23 undefined on input 
line 741.

[23] [24]

LaTeX Warning: Reference `app:data' on page 25 undefined on input line 813.

No file paper.bbl.

Package natbib Warning: Citation `Ribas2008' on page 25 undefined on input line
 833.


LaTeX Warning: Reference `tab:matching' on page 25 undefined on input line 837.


(../analysis/output/tables/tab_matching.tex=== ALL DONE exit=137 ===
Wed Jul 29 13:25:46 -03 2026
