Mensagens de aviso:
1: pacote 'ggplot2' foi compilado no R vers~ao 4.4.3 
2: pacote 'data.table' foi compilado no R vers~ao 4.4.3 
[11:55:39] === segment: all -- 8,002,128 observations
[11:56:41]   2014Q2
[11:57:49]   2016Q4
[11:58:50]   2019Q2
[11:59:31]   2021Q4
[12:00:21]   2024Q2
[12:00:32]   no propensity score (separation or missing covariate): 9
          period       n off_support ess_survey ess_overlap ess_ratio
          <char>   <int>       <num>      <num>       <num>     <num>
1:  Pre-pandemic 5436521   0.3628204 2801557.90    685152.8 0.2445613
2:         Onset  126921   0.1766223   50918.33     15108.7 0.2967241
3:  Mid-pandemic  570014   0.1737703  200188.03     62896.4 0.3141866
4: Post-pandemic 1868663   0.1794841  961429.95    319947.0 0.3327825
[12:00:36] re-estimating the event study under overlap weights ...
Variance contained negative values in the diagonal and was 'fixed' (a la Cameron, Gelbach & Miller 2011).
Variance contained negative values in the diagonal and was 'fixed' (a la Cameron, Gelbach & Miller 2011).
[12:15:08]   trimmed to ps in [0.1, 0.9]: 2,190,991 of 8,002,119 observations
Variance contained negative values in the diagonal and was 'fixed' (a la Cameron, Gelbach & Miller 2011).
          period     gap_base     se_base       gap_ov        se_ov     gap_trim      se_trim trim_share
          <char>        <num>       <num>        <num>        <num>        <num>        <num>      <num>
1:  Pre-pandemic -0.007777528 0.001446394 -0.009481090 0.0009726175 -0.008253713 0.0012132692  0.2738014
2:         Onset -0.034338902 0.001340849 -0.017493932 0.0011317497 -0.026023923 0.0014851934  0.2738014
3:  Mid-pandemic  0.018591250 0.001381456 -0.005147560 0.0008389396 -0.002766373 0.0010883493  0.2738014
4: Post-pandemic -0.009363053 0.001321660 -0.009726314 0.0006416305 -0.008516892 0.0009320038  0.2738014
           shift segment
           <num>  <char>
1: -0.0017035624     all
2:  0.0168449702     all
3: -0.0237388097     all
4: -0.0003632604     all
[12:16:51] === segment: informal -- 3,638,675 observations
The variable 'formal' has been removed because of collinearity (see $collin.var).
The variable 'formal' has been removed because of collinearity (see $collin.var).
The variable 'formal' has been removed because of collinearity (see $collin.var).
The variable 'formal' has been removed because of collinearity (see $collin.var).
The variable 'formal' has been removed because of collinearity (see $collin.var).
The variable 'formal' has been removed because of collinearity (see $collin.var).
The variable 'formal' has been removed because of collinearity (see $collin.var).
The variable 'formal' has been removed because of collinearity (see $collin.var).
The variable 'formal' has been removed because of collinearity (see $collin.var).
The variable 'formal' has been removed because of collinearity (see $collin.var).
[12:17:23]   2014Q2
The variable 'formal' has been removed because of collinearity (see $collin.var).
The variable 'formal' has been removed because of collinearity (see $collin.var).
The variable 'formal' has been removed because of collinearity (see $collin.var).
The variable 'formal' has been removed because of collinearity (see $collin.var).
[12:17:58]   2016Q4
The variable 'formal' has been removed because of collinearity (see $collin.var).
The variable 'formal' has been removed because of collinearity (see $collin.var).
[12:18:28]   2019Q2
The variable 'formal' has been removed because of collinearity (see $collin.var).
The variable 'formal' has been removed because of collinearity (see $collin.var).
The variable 'formal' has been removed because of collinearity (see $collin.var).
The variable 'formal' has been removed because of collinearity (see $collin.var).
The variable 'formal' has been removed because of collinearity (see $collin.var).
[12:18:57]   2021Q4
The variable 'formal' has been removed because of collinearity (see $collin.var).
The variable 'formal' has been removed because of collinearity (see $collin.var).
The variable 'formal' has been removed because of collinearity (see $collin.var).
The variable 'formal' has been removed because of collinearity (see $collin.var).
[12:19:24]   2024Q2
[12:19:29]   no propensity score (separation or missing covariate): 125
          period       n off_support ess_survey ess_overlap ess_ratio
          <char>   <int>       <num>      <num>       <num>     <num>
1:  Pre-pandemic 2479603   0.5511459 1302651.94  181188.986 0.1390924
2:         Onset   55165   0.3223931   21166.45    3145.747 0.1486195
3:  Mid-pandemic  252902   0.3216697   87638.05   18473.881 0.2107975
4: Post-pandemic  850880   0.3104632  432515.29   96393.315 0.2228668
[12:19:31] re-estimating the event study under overlap weights ...
The variable 'formal' has been removed because of collinearity (see $collin.var).
Variance contained negative values in the diagonal and was 'fixed' (a la Cameron, Gelbach & Miller 2011).
The variable 'formal' has been removed because of collinearity (see $collin.var).
Variance contained negative values in the diagonal and was 'fixed' (a la Cameron, Gelbach & Miller 2011).
[12:26:38]   trimmed to ps in [0.1, 0.9]: 518,888 of 3,638,550 observations
The variable 'formal' has been removed because of collinearity (see $collin.var).
Variance contained negative values in the diagonal and was 'fixed' (a la Cameron, Gelbach & Miller 2011).
          period    gap_base     se_base       gap_ov       se_ov      gap_trim     se_trim trim_share
          <char>       <num>       <num>        <num>       <num>         <num>       <num>      <num>
1:  Pre-pandemic -0.01170949 0.002757802 -0.012603850 0.002256379 -0.0155366319 0.002811044  0.1426085
2:         Onset -0.03726205 0.002658840 -0.011966631 0.002724617 -0.0457889014 0.002483228  0.1426085
3:  Mid-pandemic  0.02056610 0.003167544 -0.007533239 0.002961698  0.0009213612 0.003861274  0.1426085
4: Post-pandemic -0.01655442 0.002248017 -0.015035892 0.001564459 -0.0190911860 0.002073186  0.1426085
           shift  segment
           <num>   <char>
1: -0.0008943595 informal
2:  0.0252954185 informal
3: -0.0280993395 informal
4:  0.0015185310 informal
[12:27:07] wrote tab_overlap.tex
[12:27:07] 11_overlap_weights.R done.
Mensagens de aviso:
1: pacote 'ggplot2' foi compilado no R vers~ao 4.4.3 
2: pacote 'data.table' foi compilado no R vers~ao 4.4.3 
[12:27:19] wrote numbers.tex
[12:27:19] 09_paper_numbers.R done (154 macros).
Rc files read:
  NONE
Latexmk: This is Latexmk, John Collins, 31 Jan. 2024. Version 4.83.
No existing .aux file, so I'll make a simple one, and require run of *latex.
Latexmk: applying rule 'pdflatex'...
Rule 'pdflatex':  Reasons for rerun
Category 'other':
  Rerun of 'pdflatex' forced or previously required:
    Reason or flag: 'Initial setup'

------------
Run number 1 of rule 'pdflatex'
------------
------------
Running 'pdflatex  -interaction=nonstopmode -recorder  "paper.tex"'
------------
This is pdfTeX, Version 3.141592653-2.6-1.40.26 (TeX Live 2024) (preloaded format=pdflatex)
 restricted \write18 enabled.
entering extended mode
(./paper.tex
LaTeX2e <2023-11-01> patch level 1
L3 programming layer <2024-02-20>
(/usr/local/texlive/2024/texmf-dist/tex/latex/elsarticle/elsarticle.cls
Document Class: elsarticle 2020/11/20, 3.3: Elsevier Ltd
(/usr/local/texlive/2024/texmf-dist/tex/latex/l3kernel/expl3.sty
(/usr/local/texlive/2024/texmf-dist/tex/latex/l3backend/l3backend-pdftex.def))
(/usr/local/texlive/2024/texmf-dist/tex/latex/l3packages/xparse/xparse.sty)
(/usr/local/texlive/2024/texmf-dist/tex/latex/etoolbox/etoolbox.sty)
(/usr/local/texlive/2024/texmf-dist/tex/latex/base/article.cls
Document Class: article 2023/05/17 v1.4n Standard LaTeX document class
(/usr/local/texlive/2024/texmf-dist/tex/latex/base/size10.clo))
(/usr/local/texlive/2024/texmf-dist/tex/latex/graphics/graphicx.sty
(/usr/local/texlive/2024/texmf-dist/tex/latex/graphics/keyval.sty)
(/usr/local/texlive/2024/texmf-dist/tex/latex/graphics/graphics.sty
(/usr/local/texlive/2024/texmf-dist/tex/latex/graphics/trig.sty)
(/usr/local/texlive/2024/texmf-dist/tex/latex/graphics-cfg/graphics.cfg)
(/usr/local/texlive/2024/texmf-dist/tex/latex/graphics-def/pdftex.def)))
(/usr/local/texlive/2024/texmf-dist/tex/latex/natbib/natbib.sty)
(/usr/local/texlive/2024/texmf-dist/tex/latex/geometry/geometry.sty
(/usr/local/texlive/2024/texmf-dist/tex/generic/iftex/ifvtex.sty
(/usr/local/texlive/2024/texmf-dist/tex/generic/iftex/iftex.sty))))
(/usr/local/texlive/2024/texmf-dist/tex/latex/base/fontenc.sty)
(/usr/local/texlive/2024/texmf-dist/tex/latex/base/inputenc.sty)
(/usr/local/texlive/2024/texmf-dist/tex/latex/lm/lmodern.sty)
(/usr/local/texlive/2024/texmf-dist/tex/latex/microtype/microtype.sty
(/usr/local/texlive/2024/texmf-dist/tex/latex/microtype/microtype-pdftex.def)
(/usr/local/texlive/2024/texmf-dist/tex/latex/microtype/microtype.cfg))
(/usr/local/texlive/2024/texmf-dist/tex/latex/amsmath/amsmath.sty
For additional information on amsmath, use the `?' option.
(/usr/local/texlive/2024/texmf-dist/tex/latex/amsmath/amstext.sty
(/usr/local/texlive/2024/texmf-dist/tex/latex/amsmath/amsgen.sty))
(/usr/local/texlive/2024/texmf-dist/tex/latex/amsmath/amsbsy.sty)
(/usr/local/texlive/2024/texmf-dist/tex/latex/amsmath/amsopn.sty))
(/usr/local/texlive/2024/texmf-dist/tex/latex/amsfonts/amssymb.sty
(/usr/local/texlive/2024/texmf-dist/tex/latex/amsfonts/amsfonts.sty))
(/usr/local/texlive/2024/texmf-dist/tex/latex/booktabs/booktabs.sty)
(/usr/local/texlive/2024/texmf-dist/tex/latex/threeparttable/threeparttable.sty
) (/usr/local/texlive/2024/texmf-dist/tex/latex/float/float.sty)
(/usr/local/texlive/2024/texmf-dist/tex/latex/xcolor/xcolor.sty
(/usr/local/texlive/2024/texmf-dist/tex/latex/graphics-cfg/color.cfg)
(/usr/local/texlive/2024/texmf-dist/tex/latex/graphics/mathcolor.ltx))
(/usr/local/texlive/2024/texmf-dist/tex/latex/hyperref/hyperref.sty
(/usr/local/texlive/2024/texmf-dist/tex/latex/kvsetkeys/kvsetkeys.sty)
(/usr/local/texlive/2024/texmf-dist/tex/generic/kvdefinekeys/kvdefinekeys.sty)
(/usr/local/texlive/2024/texmf-dist/tex/generic/pdfescape/pdfescape.sty
(/usr/local/texlive/2024/texmf-dist/tex/generic/ltxcmds/ltxcmds.sty)
(/usr/local/texlive/2024/texmf-dist/tex/generic/pdftexcmds/pdftexcmds.sty
(/usr/local/texlive/2024/texmf-dist/tex/generic/infwarerr/infwarerr.sty)))
(/usr/local/texlive/2024/texmf-dist/tex/latex/hycolor/hycolor.sty)
(/usr/local/texlive/2024/texmf-dist/tex/latex/auxhook/auxhook.sty)
(/usr/local/texlive/2024/texmf-dist/tex/latex/hyperref/nameref.sty
(/usr/local/texlive/2024/texmf-dist/tex/latex/refcount/refcount.sty)
(/usr/local/texlive/2024/texmf-dist/tex/generic/gettitlestring/gettitlestring.s
ty (/usr/local/texlive/2024/texmf-dist/tex/latex/kvoptions/kvoptions.sty)))
(/usr/local/texlive/2024/texmf-dist/tex/latex/hyperref/pd1enc.def)
(/usr/local/texlive/2024/texmf-dist/tex/generic/intcalc/intcalc.sty)
(/usr/local/texlive/2024/texmf-dist/tex/latex/hyperref/puenc.def)
(/usr/local/texlive/2024/texmf-dist/tex/latex/url/url.sty)
(/usr/local/texlive/2024/texmf-dist/tex/generic/bitset/bitset.sty
(/usr/local/texlive/2024/texmf-dist/tex/generic/bigintcalc/bigintcalc.sty))
(/usr/local/texlive/2024/texmf-dist/tex/latex/base/atbegshi-ltx.sty))
(/usr/local/texlive/2024/texmf-dist/tex/latex/hyperref/hpdftex.def
(/usr/local/texlive/2024/texmf-dist/tex/latex/base/atveryend-ltx.sty)
(/usr/local/texlive/2024/texmf-dist/tex/latex/rerunfilecheck/rerunfilecheck.sty

(/usr/local/texlive/2024/texmf-dist/tex/generic/uniquecounter/uniquecounter.sty
))) (../analysis/output/tables/numbers.tex)
(/usr/local/texlive/2024/texmf-dist/tex/latex/lm/t1lmr.fd) (./paper.aux)
(/usr/local/texlive/2024/texmf-dist/tex/context/base/mkii/supp-pdf.mkii
[Loading MPS to PDF converter (version 2006.09.02).]
) (/usr/local/texlive/2024/texmf-dist/tex/latex/epstopdf-pkg/epstopdf-base.sty
(/usr/local/texlive/2024/texmf-dist/tex/latex/latexconfig/epstopdf-sys.cfg))
*geometry* driver: auto-detecting
*geometry* detected driver: pdftex
(/usr/local/texlive/2024/texmf-dist/tex/latex/microtype/mt-cmr.cfg)
(/usr/local/texlive/2024/texmf-dist/tex/latex/lm/ot1lmr.fd)
(/usr/local/texlive/2024/texmf-dist/tex/latex/lm/omllmm.fd)
(/usr/local/texlive/2024/texmf-dist/tex/latex/lm/omslmsy.fd)
(/usr/local/texlive/2024/texmf-dist/tex/latex/lm/omxlmex.fd)
(/usr/local/texlive/2024/texmf-dist/tex/latex/amsfonts/umsa.fd)
(/usr/local/texlive/2024/texmf-dist/tex/latex/microtype/mt-msa.cfg)
(/usr/local/texlive/2024/texmf-dist/tex/latex/amsfonts/umsb.fd)
(/usr/local/texlive/2024/texmf-dist/tex/latex/microtype/mt-msb.cfg)

Package hyperref Warning: Token not allowed in a PDF string (Unicode):
(hyperref)                removing `\<def>-command' on input line 131.


Package hyperref Warning: Token not allowed in a PDF string (Unicode):
(hyperref)                removing `\cnotenum' on input line 131.


Package hyperref Warning: Token not allowed in a PDF string (Unicode):
(hyperref)                removing `\<def>-command' on input line 131.


Package hyperref Warning: Token not allowed in a PDF string (Unicode):
(hyperref)                removing `\@corref' on input line 131.

[1{/usr/local/texlive/2024/texmf-var/fonts/map/pdftex/updmap/pdftex.map}{/usr/l
ocal/texlive/2024/texmf-dist/fonts/enc/dvips/lm/lm-ec.enc}{/usr/local/texlive/2
024/texmf-dist/fonts/enc/dvips/lm/lm-mathsy.enc}]

Package natbib Warning: Citation `Pew2020' on page 2 undefined on input line 14
4.


Package natbib Warning: Citation `Montenovo2022' on page 2 undefined on input l
ine 144.


Package natbib Warning: Citation `Cajner2020' on page 2 undefined on input line
 144.


Package natbib Warning: Citation `Prassl2020' on page 2 undefined on input line
 145.


Package natbib Warning: Citation `Albanesi2021' on page 2 undefined on input li
ne 145.


Package natbib Warning: Citation `Aum2021' on page 2 undefined on input line 14
5.


Package natbib Warning: Citation `Forsythe2020' on page 2 undefined on input li
ne 147.


Package natbib Warning: Citation `Chetty2024' on page 2 undefined on input line
 148.


Package natbib Warning: Citation `BenPorath1967' on page 2 undefined on input l
ine 151.


Package natbib Warning: Citation `Mincer1974' on page 2 undefined on input line
 151.


Package natbib Warning: Citation `Lise2020' on page 2 undefined on input line 1
51.


Package natbib Warning: Citation `Farber2005' on page 2 undefined on input line
 153.


Package natbib Warning: Citation `Hoynes2012' on page 2 undefined on input line
 153.


Package natbib Warning: Citation `Davis1987' on page 2 undefined on input line 
154.


Package natbib Warning: Citation `Brainard1993' on page 2 undefined on input li
ne 154.


Package natbib Warning: Citation `Autor2003' on page 2 undefined on input line 
155.


Package natbib Warning: Citation `Dingel2020' on page 2 undefined on input line
 155.


Package natbib Warning: Citation `Barrero2023' on page 2 undefined on input lin
e 155.


Package natbib Warning: Citation `Beuermann2024' on page 2 undefined on input l
ine 156.


Package natbib Warning: Citation `LaPorta2014' on page 2 undefined on input lin
e 166.


Package natbib Warning: Citation `Meghir2015' on page 2 undefined on input line
 166.


Package natbib Warning: Citation `Ulyssea2018' on page 2 undefined on input lin
e 166.


Package natbib Warning: Citation `DixCarneiro2026' on page 2 undefined on input
 line 166.


Package natbib Warning: Citation `Arruda2022' on page 2 undefined on input line
 171.


Package natbib Warning: Citation `Neri2020' on page 2 undefined on input line 1
71.


Package natbib Warning: Citation `Lopez2023' on page 2 undefined on input line 
171.


Package natbib Warning: Citation `MTE2020' on page 2 undefined on input line 17
4.


Package natbib Warning: Citation `Ulyssea2018' on page 2 undefined on input lin
e 175.


Package natbib Warning: Citation `Ulyssea2020' on page 2 undefined on input lin
e 175.


Package natbib Warning: Citation `Parente2024' on page 2 undefined on input lin
e 175.


Package natbib Warning: Citation `Maurizio2023' on page 2 undefined on input li
ne 180.


Package natbib Warning: Citation `Bottan2020' on page 2 undefined on input line
 184.


Package natbib Warning: Citation `Arruda2022' on page 2 undefined on input line
 187.


Package natbib Warning: Citation `Lopez2023' on page 2 undefined on input line 
187.


Package natbib Warning: Citation `Andrade2025' on page 2 undefined on input lin
e 187.

[2]

LaTeX Warning: Reference `sec:institutional' on page 3 undefined on input line 
248.


LaTeX Warning: Reference `sec:data' on page 3 undefined on input line 249.


LaTeX Warning: Reference `sec:empirical' on page 3 undefined on input line 250.



LaTeX Warning: Reference `sec:results' on page 3 undefined on input line 251.


LaTeX Warning: Reference `sec:attrition' on page 3 undefined on input line 252.



LaTeX Warning: Reference `sec:robustness' on page 3 undefined on input line 253
.


LaTeX Warning: Reference `sec:discussion' on page 3 undefined on input line 254
.


LaTeX Warning: Reference `sec:conclusion' on page 3 undefined on input line 255
.

[3]

Package natbib Warning: Citation `Arruda2022' on page 4 undefined on input line
 271.


Package natbib Warning: Citation `Neri2020' on page 4 undefined on input line 2
71.


Package natbib Warning: Citation `Salto2021' on page 4 undefined on input line 
271.


Package natbib Warning: Citation `Lopez2023' on page 4 undefined on input line 
274.


Package natbib Warning: Citation `MTE2020' on page 4 undefined on input line 28
1.


Package natbib Warning: Citation `Giupponi2023' on page 4 undefined on input li
ne 283.


Package natbib Warning: Citation `Ulyssea2020' on page 4 undefined on input lin
e 291.


Package natbib Warning: Citation `GerardGonzaga2021' on page 4 undefined on inp
ut line 291.


Package natbib Warning: Citation `Ribas2008' on page 4 undefined on input line 
308.

(/usr/local/texlive/2024/texmf-dist/tex/latex/lm/t1lmtt.fd) [4]

LaTeX Warning: Reference `sec:inference' on page 5 undefined on input line 331.



LaTeX Warning: Reference `sec:attrition' on page 5 undefined on input line 332.



LaTeX Warning: Reference `eq:outcomes' on page 5 undefined on input line 353.


LaTeX Warning: Reference `tab:main_margins' on page 5 undefined on input line 3
54.


Package natbib Warning: Citation `Maurizio2023' on page 5 undefined on input li
ne 360.


LaTeX Warning: Reference `tab:robustness' on page 5 undefined on input line 363
.

[5{/usr/local/texlive/2024/texmf-dist/fonts/enc/dvips/lm/lm-mathit.enc}{/usr/lo
cal/texlive/2024/texmf-dist/fonts/enc/dvips/lm/lm-rm.enc}]

LaTeX Warning: Reference `app:data' on page 6 undefined on input line 373.


LaTeX Warning: Reference `sec:attrition' on page 6 undefined on input line 380.



LaTeX Warning: Reference `tab:descriptives' on page 6 undefined on input line 3
81.

(../analysis/output/tables/tab_descriptives.tex) [6] [7]

LaTeX Warning: Reference `app:data' on page 8 undefined on input line 417.


LaTeX Warning: Reference `eq:es' on page 8 undefined on input line 430.


LaTeX Warning: Reference `eq:margins' on page 8 undefined on input line 445.


LaTeX Warning: Reference `app:data' on page 8 undefined on input line 459.

[8{/usr/local/texlive/2024/texmf-dist/fonts/enc/dvips/lm/lm-mathex.enc}]

Package natbib Warning: Citation `Cameron2011' on page 9 undefined on input lin
e 470.


Package natbib Warning: Citation `Abadie2023' on page 9 undefined on input line
 471.


LaTeX Warning: Reference `tab:vcov' on page 9 undefined on input line 477.


Package natbib Warning: Citation `MontielOlea2019' on page 9 undefined on input
 line 488.


LaTeX Warning: Reference `fig:gap' on page 9 undefined on input line 490.


Package natbib Warning: Citation `Cameron2008' on page 9 undefined on input lin
e 496.


Package natbib Warning: Citation `Roodman2019' on page 9 undefined on input lin
e 496.


Package natbib Warning: Citation `Kitagawa1955' on page 9 undefined on input li
ne 503.


Package natbib Warning: Citation `Oaxaca1973' on page 9 undefined on input line
 504.


Package natbib Warning: Citation `Blinder1973' on page 9 undefined on input lin
e 504.


Package natbib Warning: Citation `Fortin2011' on page 9 undefined on input line
 505.


LaTeX Warning: Reference `eq:margins' on page 9 undefined on input line 508.

[9]

LaTeX Warning: Reference `eq:decomp' on page 10 undefined on input line 518.


LaTeX Warning: Reference `tab:decomposition' on page 10 undefined on input line
 522.


LaTeX Warning: Reference `fig:levels' on page 10 undefined on input line 533.


LaTeX Warning: Reference `fig:gap' on page 10 undefined on input line 534.


LaTeX Warning: Reference `tab:main_margins' on page 10 undefined on input line 
536.



pdfTeX warning: pdflatex (file ../analysis/output/figures/fig_levels.pdf): PDF 
inclusion: found PDF version <1.7>, but at most version <1.5> allowed

LaTeX Warning: Reference `eq:es' on page 10 undefined on input line 545.


LaTeX Warning: Reference `eq:es' on page 10 undefined on input line 545.

[10]

pdfTeX warning: pdflatex (file ../analysis/output/figures/fig_gap.pdf): PDF inc
lusion: found PDF version <1.7>, but at most version <1.5> allowed

LaTeX Warning: Reference `tab:spec_ladder' on page 11 undefined on input line 5
57.


LaTeX Warning: Reference `tab:spec_ladder' on page 11 undefined on input line 5
57.

[11 <../analysis/output/figures/fig_levels.pdf>]
(../analysis/output/tables/tab_main_margins.tex

LaTeX Warning: Reference `eq:es' on page 12 undefined on input line 49.

) [12 <../analysis/output/figures/fig_gap.pdf>]

LaTeX Warning: Reference `tab:vcov' on page 13 undefined on input line 572.


Package natbib Warning: Citation `Cameron2008' on page 13 undefined on input li
ne 575.


Package natbib Warning: Citation `Roodman2019' on page 13 undefined on input li
ne 575.


LaTeX Warning: Reference `tab:spec_ladder' on page 13 undefined on input line 5
77.

[13]

LaTeX Warning: Reference `tab:spec_ladder' on page 14 undefined on input line 5
98.


LaTeX Warning: Reference `tab:placebo' on page 14 undefined on input line 602.


LaTeX Warning: Reference `tab:spec_ladder' on page 14 undefined on input line 6
18.


LaTeX Warning: Reference `sec:decomposition' on page 14 undefined on input line
 625.

[14] (../analysis/output/tables/tab_spec_ladder.tex) [15]

LaTeX Warning: Reference `fig:formal' on page 16 undefined on input line 634.



pdfTeX warning: pdflatex (file ../analysis/output/figures/fig_formal_informal.p
df): PDF inclusion: found PDF version <1.7>, but at most version <1.5> allowed
[16]

LaTeX Warning: Reference `fig:position' on page 17 undefined on input line 657.



LaTeX Warning: Reference `tab:heterogeneity' on page 17 undefined on input line
 658.


LaTeX Warning: Reference `fig:position' on page 17 undefined on input line 659.


(../analysis/output/tables/tab_heterogeneity.tex

LaTeX Warning: Reference `eq:es' on page 17 undefined on input line 41.

) [17 <../analysis/output/figures/fig_formal_informal.pdf>]

LaTeX Warning: Reference `sec:data' on page 18 undefined on input line 668.

[18]

LaTeX Warning: Reference `eq:decomp' on page 19 undefined on input line 675.


LaTeX Warning: Reference `fig:decomp' on page 19 undefined on input line 676.


LaTeX Warning: Reference `tab:decomposition' on page 19 undefined on input line
 677.


LaTeX Warning: Reference `fig:decomp' on page 19 undefined on input line 678.

(../analysis/output/tables/tab_decomposition.tex

LaTeX Warning: Reference `tab:heterogeneity' on page 19 undefined on input line
 31.

) [19] [20]

LaTeX Warning: Reference `tab:decomp_variants' on page 21 undefined on input li
ne 701.


LaTeX Warning: Reference `fig:gap' on page 21 undefined on input line 717.


LaTeX Warning: Reference `eq:es' on page 21 undefined on input line 720.


LaTeX Warning: Reference `tab:heterogeneity' on page 21 undefined on input line
 729.


LaTeX Warning: Reference `fig:demographics' on page 21 undefined on input line 
729.


LaTeX Warning: Reference `sec:where' on page 21 undefined on input line 739.


LaTeX Warning: Reference `fig:demographics' on page 21 undefined on input line 
740.

[21]

LaTeX Warning: Reference `fig:retention' on page 22 undefined on input line 759
.


LaTeX Warning: Reference `tab:attrition' on page 22 undefined on input line 760
.



pdfTeX warning: pdflatex (file ../analysis/output/figures/fig_retention.pdf): P
DF inclusion: found PDF version <1.7>, but at most version <1.5> allowed

LaTeX Warning: Reference `tab:attrition' on page 22 undefined on input line 778
.

[22 <../analysis/output/figures/fig_retention.pdf>]
(../analysis/output/tables/tab_attrition.tex) [23]

LaTeX Warning: Reference `eq:es' on page 24 undefined on input line 797.


LaTeX Warning: Reference `tab:ipw' on page 24 undefined on input line 800.


LaTeX Warning: Reference `tab:matching' on page 24 undefined on input line 805.


[24]

LaTeX Warning: Reference `eq:breakdown' on page 25 undefined on input line 816.



LaTeX Warning: Reference `fig:frontier' on page 25 undefined on input line 818.



LaTeX Warning: Reference `tab:tipping' on page 25 undefined on input line 826.


LaTeX Warning: Reference `eq:es' on page 25 undefined on input line 829.


LaTeX Warning: Reference `tab:tipping' on page 25 undefined on input line 836.


LaTeX Warning: Reference `fig:frontier' on page 25 undefined on input line 837.



LaTeX Warning: Reference `tab:robustness' on page 25 undefined on input line 84
3.


LaTeX Warning: Reference `tab:vcov' on page 25 undefined on input line 852.


LaTeX Warning: Reference `tab:overlap' on page 25 undefined on input line 860.


LaTeX Warning: Reference `eq:es' on page 25 undefined on input line 862.

[25]

LaTeX Warning: Reference `sec:discussion' on page 26 undefined on input line 88
8.

(../analysis/output/tables/tab_overlap.tex

LaTeX Warning: Reference `eq:es' on page 26 undefined on input line 26.

) [26] (../analysis/output/tables/tab_robustness.tex

LaTeX Warning: Reference `eq:es' on page 27 undefined on input line 25.

) [27]

Package natbib Warning: Citation `Dingel2020' on page 28 undefined on input lin
e 920.


Package natbib Warning: Citation `Alon2020' on page 28 undefined on input line 
921.


Package natbib Warning: Citation `Ganong2020' on page 28 undefined on input lin
e 924.


Package natbib Warning: Citation `Marinescu2021' on page 28 undefined on input 
line 924.

[28]

LaTeX Warning: Reference `tab:overlap' on page 29 undefined on input line 941.

[29]

LaTeX Warning: Reference `app:data' on page 30 undefined on input line 1014.

No file paper.bbl.

Package natbib Warning: Citation `Ribas2008' on page 30 undefined on input line
 1043.


LaTeX Warning: Reference `sec:data' on page 30 undefined on input line 1046.


LaTeX Warning: Reference `tab:matching' on page 30 undefined on input line 1048
.

[30] (../analysis/output/tables/tab_matching.tex
pdfTeX warning (ext4): destination with the same identifier (name{table.1}) has
 been already used, duplicate ignored
<to be read again> 
                   \relax 
l.3 ...rmance of the stage-3 panel identification}
                                                  ) [31]

LaTeX Warning: Reference `tab:vcov' on page 32 undefined on input line 1124.


LaTeX Warning: Reference `sec:inference' on page 32 undefined on input line 112
5.


LaTeX Warning: Reference `tab:placebo' on page 32 undefined on input line 1126.


(../analysis/output/tables/tab_vcov_sensitivity.tex
pdfTeX warning (ext4): destination with the same identifier (name{table.1}) has
 been already used, duplicate ignored
<to be read again> 
                   \relax 
l.3 ... the college gap to the variance estimator}
                                                  

LaTeX Warning: Reference `tab:spec_ladder' on page 32 undefined on input line 2
6.


LaTeX Warning: Reference `tab:spec_ladder' on page 32 undefined on input line 2
6.

) [32] (../analysis/output/tables/tab_placebo.tex
pdfTeX warning (ext4): destination with the same identifier (name{table.2}) has
 been already used, duplicate ignored
<to be read again> 
                   \relax 
l.3 ...against placebo windows of the same length}
                                                  

LaTeX Warning: Reference `fig:gap' on page 33 undefined on input line 22.


LaTeX Warning: Reference `tab:main_margins' on page 33 undefined on input line 
22.

) [33]

LaTeX Warning: Reference `fig:decomp' on page 34 undefined on input line 1135.


LaTeX Warning: Reference `tab:decomp_variants' on page 34 undefined on input li
ne 1136.



pdfTeX warning: pdflatex (file ../analysis/output/figures/fig_decomposition.pdf
): PDF inclusion: found PDF version <1.7>, but at most version <1.5> allowed

pdfTeX warning (ext4): destination with the same identifier (name{figure.1}) ha
s been already used, duplicate ignored
<to be read again> 
                   \relax 
l.1145   occupation.}
                     
pdfTeX warning (ext4): destination with the same identifier (name{figure.1}) ha
s been already used, duplicate ignored
<to be read again> 
                   \relax 
l.1145   occupation.}
                      [34] (../analysis/output/tables/tab_decomp_variants.tex
pdfTeX warning (ext4): destination with the same identifier (name{table.3}) has
 been already used, duplicate ignored
<to be read again> 
                   \relax 
l.3 ...ternative references and on common support}
                                                  

LaTeX Warning: Reference `eq:decomp' on page 35 undefined on input line 23.

) [35 <../analysis/output/figures/fig_decomposition.pdf>]

LaTeX Warning: Reference `fig:position' on page 36 undefined on input line 1153
.


LaTeX Warning: Reference `fig:demographics' on page 36 undefined on input line 
1153.


LaTeX Warning: Reference `tab:heterogeneity' on page 36 undefined on input line
 1154.



pdfTeX warning: pdflatex (file ../analysis/output/figures/fig_by_position.pdf):
 PDF inclusion: found PDF version <1.7>, but at most version <1.5> allowed

pdfTeX warning (ext4): destination with the same identifier (name{figure.2}) ha
s been already used, duplicate ignored
<to be read again> 
                   \relax 
l.1162   different vertical scales.}
                                    

LaTeX Warning: Reference `tab:heterogeneity' on page 36 undefined on input line
 1162.


pdfTeX warning (ext4): destination with the same identifier (name{figure.2}) ha
s been already used, duplicate ignored
<to be read again> 
                   \relax 
l.1162   different vertical scales.}
                                    

LaTeX Warning: Reference `tab:heterogeneity' on page 36 undefined on input line
 1162.

[36]

pdfTeX warning: pdflatex (file ../analysis/output/figures/fig_by_demographics.p
df): PDF inclusion: found PDF version <1.7>, but at most version <1.5> allowed

pdfTeX warning (ext4): destination with the same identifier (name{figure.3}) ha
s been already used, duplicate ignored
<to be read again> 
                   \relax 
l.1171 ...ds. Note the different vertical scales.}
                                                  
pdfTeX warning (ext4): destination with the same identifier (name{figure.3}) ha
s been already used, duplicate ignored
<to be read again> 
                   \relax 
l.1171 ...ds. Note the different vertical scales.}
                                                   [37 <../analysis/output/figu
res/fig_by_position.pdf>]

LaTeX Warning: Reference `tab:ipw' on page 38 undefined on input line 1177.


LaTeX Warning: Reference `fig:frontier' on page 38 undefined on input line 1178
.


LaTeX Warning: Reference `eq:breakdown' on page 38 undefined on input line 1179
.


LaTeX Warning: Reference `tab:tipping' on page 38 undefined on input line 1179.


(../analysis/output/tables/tab_ipw.tex
pdfTeX warning (ext4): destination with the same identifier (name{table.4}) has
 been already used, duplicate ignored
<to be read again> 
                   \relax 
l.3 ...er inverse-retention-probability weighting}
                                                  ) [38 <../analysis/output/fig
ures/fig_by_demographics.pdf>]

pdfTeX warning: pdflatex (file ../analysis/output/figures/fig_attrition_frontie
r.pdf): PDF inclusion: found PDF version <1.7>, but at most version <1.5> allow
ed

pdfTeX warning (ext4): destination with the same identifier (name{figure.4}) ha
s been already used, duplicate ignored
<to be read again> 
                   \relax 
l.1193   their own education group.}
                                    

LaTeX Warning: Reference `eq:breakdown' on page 39 undefined on input line 1193
.


pdfTeX warning (ext4): destination with the same identifier (name{figure.4}) ha
s been already used, duplicate ignored
<to be read again> 
                   \relax 
l.1193   their own education group.}
                                    

LaTeX Warning: Reference `eq:breakdown' on page 39 undefined on input line 1193
.

[39] (../analysis/output/tables/tab_tipping.tex
pdfTeX warning (ext4): destination with the same identifier (name{table.5}) has
 been already used, duplicate ignored
<to be read again> 
                   \relax 
l.3 ...ould have to depart from missing-at-random}
                                                  

LaTeX Warning: Reference `eq:es' on page 40 undefined on input line 23.

) [40 <../analysis/output/figures/fig_attrition_frontier.pdf>]

LaTeX Warning: Reference `tab:sample_by_quarter' on page 41 undefined on input 
line 1201.

(../analysis/output/tables/tab_sample_by_quarter.tex
pdfTeX warning (ext4): destination with the same identifier (name{table.6}) has
 been already used, duplicate ignored
<to be read again> 
                   \relax 
l.3 \caption{Sample composition by quarter}
                                           ) [41]

Package natbib Warning: There were undefined citations.

[42] (./paper.aux)

LaTeX Warning: There were undefined references.


LaTeX Warning: Label(s) may have changed. Rerun to get cross-references right.


Package rerunfilecheck Warning: File `paper.out' has changed.
(rerunfilecheck)                Rerun to get outlines right
(rerunfilecheck)                or use package `bookmark'.

 )
(see the transcript file for additional information)</usr/local/texlive/2024/te
xmf-dist/fonts/type1/public/lm/lmbx10.pfb></usr/local/texlive/2024/texmf-dist/f
onts/type1/public/lm/lmbx7.pfb></usr/local/texlive/2024/texmf-dist/fonts/type1/
public/lm/lmbx8.pfb></usr/local/texlive/2024/texmf-dist/fonts/type1/public/lm/l
mex10.pfb></usr/local/texlive/2024/texmf-dist/fonts/type1/public/lm/lmmi10.pfb>
</usr/local/texlive/2024/texmf-dist/fonts/type1/public/lm/lmmi6.pfb></usr/local
/texlive/2024/texmf-dist/fonts/type1/public/lm/lmmi7.pfb></usr/local/texlive/20
24/texmf-dist/fonts/type1/public/lm/lmmi8.pfb></usr/local/texlive/2024/texmf-di
st/fonts/type1/public/lm/lmmi9.pfb></usr/local/texlive/2024/texmf-dist/fonts/ty
pe1/public/lm/lmr10.pfb></usr/local/texlive/2024/texmf-dist/fonts/type1/public/
lm/lmr12.pfb></usr/local/texlive/2024/texmf-dist/fonts/type1/public/lm/lmr6.pfb
></usr/local/texlive/2024/texmf-dist/fonts/type1/public/lm/lmr7.pfb></usr/local
/texlive/2024/texmf-dist/fonts/type1/public/lm/lmr8.pfb></usr/local/texlive/202
4/texmf-dist/fonts/type1/public/lm/lmr9.pfb></usr/local/texlive/2024/texmf-dist
/fonts/type1/public/lm/lmri10.pfb></usr/local/texlive/2024/texmf-dist/fonts/typ
e1/public/lm/lmri7.pfb></usr/local/texlive/2024/texmf-dist/fonts/type1/public/l
m/lmri8.pfb></usr/local/texlive/2024/texmf-dist/fonts/type1/public/lm/lmri9.pfb
></usr/local/texlive/2024/texmf-dist/fonts/type1/public/lm/lmsy10.pfb></usr/loc
al/texlive/2024/texmf-dist/fonts/type1/public/lm/lmsy5.pfb></usr/local/texlive/
2024/texmf-dist/fonts/type1/public/lm/lmsy6.pfb></usr/local/texlive/2024/texmf-
dist/fonts/type1/public/lm/lmsy7.pfb></usr/local/texlive/2024/texmf-dist/fonts/
type1/public/lm/lmsy8.pfb></usr/local/texlive/2024/texmf-dist/fonts/type1/publi
c/lm/lmsy9.pfb></usr/local/texlive/2024/texmf-dist/fonts/type1/public/lm/lmtt10
.pfb></usr/local/texlive/2024/texmf-dist/fonts/type1/public/lm/lmtt8.pfb></usr/
local/texlive/2024/texmf-dist/fonts/type1/public/amsfonts/symbols/msbm10.pfb>
Output written on paper.pdf (42 pages, 683206 bytes).
Transcript written on paper.log.
Latexmk: Missing bbl file 'paper.bbl' in following:
 No file paper.bbl.
Latexmk: Getting log file 'paper.log'
Latexmk: Examining 'paper.fls'
Latexmk: Examining 'paper.log'
Latexmk: References changed.
Latexmk: References changed.
Latexmk: Log file says output to 'paper.pdf'
Latexmk: Found bibliography file(s):
  ./refs.bib
Latexmk: applying rule 'bibtex paper'...
Rule 'bibtex paper':  Reasons for rerun
Category 'other':
  Rerun of 'bibtex paper' forced or previously required:
    Reason or flag: 'Initial set up of rule'

------------
Run number 1 of rule 'bibtex paper'
------------
------------
Running 'bibtex  "paper.aux"'
------------
This is BibTeX, Version 0.99d (TeX Live 2024)
The top-level auxiliary file: paper.aux
The style file: elsarticle-harv.bst
Database file #1: refs.bib
Latexmk: applying rule 'pdflatex'...
Rule 'pdflatex':  Reasons for rerun
Changed files or newly in use/created:
  paper.aux
  paper.bbl
  paper.out

------------
Run number 2 of rule 'pdflatex'
------------
------------
Running 'pdflatex  -interaction=nonstopmode -recorder  "paper.tex"'
------------
This is pdfTeX, Version 3.141592653-2.6-1.40.26 (TeX Live 2024) (preloaded format=pdflatex)
 restricted \write18 enabled.
entering extended mode
(./paper.tex
LaTeX2e <2023-11-01> patch level 1
L3 programming layer <2024-02-20>
(/usr/local/texlive/2024/texmf-dist/tex/latex/elsarticle/elsarticle.cls
Document Class: elsarticle 2020/11/20, 3.3: Elsevier Ltd
(/usr/local/texlive/2024/texmf-dist/tex/latex/l3kernel/expl3.sty
(/usr/local/texlive/2024/texmf-dist/tex/latex/l3backend/l3backend-pdftex.def))
(/usr/local/texlive/2024/texmf-dist/tex/latex/l3packages/xparse/xparse.sty)
(/usr/local/texlive/2024/texmf-dist/tex/latex/etoolbox/etoolbox.sty)
(/usr/local/texlive/2024/texmf-dist/tex/latex/base/article.cls
Document Class: article 2023/05/17 v1.4n Standard LaTeX document class
(/usr/local/texlive/2024/texmf-dist/tex/latex/base/size10.clo))
(/usr/local/texlive/2024/texmf-dist/tex/latex/graphics/graphicx.sty
(/usr/local/texlive/2024/texmf-dist/tex/latex/graphics/keyval.sty)
(/usr/local/texlive/2024/texmf-dist/tex/latex/graphics/graphics.sty
(/usr/local/texlive/2024/texmf-dist/tex/latex/graphics/trig.sty)
(/usr/local/texlive/2024/texmf-dist/tex/latex/graphics-cfg/graphics.cfg)
(/usr/local/texlive/2024/texmf-dist/tex/latex/graphics-def/pdftex.def)))
(./paper.spl) (/usr/local/texlive/2024/texmf-dist/tex/latex/natbib/natbib.sty)
(/usr/local/texlive/2024/texmf-dist/tex/latex/geometry/geometry.sty
(/usr/local/texlive/2024/texmf-dist/tex/generic/iftex/ifvtex.sty
(/usr/local/texlive/2024/texmf-dist/tex/generic/iftex/iftex.sty))))
(/usr/local/texlive/2024/texmf-dist/tex/latex/base/fontenc.sty)
(/usr/local/texlive/2024/texmf-dist/tex/latex/base/inputenc.sty)
(/usr/local/texlive/2024/texmf-dist/tex/latex/lm/lmodern.sty)
(/usr/local/texlive/2024/texmf-dist/tex/latex/microtype/microtype.sty
(/usr/local/texlive/2024/texmf-dist/tex/latex/microtype/microtype-pdftex.def)
(/usr/local/texlive/2024/texmf-dist/tex/latex/microtype/microtype.cfg))
(/usr/local/texlive/2024/texmf-dist/tex/latex/amsmath/amsmath.sty
For additional information on amsmath, use the `?' option.
(/usr/local/texlive/2024/texmf-dist/tex/latex/amsmath/amstext.sty
(/usr/local/texlive/2024/texmf-dist/tex/latex/amsmath/amsgen.sty))
(/usr/local/texlive/2024/texmf-dist/tex/latex/amsmath/amsbsy.sty)
(/usr/local/texlive/2024/texmf-dist/tex/latex/amsmath/amsopn.sty))
(/usr/local/texlive/2024/texmf-dist/tex/latex/amsfonts/amssymb.sty
(/usr/local/texlive/2024/texmf-dist/tex/latex/amsfonts/amsfonts.sty))
(/usr/local/texlive/2024/texmf-dist/tex/latex/booktabs/booktabs.sty)
(/usr/local/texlive/2024/texmf-dist/tex/latex/threeparttable/threeparttable.sty
) (/usr/local/texlive/2024/texmf-dist/tex/latex/float/float.sty)
(/usr/local/texlive/2024/texmf-dist/tex/latex/xcolor/xcolor.sty
(/usr/local/texlive/2024/texmf-dist/tex/latex/graphics-cfg/color.cfg)
(/usr/local/texlive/2024/texmf-dist/tex/latex/graphics/mathcolor.ltx))
(/usr/local/texlive/2024/texmf-dist/tex/latex/hyperref/hyperref.sty
(/usr/local/texlive/2024/texmf-dist/tex/latex/kvsetkeys/kvsetkeys.sty)
(/usr/local/texlive/2024/texmf-dist/tex/generic/kvdefinekeys/kvdefinekeys.sty)
(/usr/local/texlive/2024/texmf-dist/tex/generic/pdfescape/pdfescape.sty
(/usr/local/texlive/2024/texmf-dist/tex/generic/ltxcmds/ltxcmds.sty)
(/usr/local/texlive/2024/texmf-dist/tex/generic/pdftexcmds/pdftexcmds.sty
(/usr/local/texlive/2024/texmf-dist/tex/generic/infwarerr/infwarerr.sty)))
(/usr/local/texlive/2024/texmf-dist/tex/latex/hycolor/hycolor.sty)
(/usr/local/texlive/2024/texmf-dist/tex/latex/auxhook/auxhook.sty)
(/usr/local/texlive/2024/texmf-dist/tex/latex/hyperref/nameref.sty
(/usr/local/texlive/2024/texmf-dist/tex/latex/refcount/refcount.sty)
(/usr/local/texlive/2024/texmf-dist/tex/generic/gettitlestring/gettitlestring.s
ty (/usr/local/texlive/2024/texmf-dist/tex/latex/kvoptions/kvoptions.sty)))
(/usr/local/texlive/2024/texmf-dist/tex/latex/hyperref/pd1enc.def)
(/usr/local/texlive/2024/texmf-dist/tex/generic/intcalc/intcalc.sty)
(/usr/local/texlive/2024/texmf-dist/tex/latex/hyperref/puenc.def)
(/usr/local/texlive/2024/texmf-dist/tex/latex/url/url.sty)
(/usr/local/texlive/2024/texmf-dist/tex/generic/bitset/bitset.sty
(/usr/local/texlive/2024/texmf-dist/tex/generic/bigintcalc/bigintcalc.sty))
(/usr/local/texlive/2024/texmf-dist/tex/latex/base/atbegshi-ltx.sty))
(/usr/local/texlive/2024/texmf-dist/tex/latex/hyperref/hpdftex.def
(/usr/local/texlive/2024/texmf-dist/tex/latex/base/atveryend-ltx.sty)
(/usr/local/texlive/2024/texmf-dist/tex/latex/rerunfilecheck/rerunfilecheck.sty

(/usr/local/texlive/2024/texmf-dist/tex/generic/uniquecounter/uniquecounter.sty
))) (../analysis/output/tables/numbers.tex)
(/usr/local/texlive/2024/texmf-dist/tex/latex/lm/t1lmr.fd) (./paper.aux)
(/usr/local/texlive/2024/texmf-dist/tex/context/base/mkii/supp-pdf.mkii
[Loading MPS to PDF converter (version 2006.09.02).]
) (/usr/local/texlive/2024/texmf-dist/tex/latex/epstopdf-pkg/epstopdf-base.sty
(/usr/local/texlive/2024/texmf-dist/tex/latex/latexconfig/epstopdf-sys.cfg))
*geometry* driver: auto-detecting
*geometry* detected driver: pdftex
(/usr/local/texlive/2024/texmf-dist/tex/latex/microtype/mt-cmr.cfg)
(./paper.out) (./paper.out)
(/usr/local/texlive/2024/texmf-dist/tex/latex/lm/ot1lmr.fd)
(/usr/local/texlive/2024/texmf-dist/tex/latex/lm/omllmm.fd)
(/usr/local/texlive/2024/texmf-dist/tex/latex/lm/omslmsy.fd)
(/usr/local/texlive/2024/texmf-dist/tex/latex/lm/omxlmex.fd)
(/usr/local/texlive/2024/texmf-dist/tex/latex/amsfonts/umsa.fd)
(/usr/local/texlive/2024/texmf-dist/tex/latex/microtype/mt-msa.cfg)
(/usr/local/texlive/2024/texmf-dist/tex/latex/amsfonts/umsb.fd)
(/usr/local/texlive/2024/texmf-dist/tex/latex/microtype/mt-msb.cfg)
(/usr/local/texlive/2024/texmf-dist/tex/latex/lm/t1lmtt.fd)

Package hyperref Warning: Token not allowed in a PDF string (Unicode):
(hyperref)                removing `\<def>-command' on input line 131.


Package hyperref Warning: Token not allowed in a PDF string (Unicode):
(hyperref)                removing `\cnotenum' on input line 131.


Package hyperref Warning: Token not allowed in a PDF string (Unicode):
(hyperref)                removing `\<def>-command' on input line 131.


Package hyperref Warning: Token not allowed in a PDF string (Unicode):
(hyperref)                removing `\@corref' on input line 131.

[1{/usr/local/texlive/2024/texmf-var/fonts/map/pdftex/updmap/pdftex.map}{/usr/l
ocal/texlive/2024/texmf-dist/fonts/enc/dvips/lm/lm-ec.enc}{/usr/local/texlive/2
024/texmf-dist/fonts/enc/dvips/lm/lm-mathsy.enc}]

Package natbib Warning: Citation `Pew2020' on page 2 undefined on input line 14
4.


Package natbib Warning: Citation `Montenovo2022' on page 2 undefined on input l
ine 144.


Package natbib Warning: Citation `Cajner2020' on page 2 undefined on input line
 144.


Package natbib Warning: Citation `Prassl2020' on page 2 undefined on input line
 145.


Package natbib Warning: Citation `Albanesi2021' on page 2 undefined on input li
ne 145.


Package natbib Warning: Citation `Aum2021' on page 2 undefined on input line 14
5.


Package natbib Warning: Citation `Forsythe2020' on page 2 undefined on input li
ne 147.


Package natbib Warning: Citation `Chetty2024' on page 2 undefined on input line
 148.


Package natbib Warning: Citation `BenPorath1967' on page 2 undefined on input l
ine 151.


Package natbib Warning: Citation `Mincer1974' on page 2 undefined on input line
 151.


Package natbib Warning: Citation `Lise2020' on page 2 undefined on input line 1
51.


Package natbib Warning: Citation `Farber2005' on page 2 undefined on input line
 153.


Package natbib Warning: Citation `Hoynes2012' on page 2 undefined on input line
 153.


Package natbib Warning: Citation `Davis1987' on page 2 undefined on input line 
154.


Package natbib Warning: Citation `Brainard1993' on page 2 undefined on input li
ne 154.


Package natbib Warning: Citation `Autor2003' on page 2 undefined on input line 
155.


Package natbib Warning: Citation `Dingel2020' on page 2 undefined on input line
 155.


Package natbib Warning: Citation `Barrero2023' on page 2 undefined on input lin
e 155.


Package natbib Warning: Citation `Beuermann2024' on page 2 undefined on input l
ine 156.


Package natbib Warning: Citation `LaPorta2014' on page 2 undefined on input lin
e 166.


Package natbib Warning: Citation `Meghir2015' on page 2 undefined on input line
 166.


Package natbib Warning: Citation `Ulyssea2018' on page 2 undefined on input lin
e 166.


Package natbib Warning: Citation `DixCarneiro2026' on page 2 undefined on input
 line 166.


Package natbib Warning: Citation `Arruda2022' on page 2 undefined on input line
 171.


Package natbib Warning: Citation `Neri2020' on page 2 undefined on input line 1
71.


Package natbib Warning: Citation `Lopez2023' on page 2 undefined on input line 
171.


Package natbib Warning: Citation `MTE2020' on page 2 undefined on input line 17
4.


Package natbib Warning: Citation `Ulyssea2018' on page 2 undefined on input lin
e 175.


Package natbib Warning: Citation `Ulyssea2020' on page 2 undefined on input lin
e 175.


Package natbib Warning: Citation `Parente2024' on page 2 undefined on input lin
e 175.


Package natbib Warning: Citation `Maurizio2023' on page 2 undefined on input li
ne 180.


Package natbib Warning: Citation `Bottan2020' on page 2 undefined on input line
 184.


Package natbib Warning: Citation `Arruda2022' on page 2 undefined on input line
 187.


Package natbib Warning: Citation `Lopez2023' on page 2 undefined on input line 
187.


Package natbib Warning: Citation `Andrade2025' on page 2 undefined on input lin
e 187.

[2] [3]

Package natbib Warning: Citation `Arruda2022' on page 4 undefined on input line
 271.


Package natbib Warning: Citation `Neri2020' on page 4 undefined on input line 2
71.


Package natbib Warning: Citation `Salto2021' on page 4 undefined on input line 
271.


Package natbib Warning: Citation `Lopez2023' on page 4 undefined on input line 
274.


Package natbib Warning: Citation `MTE2020' on page 4 undefined on input line 28
1.


Package natbib Warning: Citation `Giupponi2023' on page 4 undefined on input li
ne 283.


Package natbib Warning: Citation `Ulyssea2020' on page 4 undefined on input lin
e 291.


Package natbib Warning: Citation `GerardGonzaga2021' on page 4 undefined on inp
ut line 291.


Package natbib Warning: Citation `Ribas2008' on page 4 undefined on input line 
308.

[4]

Package natbib Warning: Citation `Maurizio2023' on page 5 undefined on input li
ne 360.

[5{/usr/local/texlive/2024/texmf-dist/fonts/enc/dvips/lm/lm-mathit.enc}{/usr/lo
cal/texlive/2024/texmf-dist/fonts/enc/dvips/lm/lm-rm.enc}]
(../analysis/output/tables/tab_descriptives.tex) [6] [7] [8{/usr/local/texlive/
2024/texmf-dist/fonts/enc/dvips/lm/lm-mathex.enc}]

Package natbib Warning: Citation `Cameron2011' on page 9 undefined on input lin
e 470.


Package natbib Warning: Citation `Abadie2023' on page 9 undefined on input line
 471.


Package natbib Warning: Citation `MontielOlea2019' on page 9 undefined on input
 line 488.


Package natbib Warning: Citation `Cameron2008' on page 9 undefined on input lin
e 496.


Package natbib Warning: Citation `Roodman2019' on page 9 undefined on input lin
e 496.


Package natbib Warning: Citation `Kitagawa1955' on page 9 undefined on input li
ne 503.


Package natbib Warning: Citation `Oaxaca1973' on page 9 undefined on input line
 504.


Package natbib Warning: Citation `Blinder1973' on page 9 undefined on input lin
e 504.


Package natbib Warning: Citation `Fortin2011' on page 9 undefined on input line
 505.

[9]

pdfTeX warning: pdflatex (file ../analysis/output/figures/fig_levels.pdf): PDF 
inclusion: found PDF version <1.7>, but at most version <1.5> allowed
[10]

pdfTeX warning: pdflatex (file ../analysis/output/figures/fig_gap.pdf): PDF inc
lusion: found PDF version <1.7>, but at most version <1.5> allowed
[11 <../analysis/output/figures/fig_levels.pdf>]
(../analysis/output/tables/tab_main_margins.tex) [12 <../analysis/output/figure
s/fig_gap.pdf>]

Package natbib Warning: Citation `Cameron2008' on page 13 undefined on input li
ne 575.


Package natbib Warning: Citation `Roodman2019' on page 13 undefined on input li
ne 575.

[13] [14] (../analysis/output/tables/tab_spec_ladder.tex) [15]

pdfTeX warning: pdflatex (file ../analysis/output/figures/fig_formal_informal.p
df): PDF inclusion: found PDF version <1.7>, but at most version <1.5> allowed
[16] (../analysis/output/tables/tab_heterogeneity.tex) [17 <../analysis/output/
figures/fig_formal_informal.pdf>] [18]
(../analysis/output/tables/tab_decomposition.tex) [19] [20] [21]

pdfTeX warning: pdflatex (file ../analysis/output/figures/fig_retention.pdf): P
DF inclusion: found PDF version <1.7>, but at most version <1.5> allowed
[22 <../analysis/output/figures/fig_retention.pdf>]
(../analysis/output/tables/tab_attrition.tex) [23] [24] [25]
(../analysis/output/tables/tab_overlap.tex) [26]
(../analysis/output/tables/tab_robustness.tex) [27]

Package natbib Warning: Citation `Dingel2020' on page 28 undefined on input lin
e 920.


Package natbib Warning: Citation `Alon2020' on page 28 undefined on input line 
921.


Package natbib Warning: Citation `Ganong2020' on page 28 undefined on input lin
e 924.


Package natbib Warning: Citation `Marinescu2021' on page 28 undefined on input 
line 924.

[28] [29] (./paper.bbl [30] [31]
Underfull \hbox (badness 7486) in paragraph at lines 387--395
[]\T1/lmr/m/n/8 (+20) Parente, R.M., 2024.  Min-i-mum Wages, In-equal-ity, and 
the In-for-mal Sec-tor.  IMF Work-ing Pa-per

Underfull \hbox (badness 4967) in paragraph at lines 387--395
\T1/lmr/m/n/8 (+20) 2024/159. In-ter-na-tional Mon-e-tary Fund.  URL: [][]$\T1/
lmtt/m/n/8 https : / / www . imf . org / en / Publications / WP / Issues / 2024
 / 07 / 19 /
[32])

Package natbib Warning: Citation `Ribas2008' on page 33 undefined on input line
 1043.

(../analysis/output/tables/tab_matching.tex
pdfTeX warning (ext4): destination with the same identifier (name{table.1}) has
 been already used, duplicate ignored
<to be read again> 
                   \relax 
l.3 ...rmance of the stage-3 panel identification}
                                                  ) [33] [34]
(../analysis/output/tables/tab_vcov_sensitivity.tex
pdfTeX warning (ext4): destination with the same identifier (name{table.1}) has
 been already used, duplicate ignored
<to be read again> 
                   \relax 
l.3 ... the college gap to the variance estimator}
                                                  )
(../analysis/output/tables/tab_placebo.tex
pdfTeX warning (ext4): destination with the same identifier (name{table.2}) has
 been already used, duplicate ignored
<to be read again> 
                   \relax 
l.3 ...against placebo windows of the same length}
                                                  ) [35]

pdfTeX warning: pdflatex (file ../analysis/output/figures/fig_decomposition.pdf
): PDF inclusion: found PDF version <1.7>, but at most version <1.5> allowed

pdfTeX warning (ext4): destination with the same identifier (name{figure.1}) ha
s been already used, duplicate ignored
<to be read again> 
                   \relax 
l.1145   occupation.}
                     
pdfTeX warning (ext4): destination with the same identifier (name{figure.1}) ha
s been already used, duplicate ignored
<to be read again> 
                   \relax 
l.1145   occupation.}
                      [36] (../analysis/output/tables/tab_decomp_variants.tex
pdfTeX warning (ext4): destination with the same identifier (name{table.3}) has
 been already used, duplicate ignored
<to be read again> 
                   \relax 
l.3 ...ternative references and on common support}
                                                  ) [37 <../analysis/output/fig
ures/fig_decomposition.pdf>]

pdfTeX warning: pdflatex (file ../analysis/output/figures/fig_by_position.pdf):
 PDF inclusion: found PDF version <1.7>, but at most version <1.5> allowed

pdfTeX warning (ext4): destination with the same identifier (name{figure.2}) ha
s been already used, duplicate ignored
<to be read again> 
                   \relax 
l.1162   different vertical scales.}
                                    
pdfTeX warning (ext4): destination with the same identifier (name{figure.2}) ha
s been already used, duplicate ignored
<to be read again> 
                   \relax 
l.1162   different vertical scales.}
                                     [38]

pdfTeX warning: pdflatex (file ../analysis/output/figures/fig_by_demographics.p
df): PDF inclusion: found PDF version <1.7>, but at most version <1.5> allowed

pdfTeX warning (ext4): destination with the same identifier (name{figure.3}) ha
s been already used, duplicate ignored
<to be read again> 
                   \relax 
l.1171 ...ds. Note the different vertical scales.}
                                                  
pdfTeX warning (ext4): destination with the same identifier (name{figure.3}) ha
s been already used, duplicate ignored
<to be read again> 
                   \relax 
l.1171 ...ds. Note the different vertical scales.}
                                                   [39 <../analysis/output/figu
res/fig_by_position.pdf>] (../analysis/output/tables/tab_ipw.tex
pdfTeX warning (ext4): destination with the same identifier (name{table.4}) has
 been already used, duplicate ignored
<to be read again> 
                   \relax 
l.3 ...er inverse-retention-probability weighting}
                                                  ) [40 <../analysis/output/fig
ures/fig_by_demographics.pdf>]

pdfTeX warning: pdflatex (file ../analysis/output/figures/fig_attrition_frontie
r.pdf): PDF inclusion: found PDF version <1.7>, but at most version <1.5> allow
ed

pdfTeX warning (ext4): destination with the same identifier (name{figure.4}) ha
s been already used, duplicate ignored
<to be read again> 
                   \relax 
l.1193   their own education group.}
                                    
pdfTeX warning (ext4): destination with the same identifier (name{figure.4}) ha
s been already used, duplicate ignored
<to be read again> 
                   \relax 
l.1193   their own education group.}
                                     [41]
(../analysis/output/tables/tab_tipping.tex
pdfTeX warning (ext4): destination with the same identifier (name{table.5}) has
 been already used, duplicate ignored
<to be read again> 
                   \relax 
l.3 ...ould have to depart from missing-at-random}
                                                  ) [42 <../analysis/output/fig
ures/fig_attrition_frontier.pdf>]
(../analysis/output/tables/tab_sample_by_quarter.tex
pdfTeX warning (ext4): destination with the same identifier (name{table.6}) has
 been already used, duplicate ignored
<to be read again> 
                   \relax 
l.3 \caption{Sample composition by quarter}
                                           ) [43]

Package natbib Warning: There were undefined citations.

[44] (./paper.aux

Package natbib Warning: Citation(s) may have changed.
(natbib)                Rerun to get citations correct.

)

LaTeX Warning: Label(s) may have changed. Rerun to get cross-references right.

 )
(see the transcript file for additional information)</usr/local/texlive/2024/te
xmf-dist/fonts/type1/public/lm/lmbx10.pfb></usr/local/texlive/2024/texmf-dist/f
onts/type1/public/lm/lmbx8.pfb></usr/local/texlive/2024/texmf-dist/fonts/type1/
public/lm/lmex10.pfb></usr/local/texlive/2024/texmf-dist/fonts/type1/public/lm/
lmmi10.pfb></usr/local/texlive/2024/texmf-dist/fonts/type1/public/lm/lmmi6.pfb>
</usr/local/texlive/2024/texmf-dist/fonts/type1/public/lm/lmmi7.pfb></usr/local
/texlive/2024/texmf-dist/fonts/type1/public/lm/lmmi8.pfb></usr/local/texlive/20
24/texmf-dist/fonts/type1/public/lm/lmmi9.pfb></usr/local/texlive/2024/texmf-di
st/fonts/type1/public/lm/lmr10.pfb></usr/local/texlive/2024/texmf-dist/fonts/ty
pe1/public/lm/lmr12.pfb></usr/local/texlive/2024/texmf-dist/fonts/type1/public/
lm/lmr6.pfb></usr/local/texlive/2024/texmf-dist/fonts/type1/public/lm/lmr7.pfb>
</usr/local/texlive/2024/texmf-dist/fonts/type1/public/lm/lmr8.pfb></usr/local/
texlive/2024/texmf-dist/fonts/type1/public/lm/lmr9.pfb></usr/local/texlive/2024
/texmf-dist/fonts/type1/public/lm/lmri10.pfb></usr/local/texlive/2024/texmf-dis
t/fonts/type1/public/lm/lmri7.pfb></usr/local/texlive/2024/texmf-dist/fonts/typ
e1/public/lm/lmri8.pfb></usr/local/texlive/2024/texmf-dist/fonts/type1/public/l
m/lmri9.pfb></usr/local/texlive/2024/texmf-dist/fonts/type1/public/lm/lmsy10.pf
b></usr/local/texlive/2024/texmf-dist/fonts/type1/public/lm/lmsy5.pfb></usr/loc
al/texlive/2024/texmf-dist/fonts/type1/public/lm/lmsy6.pfb></usr/local/texlive/
2024/texmf-dist/fonts/type1/public/lm/lmsy7.pfb></usr/local/texlive/2024/texmf-
dist/fonts/type1/public/lm/lmsy8.pfb></usr/local/texlive/2024/texmf-dist/fonts/
type1/public/lm/lmsy9.pfb></usr/local/texlive/2024/texmf-dist/fonts/type1/publi
c/lm/lmtt10.pfb></usr/local/texlive/2024/texmf-dist/fonts/type1/public/lm/lmtt8
.pfb></usr/local/texlive/2024/texmf-dist/fonts/type1/public/amsfonts/symbols/ms
bm10.pfb>
Output written on paper.pdf (44 pages, 686667 bytes).
Transcript written on paper.log.
Latexmk: Getting log file 'paper.log'
Latexmk: Examining 'paper.fls'
Latexmk: Examining 'paper.log'
Latexmk: Found input bbl file 'paper.bbl'
Latexmk: References changed.
Latexmk: References changed.
Latexmk: Log file says output to 'paper.pdf'
Latexmk: Found bibliography file(s):
  ./refs.bib
Latexmk: applying rule 'bibtex paper'...
Rule 'bibtex paper':  Reasons for rerun
Changed files or newly in use/created:
  paper.aux

------------
Run number 2 of rule 'bibtex paper'
------------
------------
Running 'bibtex  "paper.aux"'
------------
This is BibTeX, Version 0.99d (TeX Live 2024)
The top-level auxiliary file: paper.aux
The style file: elsarticle-harv.bst
Database file #1: refs.bib
Latexmk: applying rule 'pdflatex'...
Rule 'pdflatex':  Reasons for rerun
Changed files or newly in use/created:
  paper.aux
  paper.spl

------------
Run number 3 of rule 'pdflatex'
------------
------------
Running 'pdflatex  -interaction=nonstopmode -recorder  "paper.tex"'
------------
This is pdfTeX, Version 3.141592653-2.6-1.40.26 (TeX Live 2024) (preloaded format=pdflatex)
 restricted \write18 enabled.
entering extended mode
(./paper.tex
LaTeX2e <2023-11-01> patch level 1
L3 programming layer <2024-02-20>
(/usr/local/texlive/2024/texmf-dist/tex/latex/elsarticle/elsarticle.cls
Document Class: elsarticle 2020/11/20, 3.3: Elsevier Ltd
(/usr/local/texlive/2024/texmf-dist/tex/latex/l3kernel/expl3.sty
(/usr/local/texlive/2024/texmf-dist/tex/latex/l3backend/l3backend-pdftex.def))
(/usr/local/texlive/2024/texmf-dist/tex/latex/l3packages/xparse/xparse.sty)
(/usr/local/texlive/2024/texmf-dist/tex/latex/etoolbox/etoolbox.sty)
(/usr/local/texlive/2024/texmf-dist/tex/latex/base/article.cls
Document Class: article 2023/05/17 v1.4n Standard LaTeX document class
(/usr/local/texlive/2024/texmf-dist/tex/latex/base/size10.clo))
(/usr/local/texlive/2024/texmf-dist/tex/latex/graphics/graphicx.sty
(/usr/local/texlive/2024/texmf-dist/tex/latex/graphics/keyval.sty)
(/usr/local/texlive/2024/texmf-dist/tex/latex/graphics/graphics.sty
(/usr/local/texlive/2024/texmf-dist/tex/latex/graphics/trig.sty)
(/usr/local/texlive/2024/texmf-dist/tex/latex/graphics-cfg/graphics.cfg)
(/usr/local/texlive/2024/texmf-dist/tex/latex/graphics-def/pdftex.def)))
(./paper.spl) (/usr/local/texlive/2024/texmf-dist/tex/latex/natbib/natbib.sty)
(/usr/local/texlive/2024/texmf-dist/tex/latex/geometry/geometry.sty
(/usr/local/texlive/2024/texmf-dist/tex/generic/iftex/ifvtex.sty
(/usr/local/texlive/2024/texmf-dist/tex/generic/iftex/iftex.sty))))
(/usr/local/texlive/2024/texmf-dist/tex/latex/base/fontenc.sty)
(/usr/local/texlive/2024/texmf-dist/tex/latex/base/inputenc.sty)
(/usr/local/texlive/2024/texmf-dist/tex/latex/lm/lmodern.sty)
(/usr/local/texlive/2024/texmf-dist/tex/latex/microtype/microtype.sty
(/usr/local/texlive/2024/texmf-dist/tex/latex/microtype/microtype-pdftex.def)
(/usr/local/texlive/2024/texmf-dist/tex/latex/microtype/microtype.cfg))
(/usr/local/texlive/2024/texmf-dist/tex/latex/amsmath/amsmath.sty
For additional information on amsmath, use the `?' option.
(/usr/local/texlive/2024/texmf-dist/tex/latex/amsmath/amstext.sty
(/usr/local/texlive/2024/texmf-dist/tex/latex/amsmath/amsgen.sty))
(/usr/local/texlive/2024/texmf-dist/tex/latex/amsmath/amsbsy.sty)
(/usr/local/texlive/2024/texmf-dist/tex/latex/amsmath/amsopn.sty))
(/usr/local/texlive/2024/texmf-dist/tex/latex/amsfonts/amssymb.sty
(/usr/local/texlive/2024/texmf-dist/tex/latex/amsfonts/amsfonts.sty))
(/usr/local/texlive/2024/texmf-dist/tex/latex/booktabs/booktabs.sty)
(/usr/local/texlive/2024/texmf-dist/tex/latex/threeparttable/threeparttable.sty
) (/usr/local/texlive/2024/texmf-dist/tex/latex/float/float.sty)
(/usr/local/texlive/2024/texmf-dist/tex/latex/xcolor/xcolor.sty
(/usr/local/texlive/2024/texmf-dist/tex/latex/graphics-cfg/color.cfg)
(/usr/local/texlive/2024/texmf-dist/tex/latex/graphics/mathcolor.ltx))
(/usr/local/texlive/2024/texmf-dist/tex/latex/hyperref/hyperref.sty
(/usr/local/texlive/2024/texmf-dist/tex/latex/kvsetkeys/kvsetkeys.sty)
(/usr/local/texlive/2024/texmf-dist/tex/generic/kvdefinekeys/kvdefinekeys.sty)
(/usr/local/texlive/2024/texmf-dist/tex/generic/pdfescape/pdfescape.sty
(/usr/local/texlive/2024/texmf-dist/tex/generic/ltxcmds/ltxcmds.sty)
(/usr/local/texlive/2024/texmf-dist/tex/generic/pdftexcmds/pdftexcmds.sty
(/usr/local/texlive/2024/texmf-dist/tex/generic/infwarerr/infwarerr.sty)))
(/usr/local/texlive/2024/texmf-dist/tex/latex/hycolor/hycolor.sty)
(/usr/local/texlive/2024/texmf-dist/tex/latex/auxhook/auxhook.sty)
(/usr/local/texlive/2024/texmf-dist/tex/latex/hyperref/nameref.sty
(/usr/local/texlive/2024/texmf-dist/tex/latex/refcount/refcount.sty)
(/usr/local/texlive/2024/texmf-dist/tex/generic/gettitlestring/gettitlestring.s
ty (/usr/local/texlive/2024/texmf-dist/tex/latex/kvoptions/kvoptions.sty)))
(/usr/local/texlive/2024/texmf-dist/tex/latex/hyperref/pd1enc.def)
(/usr/local/texlive/2024/texmf-dist/tex/generic/intcalc/intcalc.sty)
(/usr/local/texlive/2024/texmf-dist/tex/latex/hyperref/puenc.def)
(/usr/local/texlive/2024/texmf-dist/tex/latex/url/url.sty)
(/usr/local/texlive/2024/texmf-dist/tex/generic/bitset/bitset.sty
(/usr/local/texlive/2024/texmf-dist/tex/generic/bigintcalc/bigintcalc.sty))
(/usr/local/texlive/2024/texmf-dist/tex/latex/base/atbegshi-ltx.sty))
(/usr/local/texlive/2024/texmf-dist/tex/latex/hyperref/hpdftex.def
(/usr/local/texlive/2024/texmf-dist/tex/latex/base/atveryend-ltx.sty)
(/usr/local/texlive/2024/texmf-dist/tex/latex/rerunfilecheck/rerunfilecheck.sty

(/usr/local/texlive/2024/texmf-dist/tex/generic/uniquecounter/uniquecounter.sty
))) (../analysis/output/tables/numbers.tex)
(/usr/local/texlive/2024/texmf-dist/tex/latex/lm/t1lmr.fd) (./paper.aux)
(/usr/local/texlive/2024/texmf-dist/tex/context/base/mkii/supp-pdf.mkii
[Loading MPS to PDF converter (version 2006.09.02).]
) (/usr/local/texlive/2024/texmf-dist/tex/latex/epstopdf-pkg/epstopdf-base.sty
(/usr/local/texlive/2024/texmf-dist/tex/latex/latexconfig/epstopdf-sys.cfg))
*geometry* driver: auto-detecting
*geometry* detected driver: pdftex
(/usr/local/texlive/2024/texmf-dist/tex/latex/microtype/mt-cmr.cfg)
(./paper.out) (./paper.out)
(/usr/local/texlive/2024/texmf-dist/tex/latex/lm/ot1lmr.fd)
(/usr/local/texlive/2024/texmf-dist/tex/latex/lm/omllmm.fd)
(/usr/local/texlive/2024/texmf-dist/tex/latex/lm/omslmsy.fd)
(/usr/local/texlive/2024/texmf-dist/tex/latex/lm/omxlmex.fd)
(/usr/local/texlive/2024/texmf-dist/tex/latex/amsfonts/umsa.fd)
(/usr/local/texlive/2024/texmf-dist/tex/latex/microtype/mt-msa.cfg)
(/usr/local/texlive/2024/texmf-dist/tex/latex/amsfonts/umsb.fd)
(/usr/local/texlive/2024/texmf-dist/tex/latex/microtype/mt-msb.cfg)
(/usr/local/texlive/2024/texmf-dist/tex/latex/lm/t1lmtt.fd)

Package hyperref Warning: Token not allowed in a PDF string (Unicode):
(hyperref)                removing `\<def>-command' on input line 131.


Package hyperref Warning: Token not allowed in a PDF string (Unicode):
(hyperref)                removing `\cnotenum' on input line 131.


Package hyperref Warning: Token not allowed in a PDF string (Unicode):
(hyperref)                removing `\<def>-command' on input line 131.


Package hyperref Warning: Token not allowed in a PDF string (Unicode):
(hyperref)                removing `\@corref' on input line 131.

[1{/usr/local/texlive/2024/texmf-var/fonts/map/pdftex/updmap/pdftex.map}{/usr/l
ocal/texlive/2024/texmf-dist/fonts/enc/dvips/lm/lm-ec.enc}{/usr/local/texlive/2
024/texmf-dist/fonts/enc/dvips/lm/lm-mathsy.enc}] [2] [3] [4] [5{/usr/local/tex
live/2024/texmf-dist/fonts/enc/dvips/lm/lm-mathit.enc}{/usr/local/texlive/2024/
texmf-dist/fonts/enc/dvips/lm/lm-rm.enc}]
(../analysis/output/tables/tab_descriptives.tex) [6] [7] [8{/usr/local/texlive/
2024/texmf-dist/fonts/enc/dvips/lm/lm-mathex.enc}] [9]

pdfTeX warning: pdflatex (file ../analysis/output/figures/fig_levels.pdf): PDF 
inclusion: found PDF version <1.7>, but at most version <1.5> allowed
[10]

pdfTeX warning: pdflatex (file ../analysis/output/figures/fig_gap.pdf): PDF inc
lusion: found PDF version <1.7>, but at most version <1.5> allowed
[11 <../analysis/output/figures/fig_levels.pdf>]
(../analysis/output/tables/tab_main_margins.tex) [12 <../analysis/output/figure
s/fig_gap.pdf>] [13] [14] (../analysis/output/tables/tab_spec_ladder.tex)
[15]

pdfTeX warning: pdflatex (file ../analysis/output/figures/fig_formal_informal.p
df): PDF inclusion: found PDF version <1.7>, but at most version <1.5> allowed
[16] (../analysis/output/tables/tab_heterogeneity.tex) [17 <../analysis/output/
figures/fig_formal_informal.pdf>] [18]
(../analysis/output/tables/tab_decomposition.tex) [19] [20] [21]

pdfTeX warning: pdflatex (file ../analysis/output/figures/fig_retention.pdf): P
DF inclusion: found PDF version <1.7>, but at most version <1.5> allowed
[22 <../analysis/output/figures/fig_retention.pdf>]
(../analysis/output/tables/tab_attrition.tex) [23] [24] [25]
(../analysis/output/tables/tab_overlap.tex) [26]
(../analysis/output/tables/tab_robustness.tex) [27] [28] [29] (./paper.bbl
[30] [31]
Underfull \hbox (badness 7486) in paragraph at lines 387--395
[]\T1/lmr/m/n/8 (+20) Parente, R.M., 2024.  Min-i-mum Wages, In-equal-ity, and 
the In-for-mal Sec-tor.  IMF Work-ing Pa-per

Underfull \hbox (badness 4967) in paragraph at lines 387--395
\T1/lmr/m/n/8 (+20) 2024/159. In-ter-na-tional Mon-e-tary Fund.  URL: [][]$\T1/
lmtt/m/n/8 https : / / www . imf . org / en / Publications / WP / Issues / 2024
 / 07 / 19 /
[32]) (../analysis/output/tables/tab_matching.tex
pdfTeX warning (ext4): destination with the same identifier (name{table.1}) has
 been already used, duplicate ignored
<to be read again> 
                   \relax 
l.3 ...rmance of the stage-3 panel identification}
                                                  ) [33] [34]
(../analysis/output/tables/tab_vcov_sensitivity.tex
pdfTeX warning (ext4): destination with the same identifier (name{table.1}) has
 been already used, duplicate ignored
<to be read again> 
                   \relax 
l.3 ... the college gap to the variance estimator}
                                                  )
(../analysis/output/tables/tab_placebo.tex
pdfTeX warning (ext4): destination with the same identifier (name{table.2}) has
 been already used, duplicate ignored
<to be read again> 
                   \relax 
l.3 ...against placebo windows of the same length}
                                                  ) [35]

pdfTeX warning: pdflatex (file ../analysis/output/figures/fig_decomposition.pdf
): PDF inclusion: found PDF version <1.7>, but at most version <1.5> allowed

pdfTeX warning (ext4): destination with the same identifier (name{figure.1}) ha
s been already used, duplicate ignored
<to be read again> 
                   \relax 
l.1145   occupation.}
                     
pdfTeX warning (ext4): destination with the same identifier (name{figure.1}) ha
s been already used, duplicate ignored
<to be read again> 
                   \relax 
l.1145   occupation.}
                      [36] (../analysis/output/tables/tab_decomp_variants.tex
pdfTeX warning (ext4): destination with the same identifier (name{table.3}) has
 been already used, duplicate ignored
<to be read again> 
                   \relax 
l.3 ...ternative references and on common support}
                                                  ) [37 <../analysis/output/fig
ures/fig_decomposition.pdf>]

pdfTeX warning: pdflatex (file ../analysis/output/figures/fig_by_position.pdf):
 PDF inclusion: found PDF version <1.7>, but at most version <1.5> allowed

pdfTeX warning (ext4): destination with the same identifier (name{figure.2}) ha
s been already used, duplicate ignored
<to be read again> 
                   \relax 
l.1162   different vertical scales.}
                                    
pdfTeX warning (ext4): destination with the same identifier (name{figure.2}) ha
s been already used, duplicate ignored
<to be read again> 
                   \relax 
l.1162   different vertical scales.}
                                     [38]

pdfTeX warning: pdflatex (file ../analysis/output/figures/fig_by_demographics.p
df): PDF inclusion: found PDF version <1.7>, but at most version <1.5> allowed

pdfTeX warning (ext4): destination with the same identifier (name{figure.3}) ha
s been already used, duplicate ignored
<to be read again> 
                   \relax 
l.1171 ...ds. Note the different vertical scales.}
                                                  
pdfTeX warning (ext4): destination with the same identifier (name{figure.3}) ha
s been already used, duplicate ignored
<to be read again> 
                   \relax 
l.1171 ...ds. Note the different vertical scales.}
                                                   [39 <../analysis/output/figu
res/fig_by_position.pdf>] (../analysis/output/tables/tab_ipw.tex
pdfTeX warning (ext4): destination with the same identifier (name{table.4}) has
 been already used, duplicate ignored
<to be read again> 
                   \relax 
l.3 ...er inverse-retention-probability weighting}
                                                  ) [40 <../analysis/output/fig
ures/fig_by_demographics.pdf>]

pdfTeX warning: pdflatex (file ../analysis/output/figures/fig_attrition_frontie
r.pdf): PDF inclusion: found PDF version <1.7>, but at most version <1.5> allow
ed

pdfTeX warning (ext4): destination with the same identifier (name{figure.4}) ha
s been already used, duplicate ignored
<to be read again> 
                   \relax 
l.1193   their own education group.}
                                    
pdfTeX warning (ext4): destination with the same identifier (name{figure.4}) ha
s been already used, duplicate ignored
<to be read again> 
                   \relax 
l.1193   their own education group.}
                                     [41]
(../analysis/output/tables/tab_tipping.tex
pdfTeX warning (ext4): destination with the same identifier (name{table.5}) has
 been already used, duplicate ignored
<to be read again> 
                   \relax 
l.3 ...ould have to depart from missing-at-random}
                                                  ) [42 <../analysis/output/fig
ures/fig_attrition_frontier.pdf>]
(../analysis/output/tables/tab_sample_by_quarter.tex
pdfTeX warning (ext4): destination with the same identifier (name{table.6}) has
 been already used, duplicate ignored
<to be read again> 
                   \relax 
l.3 \caption{Sample composition by quarter}
                                           ) [43] [44] (./paper.aux)

LaTeX Warning: Label(s) may have changed. Rerun to get cross-references right.

 )
(see the transcript file for additional information)</usr/local/texlive/2024/te
xmf-dist/fonts/type1/public/lm/lmbx10.pfb></usr/local/texlive/2024/texmf-dist/f
onts/type1/public/lm/lmbx8.pfb></usr/local/texlive/2024/texmf-dist/fonts/type1/
public/lm/lmex10.pfb></usr/local/texlive/2024/texmf-dist/fonts/type1/public/lm/
lmmi10.pfb></usr/local/texlive/2024/texmf-dist/fonts/type1/public/lm/lmmi6.pfb>
</usr/local/texlive/2024/texmf-dist/fonts/type1/public/lm/lmmi7.pfb></usr/local
/texlive/2024/texmf-dist/fonts/type1/public/lm/lmmi8.pfb></usr/local/texlive/20
24/texmf-dist/fonts/type1/public/lm/lmmi9.pfb></usr/local/texlive/2024/texmf-di
st/fonts/type1/public/lm/lmr10.pfb></usr/local/texlive/2024/texmf-dist/fonts/ty
pe1/public/lm/lmr12.pfb></usr/local/texlive/2024/texmf-dist/fonts/type1/public/
lm/lmr6.pfb></usr/local/texlive/2024/texmf-dist/fonts/type1/public/lm/lmr7.pfb>
</usr/local/texlive/2024/texmf-dist/fonts/type1/public/lm/lmr8.pfb></usr/local/
texlive/2024/texmf-dist/fonts/type1/public/lm/lmr9.pfb></usr/local/texlive/2024
/texmf-dist/fonts/type1/public/lm/lmri10.pfb></usr/local/texlive/2024/texmf-dis
t/fonts/type1/public/lm/lmri7.pfb></usr/local/texlive/2024/texmf-dist/fonts/typ
e1/public/lm/lmri8.pfb></usr/local/texlive/2024/texmf-dist/fonts/type1/public/l
m/lmri9.pfb></usr/local/texlive/2024/texmf-dist/fonts/type1/public/lm/lmsy10.pf
b></usr/local/texlive/2024/texmf-dist/fonts/type1/public/lm/lmsy5.pfb></usr/loc
al/texlive/2024/texmf-dist/fonts/type1/public/lm/lmsy6.pfb></usr/local/texlive/
2024/texmf-dist/fonts/type1/public/lm/lmsy7.pfb></usr/local/texlive/2024/texmf-
dist/fonts/type1/public/lm/lmsy8.pfb></usr/local/texlive/2024/texmf-dist/fonts/
type1/public/lm/lmsy9.pfb></usr/local/texlive/2024/texmf-dist/fonts/type1/publi
c/lm/lmtt10.pfb></usr/local/texlive/2024/texmf-dist/fonts/type1/public/lm/lmtt8
.pfb></usr/local/texlive/2024/texmf-dist/fonts/type1/public/amsfonts/symbols/ms
bm10.pfb>
Output written on paper.pdf (44 pages, 693131 bytes).
Transcript written on paper.log.
Latexmk: Getting log file 'paper.log'
Latexmk: Examining 'paper.fls'
Latexmk: Examining 'paper.log'
Latexmk: Found input bbl file 'paper.bbl'
Latexmk: References changed.
Latexmk: Log file says output to 'paper.pdf'
Latexmk: Found bibliography file(s):
  ./refs.bib
Latexmk: applying rule 'bibtex paper'...
Rule 'bibtex paper':  Reasons for rerun
Changed files or newly in use/created:
  paper.aux

------------
Run number 3 of rule 'bibtex paper'
------------
------------
Running 'bibtex  "paper.aux"'
------------
This is BibTeX, Version 0.99d (TeX Live 2024)
The top-level auxiliary file: paper.aux
The style file: elsarticle-harv.bst
Database file #1: refs.bib
Latexmk: applying rule 'pdflatex'...
Rule 'pdflatex':  Reasons for rerun
Changed files or newly in use/created:
  paper.aux

------------
Run number 4 of rule 'pdflatex'
------------
------------
Running 'pdflatex  -interaction=nonstopmode -recorder  "paper.tex"'
------------
This is pdfTeX, Version 3.141592653-2.6-1.40.26 (TeX Live 2024) (preloaded format=pdflatex)
 restricted \write18 enabled.
entering extended mode
(./paper.tex
LaTeX2e <2023-11-01> patch level 1
L3 programming layer <2024-02-20>
(/usr/local/texlive/2024/texmf-dist/tex/latex/elsarticle/elsarticle.cls
Document Class: elsarticle 2020/11/20, 3.3: Elsevier Ltd
(/usr/local/texlive/2024/texmf-dist/tex/latex/l3kernel/expl3.sty
(/usr/local/texlive/2024/texmf-dist/tex/latex/l3backend/l3backend-pdftex.def))
(/usr/local/texlive/2024/texmf-dist/tex/latex/l3packages/xparse/xparse.sty)
(/usr/local/texlive/2024/texmf-dist/tex/latex/etoolbox/etoolbox.sty)
(/usr/local/texlive/2024/texmf-dist/tex/latex/base/article.cls
Document Class: article 2023/05/17 v1.4n Standard LaTeX document class
(/usr/local/texlive/2024/texmf-dist/tex/latex/base/size10.clo))
(/usr/local/texlive/2024/texmf-dist/tex/latex/graphics/graphicx.sty
(/usr/local/texlive/2024/texmf-dist/tex/latex/graphics/keyval.sty)
(/usr/local/texlive/2024/texmf-dist/tex/latex/graphics/graphics.sty
(/usr/local/texlive/2024/texmf-dist/tex/latex/graphics/trig.sty)
(/usr/local/texlive/2024/texmf-dist/tex/latex/graphics-cfg/graphics.cfg)
(/usr/local/texlive/2024/texmf-dist/tex/latex/graphics-def/pdftex.def)))
(./paper.spl) (/usr/local/texlive/2024/texmf-dist/tex/latex/natbib/natbib.sty)
(/usr/local/texlive/2024/texmf-dist/tex/latex/geometry/geometry.sty
(/usr/local/texlive/2024/texmf-dist/tex/generic/iftex/ifvtex.sty
(/usr/local/texlive/2024/texmf-dist/tex/generic/iftex/iftex.sty))))
(/usr/local/texlive/2024/texmf-dist/tex/latex/base/fontenc.sty)
(/usr/local/texlive/2024/texmf-dist/tex/latex/base/inputenc.sty)
(/usr/local/texlive/2024/texmf-dist/tex/latex/lm/lmodern.sty)
(/usr/local/texlive/2024/texmf-dist/tex/latex/microtype/microtype.sty
(/usr/local/texlive/2024/texmf-dist/tex/latex/microtype/microtype-pdftex.def)
(/usr/local/texlive/2024/texmf-dist/tex/latex/microtype/microtype.cfg))
(/usr/local/texlive/2024/texmf-dist/tex/latex/amsmath/amsmath.sty
For additional information on amsmath, use the `?' option.
(/usr/local/texlive/2024/texmf-dist/tex/latex/amsmath/amstext.sty
(/usr/local/texlive/2024/texmf-dist/tex/latex/amsmath/amsgen.sty))
(/usr/local/texlive/2024/texmf-dist/tex/latex/amsmath/amsbsy.sty)
(/usr/local/texlive/2024/texmf-dist/tex/latex/amsmath/amsopn.sty))
(/usr/local/texlive/2024/texmf-dist/tex/latex/amsfonts/amssymb.sty
(/usr/local/texlive/2024/texmf-dist/tex/latex/amsfonts/amsfonts.sty))
(/usr/local/texlive/2024/texmf-dist/tex/latex/booktabs/booktabs.sty)
(/usr/local/texlive/2024/texmf-dist/tex/latex/threeparttable/threeparttable.sty
) (/usr/local/texlive/2024/texmf-dist/tex/latex/float/float.sty)
(/usr/local/texlive/2024/texmf-dist/tex/latex/xcolor/xcolor.sty
(/usr/local/texlive/2024/texmf-dist/tex/latex/graphics-cfg/color.cfg)
(/usr/local/texlive/2024/texmf-dist/tex/latex/graphics/mathcolor.ltx))
(/usr/local/texlive/2024/texmf-dist/tex/latex/hyperref/hyperref.sty
(/usr/local/texlive/2024/texmf-dist/tex/latex/kvsetkeys/kvsetkeys.sty)
(/usr/local/texlive/2024/texmf-dist/tex/generic/kvdefinekeys/kvdefinekeys.sty)
(/usr/local/texlive/2024/texmf-dist/tex/generic/pdfescape/pdfescape.sty
(/usr/local/texlive/2024/texmf-dist/tex/generic/ltxcmds/ltxcmds.sty)
(/usr/local/texlive/2024/texmf-dist/tex/generic/pdftexcmds/pdftexcmds.sty
(/usr/local/texlive/2024/texmf-dist/tex/generic/infwarerr/infwarerr.sty)))
(/usr/local/texlive/2024/texmf-dist/tex/latex/hycolor/hycolor.sty)
(/usr/local/texlive/2024/texmf-dist/tex/latex/auxhook/auxhook.sty)
(/usr/local/texlive/2024/texmf-dist/tex/latex/hyperref/nameref.sty
(/usr/local/texlive/2024/texmf-dist/tex/latex/refcount/refcount.sty)
(/usr/local/texlive/2024/texmf-dist/tex/generic/gettitlestring/gettitlestring.s
ty (/usr/local/texlive/2024/texmf-dist/tex/latex/kvoptions/kvoptions.sty)))
(/usr/local/texlive/2024/texmf-dist/tex/latex/hyperref/pd1enc.def)
(/usr/local/texlive/2024/texmf-dist/tex/generic/intcalc/intcalc.sty)
(/usr/local/texlive/2024/texmf-dist/tex/latex/hyperref/puenc.def)
(/usr/local/texlive/2024/texmf-dist/tex/latex/url/url.sty)
(/usr/local/texlive/2024/texmf-dist/tex/generic/bitset/bitset.sty
(/usr/local/texlive/2024/texmf-dist/tex/generic/bigintcalc/bigintcalc.sty))
(/usr/local/texlive/2024/texmf-dist/tex/latex/base/atbegshi-ltx.sty))
(/usr/local/texlive/2024/texmf-dist/tex/latex/hyperref/hpdftex.def
(/usr/local/texlive/2024/texmf-dist/tex/latex/base/atveryend-ltx.sty)
(/usr/local/texlive/2024/texmf-dist/tex/latex/rerunfilecheck/rerunfilecheck.sty

(/usr/local/texlive/2024/texmf-dist/tex/generic/uniquecounter/uniquecounter.sty
))) (../analysis/output/tables/numbers.tex)
(/usr/local/texlive/2024/texmf-dist/tex/latex/lm/t1lmr.fd) (./paper.aux)
(/usr/local/texlive/2024/texmf-dist/tex/context/base/mkii/supp-pdf.mkii
[Loading MPS to PDF converter (version 2006.09.02).]
) (/usr/local/texlive/2024/texmf-dist/tex/latex/epstopdf-pkg/epstopdf-base.sty
(/usr/local/texlive/2024/texmf-dist/tex/latex/latexconfig/epstopdf-sys.cfg))
*geometry* driver: auto-detecting
*geometry* detected driver: pdftex
(/usr/local/texlive/2024/texmf-dist/tex/latex/microtype/mt-cmr.cfg)
(./paper.out) (./paper.out)
(/usr/local/texlive/2024/texmf-dist/tex/latex/lm/ot1lmr.fd)
(/usr/local/texlive/2024/texmf-dist/tex/latex/lm/omllmm.fd)
(/usr/local/texlive/2024/texmf-dist/tex/latex/lm/omslmsy.fd)
(/usr/local/texlive/2024/texmf-dist/tex/latex/lm/omxlmex.fd)
(/usr/local/texlive/2024/texmf-dist/tex/latex/amsfonts/umsa.fd)
(/usr/local/texlive/2024/texmf-dist/tex/latex/microtype/mt-msa.cfg)
(/usr/local/texlive/2024/texmf-dist/tex/latex/amsfonts/umsb.fd)
(/usr/local/texlive/2024/texmf-dist/tex/latex/microtype/mt-msb.cfg)
(/usr/local/texlive/2024/texmf-dist/tex/latex/lm/t1lmtt.fd)

Package hyperref Warning: Token not allowed in a PDF string (Unicode):
(hyperref)                removing `\<def>-command' on input line 131.


Package hyperref Warning: Token not allowed in a PDF string (Unicode):
(hyperref)                removing `\cnotenum' on input line 131.


Package hyperref Warning: Token not allowed in a PDF string (Unicode):
(hyperref)                removing `\<def>-command' on input line 131.


Package hyperref Warning: Token not allowed in a PDF string (Unicode):
(hyperref)                removing `\@corref' on input line 131.

[1{/usr/local/texlive/2024/texmf-var/fonts/map/pdftex/updmap/pdftex.map}{/usr/l
ocal/texlive/2024/texmf-dist/fonts/enc/dvips/lm/lm-ec.enc}{/usr/local/texlive/2
024/texmf-dist/fonts/enc/dvips/lm/lm-mathsy.enc}] [2] [3] [4] [5{/usr/local/tex
live/2024/texmf-dist/fonts/enc/dvips/lm/lm-mathit.enc}{/usr/local/texlive/2024/
texmf-dist/fonts/enc/dvips/lm/lm-rm.enc}]
(../analysis/output/tables/tab_descriptives.tex) [6] [7] [8{/usr/local/texlive/
2024/texmf-dist/fonts/enc/dvips/lm/lm-mathex.enc}] [9]

pdfTeX warning: pdflatex (file ../analysis/output/figures/fig_levels.pdf): PDF 
inclusion: found PDF version <1.7>, but at most version <1.5> allowed
[10]

pdfTeX warning: pdflatex (file ../analysis/output/figures/fig_gap.pdf): PDF inc
lusion: found PDF version <1.7>, but at most version <1.5> allowed
[11 <../analysis/output/figures/fig_levels.pdf>]
(../analysis/output/tables/tab_main_margins.tex) [12 <../analysis/output/figure
s/fig_gap.pdf>] [13] [14] (../analysis/output/tables/tab_spec_ladder.tex)
[15]

pdfTeX warning: pdflatex (file ../analysis/output/figures/fig_formal_informal.p
df): PDF inclusion: found PDF version <1.7>, but at most version <1.5> allowed
[16] (../analysis/output/tables/tab_heterogeneity.tex) [17 <../analysis/output/
figures/fig_formal_informal.pdf>] [18]
(../analysis/output/tables/tab_decomposition.tex) [19] [20] [21]

pdfTeX warning: pdflatex (file ../analysis/output/figures/fig_retention.pdf): P
DF inclusion: found PDF version <1.7>, but at most version <1.5> allowed
[22 <../analysis/output/figures/fig_retention.pdf>]
(../analysis/output/tables/tab_attrition.tex) [23] [24] [25]
(../analysis/output/tables/tab_overlap.tex) [26]
(../analysis/output/tables/tab_robustness.tex) [27] [28] [29] (./paper.bbl
[30] [31]
Underfull \hbox (badness 7486) in paragraph at lines 387--395
[]\T1/lmr/m/n/8 (+20) Parente, R.M., 2024.  Min-i-mum Wages, In-equal-ity, and 
the In-for-mal Sec-tor.  IMF Work-ing Pa-per

Underfull \hbox (badness 4967) in paragraph at lines 387--395
\T1/lmr/m/n/8 (+20) 2024/159. In-ter-na-tional Mon-e-tary Fund.  URL: [][]$\T1/
lmtt/m/n/8 https : / / www . imf . org / en / Publications / WP / Issues / 2024
 / 07 / 19 /
[32]) (../analysis/output/tables/tab_matching.tex
pdfTeX warning (ext4): destination with the same identifier (name{table.1}) has
 been already used, duplicate ignored
<to be read again> 
                   \relax 
l.3 ...rmance of the stage-3 panel identification}
                                                  ) [33] [34]
(../analysis/output/tables/tab_vcov_sensitivity.tex
pdfTeX warning (ext4): destination with the same identifier (name{table.1}) has
 been already used, duplicate ignored
<to be read again> 
                   \relax 
l.3 ... the college gap to the variance estimator}
                                                  )
(../analysis/output/tables/tab_placebo.tex
pdfTeX warning (ext4): destination with the same identifier (name{table.2}) has
 been already used, duplicate ignored
<to be read again> 
                   \relax 
l.3 ...against placebo windows of the same length}
                                                  ) [35]

pdfTeX warning: pdflatex (file ../analysis/output/figures/fig_decomposition.pdf
): PDF inclusion: found PDF version <1.7>, but at most version <1.5> allowed

pdfTeX warning (ext4): destination with the same identifier (name{figure.1}) ha
s been already used, duplicate ignored
<to be read again> 
                   \relax 
l.1145   occupation.}
                     
pdfTeX warning (ext4): destination with the same identifier (name{figure.1}) ha
s been already used, duplicate ignored
<to be read again> 
                   \relax 
l.1145   occupation.}
                      [36] (../analysis/output/tables/tab_decomp_variants.tex
pdfTeX warning (ext4): destination with the same identifier (name{table.3}) has
 been already used, duplicate ignored
<to be read again> 
                   \relax 
l.3 ...ternative references and on common support}
                                                  ) [37 <../analysis/output/fig
ures/fig_decomposition.pdf>]

pdfTeX warning: pdflatex (file ../analysis/output/figures/fig_by_position.pdf):
 PDF inclusion: found PDF version <1.7>, but at most version <1.5> allowed

pdfTeX warning (ext4): destination with the same identifier (name{figure.2}) ha
s been already used, duplicate ignored
<to be read again> 
                   \relax 
l.1162   different vertical scales.}
                                    
pdfTeX warning (ext4): destination with the same identifier (name{figure.2}) ha
s been already used, duplicate ignored
<to be read again> 
                   \relax 
l.1162   different vertical scales.}
                                     [38]

pdfTeX warning: pdflatex (file ../analysis/output/figures/fig_by_demographics.p
df): PDF inclusion: found PDF version <1.7>, but at most version <1.5> allowed

pdfTeX warning (ext4): destination with the same identifier (name{figure.3}) ha
s been already used, duplicate ignored
<to be read again> 
                   \relax 
l.1171 ...ds. Note the different vertical scales.}
                                                  
pdfTeX warning (ext4): destination with the same identifier (name{figure.3}) ha
s been already used, duplicate ignored
<to be read again> 
                   \relax 
l.1171 ...ds. Note the different vertical scales.}
                                                   [39 <../analysis/output/figu
res/fig_by_position.pdf>] (../analysis/output/tables/tab_ipw.tex
pdfTeX warning (ext4): destination with the same identifier (name{table.4}) has
 been already used, duplicate ignored
<to be read again> 
                   \relax 
l.3 ...er inverse-retention-probability weighting}
                                                  ) [40 <../analysis/output/fig
ures/fig_by_demographics.pdf>]

pdfTeX warning: pdflatex (file ../analysis/output/figures/fig_attrition_frontie
r.pdf): PDF inclusion: found PDF version <1.7>, but at most version <1.5> allow
ed

pdfTeX warning (ext4): destination with the same identifier (name{figure.4}) ha
s been already used, duplicate ignored
<to be read again> 
                   \relax 
l.1193   their own education group.}
                                    
pdfTeX warning (ext4): destination with the same identifier (name{figure.4}) ha
s been already used, duplicate ignored
<to be read again> 
                   \relax 
l.1193   their own education group.}
                                     [41]
(../analysis/output/tables/tab_tipping.tex
pdfTeX warning (ext4): destination with the same identifier (name{table.5}) has
 been already used, duplicate ignored
<to be read again> 
                   \relax 
l.3 ...ould have to depart from missing-at-random}
                                                  ) [42 <../analysis/output/fig
ures/fig_attrition_frontier.pdf>]
(../analysis/output/tables/tab_sample_by_quarter.tex
pdfTeX warning (ext4): destination with the same identifier (name{table.6}) has
 been already used, duplicate ignored
<to be read again> 
                   \relax 
l.3 \caption{Sample composition by quarter}
                                           ) [43] [44] (./paper.aux) )
(see the transcript file for additional information)</usr/local/texlive/2024/te
xmf-dist/fonts/type1/public/lm/lmbx10.pfb></usr/local/texlive/2024/texmf-dist/f
onts/type1/public/lm/lmbx8.pfb></usr/local/texlive/2024/texmf-dist/fonts/type1/
public/lm/lmex10.pfb></usr/local/texlive/2024/texmf-dist/fonts/type1/public/lm/
lmmi10.pfb></usr/local/texlive/2024/texmf-dist/fonts/type1/public/lm/lmmi6.pfb>
</usr/local/texlive/2024/texmf-dist/fonts/type1/public/lm/lmmi7.pfb></usr/local
/texlive/2024/texmf-dist/fonts/type1/public/lm/lmmi8.pfb></usr/local/texlive/20
24/texmf-dist/fonts/type1/public/lm/lmmi9.pfb></usr/local/texlive/2024/texmf-di
st/fonts/type1/public/lm/lmr10.pfb></usr/local/texlive/2024/texmf-dist/fonts/ty
pe1/public/lm/lmr12.pfb></usr/local/texlive/2024/texmf-dist/fonts/type1/public/
lm/lmr6.pfb></usr/local/texlive/2024/texmf-dist/fonts/type1/public/lm/lmr7.pfb>
</usr/local/texlive/2024/texmf-dist/fonts/type1/public/lm/lmr8.pfb></usr/local/
texlive/2024/texmf-dist/fonts/type1/public/lm/lmr9.pfb></usr/local/texlive/2024
/texmf-dist/fonts/type1/public/lm/lmri10.pfb></usr/local/texlive/2024/texmf-dis
t/fonts/type1/public/lm/lmri7.pfb></usr/local/texlive/2024/texmf-dist/fonts/typ
e1/public/lm/lmri8.pfb></usr/local/texlive/2024/texmf-dist/fonts/type1/public/l
m/lmri9.pfb></usr/local/texlive/2024/texmf-dist/fonts/type1/public/lm/lmsy10.pf
b></usr/local/texlive/2024/texmf-dist/fonts/type1/public/lm/lmsy5.pfb></usr/loc
al/texlive/2024/texmf-dist/fonts/type1/public/lm/lmsy6.pfb></usr/local/texlive/
2024/texmf-dist/fonts/type1/public/lm/lmsy7.pfb></usr/local/texlive/2024/texmf-
dist/fonts/type1/public/lm/lmsy8.pfb></usr/local/texlive/2024/texmf-dist/fonts/
type1/public/lm/lmsy9.pfb></usr/local/texlive/2024/texmf-dist/fonts/type1/publi
c/lm/lmtt10.pfb></usr/local/texlive/2024/texmf-dist/fonts/type1/public/lm/lmtt8
.pfb></usr/local/texlive/2024/texmf-dist/fonts/type1/public/amsfonts/symbols/ms
bm10.pfb>
Output written on paper.pdf (44 pages, 693131 bytes).
Transcript written on paper.log.
Latexmk: Getting log file 'paper.log'
Latexmk: Examining 'paper.fls'
Latexmk: Examining 'paper.log'
Latexmk: Found input bbl file 'paper.bbl'
Latexmk: Log file says output to 'paper.pdf'
Latexmk: Found bibliography file(s):
  ./refs.bib
Latexmk: All targets (paper.pdf) are up-to-date

=== 12:27 chain done
